Archive member included to satisfy reference by file (symbol)

/usr/lib/gcc/avr/6.2.0/avr51/libgcc.a(_mulsi3.o)
                              build/task_charge.o (__mulsi3)
/usr/lib/gcc/avr/6.2.0/avr51/libgcc.a(_udivmodqi4.o)
                              build/lcd.o (__udivmodqi4)
/usr/lib/gcc/avr/6.2.0/avr51/libgcc.a(_divmodqi4.o)
                              build/lcd.o (__divmodqi4)
/usr/lib/gcc/avr/6.2.0/avr51/libgcc.a(_udivmodhi4.o)
                              build/lcd.o (__udivmodhi4)
/usr/lib/gcc/avr/6.2.0/avr51/libgcc.a(_divmodhi4.o)
                              build/lcd.o (__divmodhi4)
/usr/lib/gcc/avr/6.2.0/avr51/libgcc.a(_udivmodsi4.o)
                              build/lcd.o (__udivmodsi4)
/usr/lib/gcc/avr/6.2.0/avr51/libgcc.a(_divmodsi4.o)
                              build/lcd.o (__divmodsi4)
/usr/lib/gcc/avr/6.2.0/avr51/libgcc.a(_negsi2.o)
                              /usr/lib/gcc/avr/6.2.0/avr51/libgcc.a(_divmodsi4.o) (__negsi2)
/usr/lib/gcc/avr/6.2.0/avr51/libgcc.a(_exit.o)
                              /usr/lib/gcc/avr/6.2.0/../../../../avr/lib/avr51/crtat90can128.o (exit)
/usr/lib/gcc/avr/6.2.0/avr51/libgcc.a(_tablejump2.o)
                              build/atmel/can_lib.o (__tablejump2__)
/usr/lib/gcc/avr/6.2.0/avr51/libgcc.a(_copy_data.o)
                              build/i2c.o (__do_copy_data)
/usr/lib/gcc/avr/6.2.0/avr51/libgcc.a(_clear_bss.o)
                              build/main.o (__do_clear_bss)
/usr/lib/gcc/avr/6.2.0/avr51/libgcc.a(_muluhisi3.o)
                              /usr/lib/gcc/avr/6.2.0/avr51/libgcc.a(_mulsi3.o) (__muluhisi3)
/usr/lib/gcc/avr/6.2.0/avr51/libgcc.a(_umulhisi3.o)
                              /usr/lib/gcc/avr/6.2.0/avr51/libgcc.a(_muluhisi3.o) (__umulhisi3)
/usr/lib/gcc/avr/6.2.0/../../../../avr/lib/avr51/libm.a(addsf3.o)
                              build/task_i2c.o (__subsf3)
/usr/lib/gcc/avr/6.2.0/../../../../avr/lib/avr51/libm.a(addsf3x.o)
                              /usr/lib/gcc/avr/6.2.0/../../../../avr/lib/avr51/libm.a(addsf3.o) (__addsf3x)
/usr/lib/gcc/avr/6.2.0/../../../../avr/lib/avr51/libm.a(cmpsf2.o)
                              build/lcd.o (__ltsf2)
/usr/lib/gcc/avr/6.2.0/../../../../avr/lib/avr51/libm.a(divsf3.o)
                              build/task_i2c.o (__divsf3)
/usr/lib/gcc/avr/6.2.0/../../../../avr/lib/avr51/libm.a(divsf3x.o)
                              /usr/lib/gcc/avr/6.2.0/../../../../avr/lib/avr51/libm.a(divsf3.o) (__divsf3x)
/usr/lib/gcc/avr/6.2.0/../../../../avr/lib/avr51/libm.a(fixsfsi.o)
                              build/lcd.o (__fixsfsi)
/usr/lib/gcc/avr/6.2.0/../../../../avr/lib/avr51/libm.a(fixunssfsi.o)
                              build/task_i2c.o (__fixunssfsi)
/usr/lib/gcc/avr/6.2.0/../../../../avr/lib/avr51/libm.a(floatsisf.o)
                              build/task_i2c.o (__floatunsisf)
/usr/lib/gcc/avr/6.2.0/../../../../avr/lib/avr51/libm.a(fp_cmp.o)
                              /usr/lib/gcc/avr/6.2.0/../../../../avr/lib/avr51/libm.a(cmpsf2.o) (__fp_cmp)
/usr/lib/gcc/avr/6.2.0/../../../../avr/lib/avr51/libm.a(fp_inf.o)
                              /usr/lib/gcc/avr/6.2.0/../../../../avr/lib/avr51/libm.a(addsf3x.o) (__fp_inf)
/usr/lib/gcc/avr/6.2.0/../../../../avr/lib/avr51/libm.a(fp_nan.o)
                              /usr/lib/gcc/avr/6.2.0/../../../../avr/lib/avr51/libm.a(addsf3x.o) (__fp_nan)
/usr/lib/gcc/avr/6.2.0/../../../../avr/lib/avr51/libm.a(fp_pscA.o)
                              /usr/lib/gcc/avr/6.2.0/../../../../avr/lib/avr51/libm.a(addsf3x.o) (__fp_pscA)
/usr/lib/gcc/avr/6.2.0/../../../../avr/lib/avr51/libm.a(fp_pscB.o)
                              /usr/lib/gcc/avr/6.2.0/../../../../avr/lib/avr51/libm.a(addsf3x.o) (__fp_pscB)
/usr/lib/gcc/avr/6.2.0/../../../../avr/lib/avr51/libm.a(fp_round.o)
                              /usr/lib/gcc/avr/6.2.0/../../../../avr/lib/avr51/libm.a(addsf3.o) (__fp_round)
/usr/lib/gcc/avr/6.2.0/../../../../avr/lib/avr51/libm.a(fp_split3.o)
                              /usr/lib/gcc/avr/6.2.0/../../../../avr/lib/avr51/libm.a(addsf3x.o) (__fp_split3)
/usr/lib/gcc/avr/6.2.0/../../../../avr/lib/avr51/libm.a(fp_zero.o)
                              /usr/lib/gcc/avr/6.2.0/../../../../avr/lib/avr51/libm.a(addsf3x.o) (__fp_zero)
/usr/lib/gcc/avr/6.2.0/../../../../avr/lib/avr51/libm.a(gesf2.o)
                              build/task_charge.o (__gtsf2)
/usr/lib/gcc/avr/6.2.0/../../../../avr/lib/avr51/libm.a(mulsf3.o)
                              build/lcd.o (__mulsf3)
/usr/lib/gcc/avr/6.2.0/../../../../avr/lib/avr51/libm.a(mulsf3x.o)
                              /usr/lib/gcc/avr/6.2.0/../../../../avr/lib/avr51/libm.a(mulsf3.o) (__mulsf3x)
/usr/lib/gcc/avr/6.2.0/../../../../avr/lib/avr51/libc.a(memcpy.o)
                              build/lcd.o (memcpy)
/usr/lib/gcc/avr/6.2.0/../../../../avr/lib/avr51/libc.a(itoa_ncheck.o)
                              build/lcd.o (__itoa_ncheck)
/usr/lib/gcc/avr/6.2.0/../../../../avr/lib/avr51/libc.a(utoa_ncheck.o)
                              /usr/lib/gcc/avr/6.2.0/../../../../avr/lib/avr51/libc.a(itoa_ncheck.o) (__utoa_common)
/usr/lib/gcc/avr/6.2.0/../../../../avr/lib/avr51/libc.a(sprintf.o)
                              build/lcd.o (sprintf)
/usr/lib/gcc/avr/6.2.0/../../../../avr/lib/avr51/libc.a(vfprintf_std.o)
                              /usr/lib/gcc/avr/6.2.0/../../../../avr/lib/avr51/libc.a(sprintf.o) (vfprintf)
/usr/lib/gcc/avr/6.2.0/../../../../avr/lib/avr51/libc.a(strnlen_P.o)
                              /usr/lib/gcc/avr/6.2.0/../../../../avr/lib/avr51/libc.a(vfprintf_std.o) (strnlen_P)
/usr/lib/gcc/avr/6.2.0/../../../../avr/lib/avr51/libc.a(strnlen.o)
                              /usr/lib/gcc/avr/6.2.0/../../../../avr/lib/avr51/libc.a(vfprintf_std.o) (strnlen)
/usr/lib/gcc/avr/6.2.0/../../../../avr/lib/avr51/libc.a(strrev.o)
                              /usr/lib/gcc/avr/6.2.0/../../../../avr/lib/avr51/libc.a(utoa_ncheck.o) (strrev)
/usr/lib/gcc/avr/6.2.0/../../../../avr/lib/avr51/libc.a(fputc.o)
                              /usr/lib/gcc/avr/6.2.0/../../../../avr/lib/avr51/libc.a(vfprintf_std.o) (fputc)
/usr/lib/gcc/avr/6.2.0/../../../../avr/lib/avr51/libc.a(ultoa_invert.o)
                              /usr/lib/gcc/avr/6.2.0/../../../../avr/lib/avr51/libc.a(vfprintf_std.o) (__ultoa_invert)
/usr/lib/gcc/avr/6.2.0/../../../../avr/lib/avr51/libat90can128.a(eerd_byte.o)
                              build/lcd.o (eeprom_read_byte)
/usr/lib/gcc/avr/6.2.0/../../../../avr/lib/avr51/libat90can128.a(eewr_byte.o)
                              build/lcd.o (eeprom_write_byte)

Allocating common symbols
Common symbol       size              file

button_enter        0x1               build/main.o
param_choice        0x1               build/main.o
state_ts            0x14              build/main.o
Pack_State_Strings  0xe               build/main.o
ams_voltage         0x2               build/main.o
cell_status         0x7               build/main.o
pack_SOC            0x1               build/main.o
display_2           0x14              build/main.o
cell_Tslp           0x1c              build/main.o
address             0x4               build/main.o
lcd_flag            0x1               build/main.o
CANADD_PACKINFO1    0x2               build/main.o
ams_temp            0x2               build/main.o
PACK_NUM            0x1               build/main.o
ams_board_addr      0x10              build/main.o
v_select            0x2               build/main.o
pack_current        0x4               build/main.o
can_frame_ctrl      0x2               build/main.o
sloop_state         0x1               build/main.o
CANADD_CELLINFO     0x2               build/main.o
cell_T              0xe               build/main.o
adc_value           0x4               build/main.o
pack_state          0x2               build/main.o
cell_Voff           0xe               build/main.o
display_0           0x14              build/main.o
i                   0x2               build/task_can.o
fault_code          0x1               build/main.o
lcd_active          0x1               build/main.o
bypass_flag         0x1               build/main.o
A_mutex             0x5               build/main.o
off_result          0x5               build/main.o
can_frame           0xd               build/main.o
line0               0x14              build/main.o
flt_cnd             0x5               build/main.o
ams_serial_array    0x40              build/main.o
display_1           0x14              build/main.o
LOW_DET             0x1               build/main.o
sel                 0x1               build/main.o
can_buff            0x8               build/main.o
line1               0x14              build/main.o
next_buff           0x2               build/main.o
prev_pack_SOC       0x1               build/main.o
line3               0x14              build/main.o
pack_voltage        0x2               build/main.o
pack_coulombs       0x4               build/main.o
button_down         0x1               build/main.o
cell                0x1               build/main.o
line2               0x14              build/main.o
slp_result          0x5               build/main.o
ams_board_count     0x1               build/main.o
can_frame_id        0x4               build/main.o
CHRG_DET            0x1               build/main.o
cell_V              0xe               build/main.o
addr_choice         0x2               build/main.o
CANADD_PACKINFO2    0x2               build/main.o
i2c_mutex           0x5               build/i2c.o
curr_buff           0x2               build/main.o
cell_Toff           0xe               build/main.o
shunt_voltage       0x2               build/main.o
button_up           0x1               build/main.o
num_cells           0x1               build/main.o
cell_Vslp           0xe               build/main.o
recent_states       0xa               build/main.o
display_3           0x14              build/main.o

Memory Configuration

Name             Origin             Length             Attributes
text             0x0000000000000000 0x0000000000020000 xr
data             0x0000000000800100 0x000000000000ff00 rw !x
eeprom           0x0000000000810000 0x0000000000010000 rw !x
fuse             0x0000000000820000 0x0000000000000003 rw !x
lock             0x0000000000830000 0x0000000000000400 rw !x
signature        0x0000000000840000 0x0000000000000400 rw !x
user_signatures  0x0000000000850000 0x0000000000000400 rw !x
*default*        0x0000000000000000 0xffffffffffffffff

Linker script and memory map

Address of section .data set to 0x800100
LOAD /usr/lib/gcc/avr/6.2.0/../../../../avr/lib/avr51/crtat90can128.o
LOAD build/main.o
LOAD build/i2c.o
LOAD build/lcd.o
LOAD build/task_button.o
LOAD build/task_i2c.o
LOAD build/task_can.o
LOAD build/task_gui.o
LOAD build/task_watchdog.o
LOAD build/task_charge.o
LOAD build/task_safety.o
LOAD build/task_config.o
LOAD build/task_heartbeat.o
LOAD build/tasklist.o
LOAD build/atomport-asm.o
LOAD build/atomkernel.o
LOAD build/atomsem.o
LOAD build/atommutex.o
LOAD build/atomtimer.o
LOAD build/atomqueue.o
LOAD build/atomport.o
LOAD build/atmel/TWI_Master.o
LOAD build/atmel/can_lib.o
LOAD build/atmel/can_drv.o
START GROUP
LOAD /usr/lib/gcc/avr/6.2.0/avr51/libgcc.a
LOAD /usr/lib/gcc/avr/6.2.0/../../../../avr/lib/avr51/libm.a
LOAD /usr/lib/gcc/avr/6.2.0/../../../../avr/lib/avr51/libc.a
LOAD /usr/lib/gcc/avr/6.2.0/../../../../avr/lib/avr51/libat90can128.a
END GROUP
                0x0000000000020000                __TEXT_REGION_LENGTH__ = DEFINED (__TEXT_REGION_LENGTH__)?__TEXT_REGION_LENGTH__:0x20000
                0x000000000000ff00                __DATA_REGION_LENGTH__ = DEFINED (__DATA_REGION_LENGTH__)?__DATA_REGION_LENGTH__:0xff00
                0x0000000000010000                __EEPROM_REGION_LENGTH__ = DEFINED (__EEPROM_REGION_LENGTH__)?__EEPROM_REGION_LENGTH__:0x10000
                [0x0000000000000003]                __FUSE_REGION_LENGTH__ = DEFINED (__FUSE_REGION_LENGTH__)?__FUSE_REGION_LENGTH__:0x400
                0x0000000000000400                __LOCK_REGION_LENGTH__ = DEFINED (__LOCK_REGION_LENGTH__)?__LOCK_REGION_LENGTH__:0x400
                0x0000000000000400                __SIGNATURE_REGION_LENGTH__ = DEFINED (__SIGNATURE_REGION_LENGTH__)?__SIGNATURE_REGION_LENGTH__:0x400
                0x0000000000000400                __USER_SIGNATURE_REGION_LENGTH__ = DEFINED (__USER_SIGNATURE_REGION_LENGTH__)?__USER_SIGNATURE_REGION_LENGTH__:0x400

.hash
 *(.hash)

.dynsym
 *(.dynsym)

.dynstr
 *(.dynstr)

.gnu.version
 *(.gnu.version)

.gnu.version_d
 *(.gnu.version_d)

.gnu.version_r
 *(.gnu.version_r)

.rel.init
 *(.rel.init)

.rela.init
 *(.rela.init)

.rel.text
 *(.rel.text)
 *(.rel.text.*)
 *(.rel.gnu.linkonce.t*)

.rela.text
 *(.rela.text)
 *(.rela.text.*)
 *(.rela.gnu.linkonce.t*)

.rel.fini
 *(.rel.fini)

.rela.fini
 *(.rela.fini)

.rel.rodata
 *(.rel.rodata)
 *(.rel.rodata.*)
 *(.rel.gnu.linkonce.r*)

.rela.rodata
 *(.rela.rodata)
 *(.rela.rodata.*)
 *(.rela.gnu.linkonce.r*)

.rel.data
 *(.rel.data)
 *(.rel.data.*)
 *(.rel.gnu.linkonce.d*)

.rela.data
 *(.rela.data)
 *(.rela.data.*)
 *(.rela.gnu.linkonce.d*)

.rel.ctors
 *(.rel.ctors)

.rela.ctors
 *(.rela.ctors)

.rel.dtors
 *(.rel.dtors)

.rela.dtors
 *(.rela.dtors)

.rel.got
 *(.rel.got)

.rela.got
 *(.rela.got)

.rel.bss
 *(.rel.bss)

.rela.bss
 *(.rela.bss)

.rel.plt
 *(.rel.plt)

.rela.plt
 *(.rela.plt)

.text           0x0000000000000000     0x650e
 *(.vectors)
 .vectors       0x0000000000000000       0x94 /usr/lib/gcc/avr/6.2.0/../../../../avr/lib/avr51/crtat90can128.o
                0x0000000000000000                __vectors
 *(.vectors)
 *(.progmem.gcc*)
                0x0000000000000094                . = ALIGN (0x2)
                0x0000000000000094                __trampolines_start = .
 *(.trampolines)
 .trampolines   0x0000000000000094        0x0 linker stubs
 *(.trampolines*)
                0x0000000000000094                __trampolines_end = .
 *libprintf_flt.a:*(.progmem.data)
 *libc.a:*(.progmem.data)
 *(.progmem*)
                0x0000000000000094                . = ALIGN (0x2)
 *(.jumptables)
 *(.jumptables*)
 *(.lowtext)
 *(.lowtext*)
                0x0000000000000094                __ctors_start = .
 *(.ctors)
                0x0000000000000094                __ctors_end = .
                0x0000000000000094                __dtors_start = .
 *(.dtors)
                0x0000000000000094                __dtors_end = .
 SORT(*)(.ctors)
 SORT(*)(.dtors)
 *(.init0)
 .init0         0x0000000000000094        0x0 /usr/lib/gcc/avr/6.2.0/../../../../avr/lib/avr51/crtat90can128.o
                0x0000000000000094                __init
 *(.init0)
 *(.init1)
 *(.init1)
 *(.init2)
 .init2         0x0000000000000094        0xc /usr/lib/gcc/avr/6.2.0/../../../../avr/lib/avr51/crtat90can128.o
 *(.init2)
 *(.init3)
 *(.init3)
 *(.init4)
 .init4         0x00000000000000a0       0x1a /usr/lib/gcc/avr/6.2.0/avr51/libgcc.a(_copy_data.o)
                0x00000000000000a0                __do_copy_data
 .init4         0x00000000000000ba       0x10 /usr/lib/gcc/avr/6.2.0/avr51/libgcc.a(_clear_bss.o)
                0x00000000000000ba                __do_clear_bss
 *(.init4)
 *(.init5)
 *(.init5)
 *(.init6)
 *(.init6)
 *(.init7)
 *(.init7)
 *(.init8)
 *(.init8)
 *(.init9)
 .init9         0x00000000000000ca        0x8 /usr/lib/gcc/avr/6.2.0/../../../../avr/lib/avr51/crtat90can128.o
 *(.init9)
 *(.text)
 .text          0x00000000000000d2        0x4 /usr/lib/gcc/avr/6.2.0/../../../../avr/lib/avr51/crtat90can128.o
                0x00000000000000d2                __vector_22
                0x00000000000000d2                __vector_28
                0x00000000000000d2                __vector_1
                0x00000000000000d2                __vector_32
                0x00000000000000d2                __vector_34
                0x00000000000000d2                __vector_24
                0x00000000000000d2                __bad_interrupt
                0x00000000000000d2                __vector_6
                0x00000000000000d2                __vector_31
                0x00000000000000d2                __vector_3
                0x00000000000000d2                __vector_23
                0x00000000000000d2                __vector_30
                0x00000000000000d2                __vector_25
                0x00000000000000d2                __vector_11
                0x00000000000000d2                __vector_13
                0x00000000000000d2                __vector_17
                0x00000000000000d2                __vector_19
                0x00000000000000d2                __vector_7
                0x00000000000000d2                __vector_27
                0x00000000000000d2                __vector_5
                0x00000000000000d2                __vector_33
                0x00000000000000d2                __vector_4
                0x00000000000000d2                __vector_9
                0x00000000000000d2                __vector_2
                0x00000000000000d2                __vector_21
                0x00000000000000d2                __vector_15
                0x00000000000000d2                __vector_36
                0x00000000000000d2                __vector_29
                0x00000000000000d2                __vector_8
                0x00000000000000d2                __vector_26
                0x00000000000000d2                __vector_14
                0x00000000000000d2                __vector_10
                0x00000000000000d2                __vector_16
                0x00000000000000d2                __vector_18
                0x00000000000000d2                __vector_20
 .text          0x00000000000000d6        0x0 build/main.o
 .text          0x00000000000000d6      0x8e2 build/i2c.o
                0x00000000000000d6                get_detect
                0x0000000000000146                adc_init
                0x00000000000001ae                power_init
                0x0000000000000220                select_shunt_voltage
                0x000000000000025c                get_shunt_voltage
                0x00000000000002ca                select_pack_voltage
                0x0000000000000306                get_pack_voltage
                0x0000000000000374                get_adc_current
                0x00000000000003de                current_sensor_on
                0x000000000000041a                current_sensor_off
                0x0000000000000456                lcd_transmit
                0x00000000000004d4                lcd_reset
                0x00000000000004f2                lcd_init
                0x0000000000000568                lcd_off
                0x00000000000005a2                lcd_message
                0x00000000000005ce                ams_reset_bypass
                0x0000000000000608                ams_set_bypass
                0x0000000000000644                ams_magic
                0x00000000000006be                locate_ams_boards
                0x0000000000000716                ams_cell_status
                0x00000000000007f8                ams_cal
                0x0000000000000896                ams_serial
                0x0000000000000928                get_ams_serial
                0x000000000000097e                i2c_init
 .text          0x00000000000009b8     0x1b14 build/lcd.o
                0x00000000000009b8                write_lcd
                0x00000000000009ee                clear_screen
                0x0000000000000a38                display_top
                0x0000000000000f1a                display_cell
                0x00000000000010e4                display_cell_cal
                0x000000000000142a                set_pack_num
                0x000000000000177e                set_num_cells
                0x0000000000001a74                set_config_param
                0x0000000000001c9a                display_error
                0x0000000000001d42                disp_cell_info_screen
                0x0000000000001df6                disp_cell_cal_screen
                0x0000000000001eaa                disp_logged_states_screen
                0x0000000000001f5e                display_logged_states
 .text          0x00000000000024cc       0x4a build/task_button.o
                0x00000000000024cc                task_button_init
                0x00000000000024da                task_button
 .text          0x0000000000002516      0x584 build/task_i2c.o
                0x0000000000002516                bypass_selection
                0x000000000000269e                task_i2c
 .text          0x0000000000002a9a      0x372 build/task_can.o
                0x0000000000002a9a                task_can_init
                0x0000000000002b26                task_can
 .text          0x0000000000002e0c      0x1f2 build/task_gui.o
                0x0000000000002e0c                task_gui_init
                0x0000000000002e10                task_gui
 .text          0x0000000000002ffe       0x20 build/task_watchdog.o
                0x0000000000002ffe                task_watchdog
 .text          0x000000000000301e      0x2b6 build/task_charge.o
                0x000000000000301e                task_charge_init
                0x0000000000003046                read_SOC
                0x000000000000307e                save_SOC
                0x00000000000030a0                task_charge
 .text          0x00000000000032d4       0x3c build/task_safety.o
                0x00000000000032d4                safety_init
                0x00000000000032e2                task_safety
 .text          0x0000000000003310      0x554 build/task_config.o
                0x0000000000003310                task_config
 .text          0x0000000000003864       0x3c build/task_heartbeat.o
                0x0000000000003864                heartbeat_init
                0x000000000000386c                task_heartbeat
 .text          0x00000000000038a0       0x5e build/tasklist.o
                0x00000000000038a0                atomThreadStartAll
 .text          0x00000000000038fe       0x94 build/atomport-asm.o
                0x00000000000038fe                archContextSwitch
                0x0000000000003960                archFirstThreadRestore
 .text          0x0000000000003992      0x376 build/atomkernel.o
                0x0000000000003994                atomIntEnter
                0x00000000000039a8                atomCurrentContext
                0x00000000000039c4                tcbEnqueuePriority
                0x0000000000003a58                tcbDequeueHead
                0x0000000000003a96                tcbDequeueEntry
                0x0000000000003b12                tcbDequeuePriority
                0x0000000000003b52                atomSched
                0x0000000000003be0                atomThreadCreate
                0x0000000000003c7e                atomOSInit
                0x0000000000003cce                atomIntExit
                0x0000000000003ce6                atomOSStart
 .text          0x0000000000003d08      0x27c build/atomsem.o
                0x0000000000003d44                atomSemCreate
                0x0000000000003d58                atomSemDelete
                0x0000000000003de4                atomSemGet
                0x0000000000003eea                atomSemPut
                0x0000000000003f74                atomSemResetCount
 .text          0x0000000000003f84      0x2c0 build/atommutex.o
                0x0000000000003fc0                atomMutexCreate
                0x0000000000003fd8                atomMutexDelete
                0x0000000000004064                atomMutexGet
                0x0000000000004194                atomMutexPut
 .text          0x0000000000004244      0x228 build/atomtimer.o
                0x0000000000004262                atomTimerRegister
                0x00000000000042ac                atomTimerCancel
                0x0000000000004300                atomTimeGet
                0x0000000000004312                atomTimeSet
                0x0000000000004324                atomTimerTick
                0x00000000000043cc                atomTimerDelay
 .text          0x000000000000446c      0x5c4 build/atomqueue.o
                0x000000000000464c                atomQueueCreate
                0x00000000000046b8                atomQueueDelete
                0x0000000000004762                atomQueueGet
                0x00000000000048cc                atomQueuePut
 .text          0x0000000000004a30      0x110 build/atomport.o
                0x0000000000004a58                archThreadContextInit
                0x0000000000004ab8                avrInitSystemTickTimer
                0x0000000000004ad2                __vector_12
                0x0000000000004b2c                __vector_default
 .text          0x0000000000004b40      0x198 build/atmel/TWI_Master.o
                0x0000000000004b40                TWI_Master_Initialise
                0x0000000000004b54                TWI_Transceiver_Busy
                0x0000000000004b5c                TWI_Get_State_Info
                0x0000000000004b6a                TWI_Start_Transceiver_With_Data
                0x0000000000004baa                TWI_Start_Transceiver
                0x0000000000004bc4                TWI_Get_Data_From_Transceiver
                0x0000000000004bf2                __vector_35
 .text          0x0000000000004cd8      0xade build/atmel/can_lib.o
                0x0000000000004cd8                can_init
                0x0000000000004cf2                can_cmd
                0x00000000000056a8                can_get_status
 .text          0x00000000000057b6       0xb8 build/atmel/can_drv.o
                0x00000000000057b6                can_clear_all_mob
                0x00000000000057d0                can_get_mob_free
                0x00000000000057fa                can_get_mob_status
                0x0000000000005820                can_get_data
                0x0000000000005848                can_fixed_baudrate
                0x0000000000005864                Max
 .text          0x000000000000586e        0x0 /usr/lib/gcc/avr/6.2.0/avr51/libgcc.a(_mulsi3.o)
 .text          0x000000000000586e        0x0 /usr/lib/gcc/avr/6.2.0/avr51/libgcc.a(_udivmodqi4.o)
 .text          0x000000000000586e        0x0 /usr/lib/gcc/avr/6.2.0/avr51/libgcc.a(_divmodqi4.o)
 .text          0x000000000000586e        0x0 /usr/lib/gcc/avr/6.2.0/avr51/libgcc.a(_udivmodhi4.o)
 .text          0x000000000000586e        0x0 /usr/lib/gcc/avr/6.2.0/avr51/libgcc.a(_divmodhi4.o)
 .text          0x000000000000586e        0x0 /usr/lib/gcc/avr/6.2.0/avr51/libgcc.a(_udivmodsi4.o)
 .text          0x000000000000586e        0x0 /usr/lib/gcc/avr/6.2.0/avr51/libgcc.a(_divmodsi4.o)
 .text          0x000000000000586e        0x0 /usr/lib/gcc/avr/6.2.0/avr51/libgcc.a(_negsi2.o)
 .text          0x000000000000586e        0x0 /usr/lib/gcc/avr/6.2.0/avr51/libgcc.a(_exit.o)
 .text          0x000000000000586e        0x0 /usr/lib/gcc/avr/6.2.0/avr51/libgcc.a(_tablejump2.o)
 .text          0x000000000000586e        0x0 /usr/lib/gcc/avr/6.2.0/avr51/libgcc.a(_copy_data.o)
 .text          0x000000000000586e        0x0 /usr/lib/gcc/avr/6.2.0/avr51/libgcc.a(_clear_bss.o)
 .text          0x000000000000586e        0x0 /usr/lib/gcc/avr/6.2.0/avr51/libgcc.a(_muluhisi3.o)
 .text          0x000000000000586e        0x0 /usr/lib/gcc/avr/6.2.0/avr51/libgcc.a(_umulhisi3.o)
 .text          0x000000000000586e        0x0 /usr/lib/gcc/avr/6.2.0/../../../../avr/lib/avr51/libm.a(addsf3.o)
 .text          0x000000000000586e        0x0 /usr/lib/gcc/avr/6.2.0/../../../../avr/lib/avr51/libm.a(addsf3x.o)
 .text          0x000000000000586e        0x0 /usr/lib/gcc/avr/6.2.0/../../../../avr/lib/avr51/libm.a(cmpsf2.o)
 .text          0x000000000000586e        0x0 /usr/lib/gcc/avr/6.2.0/../../../../avr/lib/avr51/libm.a(divsf3.o)
 .text          0x000000000000586e        0x0 /usr/lib/gcc/avr/6.2.0/../../../../avr/lib/avr51/libm.a(divsf3x.o)
 .text          0x000000000000586e        0x0 /usr/lib/gcc/avr/6.2.0/../../../../avr/lib/avr51/libm.a(fixsfsi.o)
 .text          0x000000000000586e        0x0 /usr/lib/gcc/avr/6.2.0/../../../../avr/lib/avr51/libm.a(fixunssfsi.o)
 .text          0x000000000000586e        0x0 /usr/lib/gcc/avr/6.2.0/../../../../avr/lib/avr51/libm.a(floatsisf.o)
 .text          0x000000000000586e        0x0 /usr/lib/gcc/avr/6.2.0/../../../../avr/lib/avr51/libm.a(fp_cmp.o)
 .text          0x000000000000586e        0x0 /usr/lib/gcc/avr/6.2.0/../../../../avr/lib/avr51/libm.a(fp_inf.o)
 .text          0x000000000000586e        0x0 /usr/lib/gcc/avr/6.2.0/../../../../avr/lib/avr51/libm.a(fp_nan.o)
 .text          0x000000000000586e        0x0 /usr/lib/gcc/avr/6.2.0/../../../../avr/lib/avr51/libm.a(fp_pscA.o)
 .text          0x000000000000586e        0x0 /usr/lib/gcc/avr/6.2.0/../../../../avr/lib/avr51/libm.a(fp_pscB.o)
 .text          0x000000000000586e        0x0 /usr/lib/gcc/avr/6.2.0/../../../../avr/lib/avr51/libm.a(fp_round.o)
 .text          0x000000000000586e        0x0 /usr/lib/gcc/avr/6.2.0/../../../../avr/lib/avr51/libm.a(fp_split3.o)
 .text          0x000000000000586e        0x0 /usr/lib/gcc/avr/6.2.0/../../../../avr/lib/avr51/libm.a(fp_zero.o)
 .text          0x000000000000586e        0x0 /usr/lib/gcc/avr/6.2.0/../../../../avr/lib/avr51/libm.a(gesf2.o)
 .text          0x000000000000586e        0x0 /usr/lib/gcc/avr/6.2.0/../../../../avr/lib/avr51/libm.a(mulsf3.o)
 .text          0x000000000000586e        0x0 /usr/lib/gcc/avr/6.2.0/../../../../avr/lib/avr51/libm.a(mulsf3x.o)
 .text          0x000000000000586e        0x0 /usr/lib/gcc/avr/6.2.0/../../../../avr/lib/avr51/libc.a(memcpy.o)
 .text          0x000000000000586e        0x0 /usr/lib/gcc/avr/6.2.0/../../../../avr/lib/avr51/libc.a(itoa_ncheck.o)
 .text          0x000000000000586e        0x0 /usr/lib/gcc/avr/6.2.0/../../../../avr/lib/avr51/libc.a(utoa_ncheck.o)
 .text          0x000000000000586e        0x0 /usr/lib/gcc/avr/6.2.0/../../../../avr/lib/avr51/libc.a(sprintf.o)
 .text          0x000000000000586e        0x0 /usr/lib/gcc/avr/6.2.0/../../../../avr/lib/avr51/libc.a(vfprintf_std.o)
 .text          0x000000000000586e        0x0 /usr/lib/gcc/avr/6.2.0/../../../../avr/lib/avr51/libc.a(strnlen_P.o)
 .text          0x000000000000586e        0x0 /usr/lib/gcc/avr/6.2.0/../../../../avr/lib/avr51/libc.a(strnlen.o)
 .text          0x000000000000586e        0x0 /usr/lib/gcc/avr/6.2.0/../../../../avr/lib/avr51/libc.a(strrev.o)
 .text          0x000000000000586e        0x0 /usr/lib/gcc/avr/6.2.0/../../../../avr/lib/avr51/libc.a(fputc.o)
 .text          0x000000000000586e        0x0 /usr/lib/gcc/avr/6.2.0/../../../../avr/lib/avr51/libc.a(ultoa_invert.o)
 .text          0x000000000000586e        0x0 /usr/lib/gcc/avr/6.2.0/../../../../avr/lib/avr51/libat90can128.a(eerd_byte.o)
 .text          0x000000000000586e        0x0 /usr/lib/gcc/avr/6.2.0/../../../../avr/lib/avr51/libat90can128.a(eewr_byte.o)
                0x000000000000586e                . = ALIGN (0x2)
 *(.text.*)
 .text.startup  0x000000000000586e       0x3c build/main.o
                0x000000000000586e                main
 .text.libgcc.mul
                0x00000000000058aa       0x20 /usr/lib/gcc/avr/6.2.0/avr51/libgcc.a(_mulsi3.o)
                0x00000000000058aa                __mulsi3
 .text.libgcc.div
                0x00000000000058ca        0x0 /usr/lib/gcc/avr/6.2.0/avr51/libgcc.a(_mulsi3.o)
 .text.libgcc   0x00000000000058ca        0x0 /usr/lib/gcc/avr/6.2.0/avr51/libgcc.a(_mulsi3.o)
 .text.libgcc.prologue
                0x00000000000058ca        0x0 /usr/lib/gcc/avr/6.2.0/avr51/libgcc.a(_mulsi3.o)
 .text.libgcc.builtins
                0x00000000000058ca        0x0 /usr/lib/gcc/avr/6.2.0/avr51/libgcc.a(_mulsi3.o)
 .text.libgcc.fmul
                0x00000000000058ca        0x0 /usr/lib/gcc/avr/6.2.0/avr51/libgcc.a(_mulsi3.o)
 .text.libgcc.fixed
                0x00000000000058ca        0x0 /usr/lib/gcc/avr/6.2.0/avr51/libgcc.a(_mulsi3.o)
 .text.libgcc.mul
                0x00000000000058ca        0x0 /usr/lib/gcc/avr/6.2.0/avr51/libgcc.a(_udivmodqi4.o)
 .text.libgcc.div
                0x00000000000058ca       0x18 /usr/lib/gcc/avr/6.2.0/avr51/libgcc.a(_udivmodqi4.o)
                0x00000000000058ca                __udivmodqi4
 .text.libgcc   0x00000000000058e2        0x0 /usr/lib/gcc/avr/6.2.0/avr51/libgcc.a(_udivmodqi4.o)
 .text.libgcc.prologue
                0x00000000000058e2        0x0 /usr/lib/gcc/avr/6.2.0/avr51/libgcc.a(_udivmodqi4.o)
 .text.libgcc.builtins
                0x00000000000058e2        0x0 /usr/lib/gcc/avr/6.2.0/avr51/libgcc.a(_udivmodqi4.o)
 .text.libgcc.fmul
                0x00000000000058e2        0x0 /usr/lib/gcc/avr/6.2.0/avr51/libgcc.a(_udivmodqi4.o)
 .text.libgcc.fixed
                0x00000000000058e2        0x0 /usr/lib/gcc/avr/6.2.0/avr51/libgcc.a(_udivmodqi4.o)
 .text.libgcc.mul
                0x00000000000058e2        0x0 /usr/lib/gcc/avr/6.2.0/avr51/libgcc.a(_divmodqi4.o)
 .text.libgcc.div
                0x00000000000058e2       0x1c /usr/lib/gcc/avr/6.2.0/avr51/libgcc.a(_divmodqi4.o)
                0x00000000000058e2                __divmodqi4
 .text.libgcc   0x00000000000058fe        0x0 /usr/lib/gcc/avr/6.2.0/avr51/libgcc.a(_divmodqi4.o)
 .text.libgcc.prologue
                0x00000000000058fe        0x0 /usr/lib/gcc/avr/6.2.0/avr51/libgcc.a(_divmodqi4.o)
 .text.libgcc.builtins
                0x00000000000058fe        0x0 /usr/lib/gcc/avr/6.2.0/avr51/libgcc.a(_divmodqi4.o)
 .text.libgcc.fmul
                0x00000000000058fe        0x0 /usr/lib/gcc/avr/6.2.0/avr51/libgcc.a(_divmodqi4.o)
 .text.libgcc.fixed
                0x00000000000058fe        0x0 /usr/lib/gcc/avr/6.2.0/avr51/libgcc.a(_divmodqi4.o)
 .text.libgcc.mul
                0x00000000000058fe        0x0 /usr/lib/gcc/avr/6.2.0/avr51/libgcc.a(_udivmodhi4.o)
 .text.libgcc.div
                0x00000000000058fe       0x28 /usr/lib/gcc/avr/6.2.0/avr51/libgcc.a(_udivmodhi4.o)
                0x00000000000058fe                __udivmodhi4
 .text.libgcc   0x0000000000005926        0x0 /usr/lib/gcc/avr/6.2.0/avr51/libgcc.a(_udivmodhi4.o)
 .text.libgcc.prologue
                0x0000000000005926        0x0 /usr/lib/gcc/avr/6.2.0/avr51/libgcc.a(_udivmodhi4.o)
 .text.libgcc.builtins
                0x0000000000005926        0x0 /usr/lib/gcc/avr/6.2.0/avr51/libgcc.a(_udivmodhi4.o)
 .text.libgcc.fmul
                0x0000000000005926        0x0 /usr/lib/gcc/avr/6.2.0/avr51/libgcc.a(_udivmodhi4.o)
 .text.libgcc.fixed
                0x0000000000005926        0x0 /usr/lib/gcc/avr/6.2.0/avr51/libgcc.a(_udivmodhi4.o)
 .text.libgcc.mul
                0x0000000000005926        0x0 /usr/lib/gcc/avr/6.2.0/avr51/libgcc.a(_divmodhi4.o)
 .text.libgcc.div
                0x0000000000005926       0x28 /usr/lib/gcc/avr/6.2.0/avr51/libgcc.a(_divmodhi4.o)
                0x0000000000005926                __divmodhi4
                0x0000000000005926                _div
 .text.libgcc   0x000000000000594e        0x0 /usr/lib/gcc/avr/6.2.0/avr51/libgcc.a(_divmodhi4.o)
 .text.libgcc.prologue
                0x000000000000594e        0x0 /usr/lib/gcc/avr/6.2.0/avr51/libgcc.a(_divmodhi4.o)
 .text.libgcc.builtins
                0x000000000000594e        0x0 /usr/lib/gcc/avr/6.2.0/avr51/libgcc.a(_divmodhi4.o)
 .text.libgcc.fmul
                0x000000000000594e        0x0 /usr/lib/gcc/avr/6.2.0/avr51/libgcc.a(_divmodhi4.o)
 .text.libgcc.fixed
                0x000000000000594e        0x0 /usr/lib/gcc/avr/6.2.0/avr51/libgcc.a(_divmodhi4.o)
 .text.libgcc.mul
                0x000000000000594e        0x0 /usr/lib/gcc/avr/6.2.0/avr51/libgcc.a(_udivmodsi4.o)
 .text.libgcc.div
                0x000000000000594e       0x44 /usr/lib/gcc/avr/6.2.0/avr51/libgcc.a(_udivmodsi4.o)
                0x000000000000594e                __udivmodsi4
 .text.libgcc   0x0000000000005992        0x0 /usr/lib/gcc/avr/6.2.0/avr51/libgcc.a(_udivmodsi4.o)
 .text.libgcc.prologue
                0x0000000000005992        0x0 /usr/lib/gcc/avr/6.2.0/avr51/libgcc.a(_udivmodsi4.o)
 .text.libgcc.builtins
                0x0000000000005992        0x0 /usr/lib/gcc/avr/6.2.0/avr51/libgcc.a(_udivmodsi4.o)
 .text.libgcc.fmul
                0x0000000000005992        0x0 /usr/lib/gcc/avr/6.2.0/avr51/libgcc.a(_udivmodsi4.o)
 .text.libgcc.fixed
                0x0000000000005992        0x0 /usr/lib/gcc/avr/6.2.0/avr51/libgcc.a(_udivmodsi4.o)
 .text.libgcc.mul
                0x0000000000005992        0x0 /usr/lib/gcc/avr/6.2.0/avr51/libgcc.a(_divmodsi4.o)
 .text.libgcc.div
                0x0000000000005992       0x2e /usr/lib/gcc/avr/6.2.0/avr51/libgcc.a(_divmodsi4.o)
                0x0000000000005992                __divmodsi4
 .text.libgcc   0x00000000000059c0        0x0 /usr/lib/gcc/avr/6.2.0/avr51/libgcc.a(_divmodsi4.o)
 .text.libgcc.prologue
                0x00000000000059c0        0x0 /usr/lib/gcc/avr/6.2.0/avr51/libgcc.a(_divmodsi4.o)
 .text.libgcc.builtins
                0x00000000000059c0        0x0 /usr/lib/gcc/avr/6.2.0/avr51/libgcc.a(_divmodsi4.o)
 .text.libgcc.fmul
                0x00000000000059c0        0x0 /usr/lib/gcc/avr/6.2.0/avr51/libgcc.a(_divmodsi4.o)
 .text.libgcc.fixed
                0x00000000000059c0        0x0 /usr/lib/gcc/avr/6.2.0/avr51/libgcc.a(_divmodsi4.o)
 .text.libgcc.mul
                0x00000000000059c0        0x0 /usr/lib/gcc/avr/6.2.0/avr51/libgcc.a(_negsi2.o)
 .text.libgcc.div
                0x00000000000059c0       0x10 /usr/lib/gcc/avr/6.2.0/avr51/libgcc.a(_negsi2.o)
                0x00000000000059c0                __negsi2
 .text.libgcc   0x00000000000059d0        0x0 /usr/lib/gcc/avr/6.2.0/avr51/libgcc.a(_negsi2.o)
 .text.libgcc.prologue
                0x00000000000059d0        0x0 /usr/lib/gcc/avr/6.2.0/avr51/libgcc.a(_negsi2.o)
 .text.libgcc.builtins
                0x00000000000059d0        0x0 /usr/lib/gcc/avr/6.2.0/avr51/libgcc.a(_negsi2.o)
 .text.libgcc.fmul
                0x00000000000059d0        0x0 /usr/lib/gcc/avr/6.2.0/avr51/libgcc.a(_negsi2.o)
 .text.libgcc.fixed
                0x00000000000059d0        0x0 /usr/lib/gcc/avr/6.2.0/avr51/libgcc.a(_negsi2.o)
 .text.libgcc.mul
                0x00000000000059d0        0x0 /usr/lib/gcc/avr/6.2.0/avr51/libgcc.a(_exit.o)
 .text.libgcc.div
                0x00000000000059d0        0x0 /usr/lib/gcc/avr/6.2.0/avr51/libgcc.a(_exit.o)
 .text.libgcc   0x00000000000059d0        0x0 /usr/lib/gcc/avr/6.2.0/avr51/libgcc.a(_exit.o)
 .text.libgcc.prologue
                0x00000000000059d0        0x0 /usr/lib/gcc/avr/6.2.0/avr51/libgcc.a(_exit.o)
 .text.libgcc.builtins
                0x00000000000059d0        0x0 /usr/lib/gcc/avr/6.2.0/avr51/libgcc.a(_exit.o)
 .text.libgcc.fmul
                0x00000000000059d0        0x0 /usr/lib/gcc/avr/6.2.0/avr51/libgcc.a(_exit.o)
 .text.libgcc.fixed
                0x00000000000059d0        0x0 /usr/lib/gcc/avr/6.2.0/avr51/libgcc.a(_exit.o)
 .text.libgcc.mul
                0x00000000000059d0        0x0 /usr/lib/gcc/avr/6.2.0/avr51/libgcc.a(_tablejump2.o)
 .text.libgcc.div
                0x00000000000059d0        0x0 /usr/lib/gcc/avr/6.2.0/avr51/libgcc.a(_tablejump2.o)
 .text.libgcc   0x00000000000059d0       0x12 /usr/lib/gcc/avr/6.2.0/avr51/libgcc.a(_tablejump2.o)
                0x00000000000059d0                __tablejump2__
 .text.libgcc.prologue
                0x00000000000059e2        0x0 /usr/lib/gcc/avr/6.2.0/avr51/libgcc.a(_tablejump2.o)
 .text.libgcc.builtins
                0x00000000000059e2        0x0 /usr/lib/gcc/avr/6.2.0/avr51/libgcc.a(_tablejump2.o)
 .text.libgcc.fmul
                0x00000000000059e2        0x0 /usr/lib/gcc/avr/6.2.0/avr51/libgcc.a(_tablejump2.o)
 .text.libgcc.fixed
                0x00000000000059e2        0x0 /usr/lib/gcc/avr/6.2.0/avr51/libgcc.a(_tablejump2.o)
 .text.libgcc.mul
                0x00000000000059e2        0x0 /usr/lib/gcc/avr/6.2.0/avr51/libgcc.a(_copy_data.o)
 .text.libgcc.div
                0x00000000000059e2        0x0 /usr/lib/gcc/avr/6.2.0/avr51/libgcc.a(_copy_data.o)
 .text.libgcc   0x00000000000059e2        0x0 /usr/lib/gcc/avr/6.2.0/avr51/libgcc.a(_copy_data.o)
 .text.libgcc.prologue
                0x00000000000059e2        0x0 /usr/lib/gcc/avr/6.2.0/avr51/libgcc.a(_copy_data.o)
 .text.libgcc.builtins
                0x00000000000059e2        0x0 /usr/lib/gcc/avr/6.2.0/avr51/libgcc.a(_copy_data.o)
 .text.libgcc.fmul
                0x00000000000059e2        0x0 /usr/lib/gcc/avr/6.2.0/avr51/libgcc.a(_copy_data.o)
 .text.libgcc.fixed
                0x00000000000059e2        0x0 /usr/lib/gcc/avr/6.2.0/avr51/libgcc.a(_copy_data.o)
 .text.libgcc.mul
                0x00000000000059e2        0x0 /usr/lib/gcc/avr/6.2.0/avr51/libgcc.a(_clear_bss.o)
 .text.libgcc.div
                0x00000000000059e2        0x0 /usr/lib/gcc/avr/6.2.0/avr51/libgcc.a(_clear_bss.o)
 .text.libgcc   0x00000000000059e2        0x0 /usr/lib/gcc/avr/6.2.0/avr51/libgcc.a(_clear_bss.o)
 .text.libgcc.prologue
                0x00000000000059e2        0x0 /usr/lib/gcc/avr/6.2.0/avr51/libgcc.a(_clear_bss.o)
 .text.libgcc.builtins
                0x00000000000059e2        0x0 /usr/lib/gcc/avr/6.2.0/avr51/libgcc.a(_clear_bss.o)
 .text.libgcc.fmul
                0x00000000000059e2        0x0 /usr/lib/gcc/avr/6.2.0/avr51/libgcc.a(_clear_bss.o)
 .text.libgcc.fixed
                0x00000000000059e2        0x0 /usr/lib/gcc/avr/6.2.0/avr51/libgcc.a(_clear_bss.o)
 .text.libgcc.mul
                0x00000000000059e2       0x16 /usr/lib/gcc/avr/6.2.0/avr51/libgcc.a(_muluhisi3.o)
                0x00000000000059e2                __muluhisi3
 .text.libgcc.div
                0x00000000000059f8        0x0 /usr/lib/gcc/avr/6.2.0/avr51/libgcc.a(_muluhisi3.o)
 .text.libgcc   0x00000000000059f8        0x0 /usr/lib/gcc/avr/6.2.0/avr51/libgcc.a(_muluhisi3.o)
 .text.libgcc.prologue
                0x00000000000059f8        0x0 /usr/lib/gcc/avr/6.2.0/avr51/libgcc.a(_muluhisi3.o)
 .text.libgcc.builtins
                0x00000000000059f8        0x0 /usr/lib/gcc/avr/6.2.0/avr51/libgcc.a(_muluhisi3.o)
 .text.libgcc.fmul
                0x00000000000059f8        0x0 /usr/lib/gcc/avr/6.2.0/avr51/libgcc.a(_muluhisi3.o)
 .text.libgcc.fixed
                0x00000000000059f8        0x0 /usr/lib/gcc/avr/6.2.0/avr51/libgcc.a(_muluhisi3.o)
 .text.libgcc.mul
                0x00000000000059f8       0x1e /usr/lib/gcc/avr/6.2.0/avr51/libgcc.a(_umulhisi3.o)
                0x00000000000059f8                __umulhisi3
 .text.libgcc.div
                0x0000000000005a16        0x0 /usr/lib/gcc/avr/6.2.0/avr51/libgcc.a(_umulhisi3.o)
 .text.libgcc   0x0000000000005a16        0x0 /usr/lib/gcc/avr/6.2.0/avr51/libgcc.a(_umulhisi3.o)
 .text.libgcc.prologue
                0x0000000000005a16        0x0 /usr/lib/gcc/avr/6.2.0/avr51/libgcc.a(_umulhisi3.o)
 .text.libgcc.builtins
                0x0000000000005a16        0x0 /usr/lib/gcc/avr/6.2.0/avr51/libgcc.a(_umulhisi3.o)
 .text.libgcc.fmul
                0x0000000000005a16        0x0 /usr/lib/gcc/avr/6.2.0/avr51/libgcc.a(_umulhisi3.o)
 .text.libgcc.fixed
                0x0000000000005a16        0x0 /usr/lib/gcc/avr/6.2.0/avr51/libgcc.a(_umulhisi3.o)
 .text.avr-libc.fplib
                0x0000000000005a16        0xe /usr/lib/gcc/avr/6.2.0/../../../../avr/lib/avr51/libm.a(addsf3.o)
                0x0000000000005a16                __subsf3
                0x0000000000005a18                __addsf3
 .text.avr-libc.fplib
                0x0000000000005a24       0xcc /usr/lib/gcc/avr/6.2.0/../../../../avr/lib/avr51/libm.a(addsf3x.o)
                0x0000000000005a46                __addsf3x
 .text.avr-libc.fplib
                0x0000000000005af0        0xa /usr/lib/gcc/avr/6.2.0/../../../../avr/lib/avr51/libm.a(cmpsf2.o)
                0x0000000000005af0                __lesf2
                0x0000000000005af0                __nesf2
                0x0000000000005af0                __eqsf2
                0x0000000000005af0                __cmpsf2
                0x0000000000005af0                __ltsf2
 .text.avr-libc.fplib
                0x0000000000005afa        0x8 /usr/lib/gcc/avr/6.2.0/../../../../avr/lib/avr51/libm.a(divsf3.o)
                0x0000000000005afa                __divsf3
 .text.avr-libc.fplib
                0x0000000000005b02       0xdc /usr/lib/gcc/avr/6.2.0/../../../../avr/lib/avr51/libm.a(divsf3x.o)
                0x0000000000005b22                __divsf3x
                0x0000000000005b28                __divsf3_pse
 .text.avr-libc.fplib
                0x0000000000005bde        0xe /usr/lib/gcc/avr/6.2.0/../../../../avr/lib/avr51/libm.a(fixsfsi.o)
                0x0000000000005bde                __fixsfsi
 .text.avr-libc.fplib
                0x0000000000005bec       0x5e /usr/lib/gcc/avr/6.2.0/../../../../avr/lib/avr51/libm.a(fixunssfsi.o)
                0x0000000000005bec                __fixunssfsi
 .text.avr-libc.fplib
                0x0000000000005c4a       0x7a /usr/lib/gcc/avr/6.2.0/../../../../avr/lib/avr51/libm.a(floatsisf.o)
                0x0000000000005c4a                __floatunsisf
                0x0000000000005c4e                __floatsisf
 .text.avr-libc.fplib
                0x0000000000005cc4       0x48 /usr/lib/gcc/avr/6.2.0/../../../../avr/lib/avr51/libm.a(fp_cmp.o)
                0x0000000000005cc4                __fp_cmp
 .text.avr-libc.fplib
                0x0000000000005d0c        0xc /usr/lib/gcc/avr/6.2.0/../../../../avr/lib/avr51/libm.a(fp_inf.o)
                0x0000000000005d0c                __fp_inf
 .text.avr-libc.fplib
                0x0000000000005d18        0x6 /usr/lib/gcc/avr/6.2.0/../../../../avr/lib/avr51/libm.a(fp_nan.o)
                0x0000000000005d18                __fp_nan
 .text.avr-libc.fplib
                0x0000000000005d1e        0xe /usr/lib/gcc/avr/6.2.0/../../../../avr/lib/avr51/libm.a(fp_pscA.o)
                0x0000000000005d1e                __fp_pscA
 .text.avr-libc.fplib
                0x0000000000005d2c        0xe /usr/lib/gcc/avr/6.2.0/../../../../avr/lib/avr51/libm.a(fp_pscB.o)
                0x0000000000005d2c                __fp_pscB
 .text.avr-libc.fplib
                0x0000000000005d3a       0x22 /usr/lib/gcc/avr/6.2.0/../../../../avr/lib/avr51/libm.a(fp_round.o)
                0x0000000000005d3a                __fp_round
 .text.avr-libc.fplib
                0x0000000000005d5c       0x44 /usr/lib/gcc/avr/6.2.0/../../../../avr/lib/avr51/libm.a(fp_split3.o)
                0x0000000000005d5c                __fp_split3
                0x0000000000005d6c                __fp_splitA
 .text.avr-libc.fplib
                0x0000000000005da0        0xe /usr/lib/gcc/avr/6.2.0/../../../../avr/lib/avr51/libm.a(fp_zero.o)
                0x0000000000005da0                __fp_zero
                0x0000000000005da2                __fp_szero
 .text.avr-libc.fplib
                0x0000000000005dae        0xa /usr/lib/gcc/avr/6.2.0/../../../../avr/lib/avr51/libm.a(gesf2.o)
                0x0000000000005dae                __gtsf2
                0x0000000000005dae                __gesf2
 .text.avr-libc.fplib
                0x0000000000005db8        0x8 /usr/lib/gcc/avr/6.2.0/../../../../avr/lib/avr51/libm.a(mulsf3.o)
                0x0000000000005db8                __mulsf3
 .text.avr-libc.fplib
                0x0000000000005dc0       0xd2 /usr/lib/gcc/avr/6.2.0/../../../../avr/lib/avr51/libm.a(mulsf3x.o)
                0x0000000000005dde                __mulsf3x
                0x0000000000005de4                __mulsf3_pse
 .text.avr-libc
                0x0000000000005e92       0x12 /usr/lib/gcc/avr/6.2.0/../../../../avr/lib/avr51/libc.a(memcpy.o)
                0x0000000000005e92                memcpy
 .text.avr-libc
                0x0000000000005ea4       0x16 /usr/lib/gcc/avr/6.2.0/../../../../avr/lib/avr51/libc.a(itoa_ncheck.o)
                0x0000000000005ea4                __itoa_ncheck
 .text.avr-libc
                0x0000000000005eba       0x34 /usr/lib/gcc/avr/6.2.0/../../../../avr/lib/avr51/libc.a(utoa_ncheck.o)
                0x0000000000005eba                __utoa_ncheck
                0x0000000000005ebc                __utoa_common
 .text.avr-libc
                0x0000000000005eee       0x60 /usr/lib/gcc/avr/6.2.0/../../../../avr/lib/avr51/libc.a(sprintf.o)
                0x0000000000005eee                sprintf
 .text.avr-libc
                0x0000000000005f4e      0x42a /usr/lib/gcc/avr/6.2.0/../../../../avr/lib/avr51/libc.a(vfprintf_std.o)
                0x0000000000005f4e                vfprintf
 .text.avr-libc
                0x0000000000006378       0x16 /usr/lib/gcc/avr/6.2.0/../../../../avr/lib/avr51/libc.a(strnlen_P.o)
                0x0000000000006378                strnlen_P
 .text.avr-libc
                0x000000000000638e       0x16 /usr/lib/gcc/avr/6.2.0/../../../../avr/lib/avr51/libc.a(strnlen.o)
                0x000000000000638e                strnlen
 .text.avr-libc
                0x00000000000063a4       0x20 /usr/lib/gcc/avr/6.2.0/../../../../avr/lib/avr51/libc.a(strrev.o)
                0x00000000000063a4                strrev
 .text.avr-libc
                0x00000000000063c4       0x60 /usr/lib/gcc/avr/6.2.0/../../../../avr/lib/avr51/libc.a(fputc.o)
                0x00000000000063c4                fputc
 .text.avr-libc
                0x0000000000006424       0xbc /usr/lib/gcc/avr/6.2.0/../../../../avr/lib/avr51/libc.a(ultoa_invert.o)
                0x0000000000006424                __ultoa_invert
 .text.avr-libc
                0x00000000000064e0       0x10 /usr/lib/gcc/avr/6.2.0/../../../../avr/lib/avr51/libat90can128.a(eerd_byte.o)
                0x00000000000064e0                eeprom_read_byte
 .text.avr-libc
                0x00000000000064f0       0x1a /usr/lib/gcc/avr/6.2.0/../../../../avr/lib/avr51/libat90can128.a(eewr_byte.o)
                0x00000000000064f0                eeprom_write_byte
                0x00000000000064f2                eeprom_write_r18
                0x000000000000650a                . = ALIGN (0x2)
 *(.fini9)
 .fini9         0x000000000000650a        0x0 /usr/lib/gcc/avr/6.2.0/avr51/libgcc.a(_exit.o)
                0x000000000000650a                exit
                0x000000000000650a                _exit
 *(.fini9)
 *(.fini8)
 *(.fini8)
 *(.fini7)
 *(.fini7)
 *(.fini6)
 *(.fini6)
 *(.fini5)
 *(.fini5)
 *(.fini4)
 *(.fini4)
 *(.fini3)
 *(.fini3)
 *(.fini2)
 *(.fini2)
 *(.fini1)
 *(.fini1)
 *(.fini0)
 .fini0         0x000000000000650a        0x4 /usr/lib/gcc/avr/6.2.0/avr51/libgcc.a(_exit.o)
 *(.fini0)
                0x000000000000650e                _etext = .

.data           0x0000000000800100      0x1b8 load address 0x000000000000650e
                0x0000000000800100                PROVIDE (__data_start, .)
 *(.data)
 .data          0x0000000000800100        0x0 /usr/lib/gcc/avr/6.2.0/../../../../avr/lib/avr51/crtat90can128.o
 .data          0x0000000000800100        0x0 build/main.o
 .data          0x0000000000800100        0x0 build/i2c.o
 .data          0x0000000000800100        0x0 build/lcd.o
 .data          0x0000000000800100        0x0 build/task_button.o
 .data          0x0000000000800100        0x0 build/task_i2c.o
 .data          0x0000000000800100        0x0 build/task_can.o
 .data          0x0000000000800100        0x0 build/task_gui.o
 .data          0x0000000000800100        0x0 build/task_watchdog.o
 .data          0x0000000000800100        0x0 build/task_charge.o
 .data          0x0000000000800100        0x0 build/task_safety.o
 .data          0x0000000000800100        0x0 build/task_config.o
 .data          0x0000000000800100        0x0 build/task_heartbeat.o
 .data          0x0000000000800100        0x0 build/tasklist.o
 .data          0x0000000000800100        0x0 build/atomport-asm.o
 .data          0x0000000000800100        0x0 build/atomkernel.o
 .data          0x0000000000800100        0x0 build/atomsem.o
 .data          0x0000000000800100        0x0 build/atommutex.o
 .data          0x0000000000800100        0x0 build/atomtimer.o
 .data          0x0000000000800100        0x0 build/atomqueue.o
 .data          0x0000000000800100        0x0 build/atomport.o
 .data          0x0000000000800100        0x1 build/atmel/TWI_Master.o
 .data          0x0000000000800101        0x0 build/atmel/can_lib.o
 .data          0x0000000000800101        0x0 build/atmel/can_drv.o
 .data          0x0000000000800101        0x0 /usr/lib/gcc/avr/6.2.0/avr51/libgcc.a(_mulsi3.o)
 .data          0x0000000000800101        0x0 /usr/lib/gcc/avr/6.2.0/avr51/libgcc.a(_udivmodqi4.o)
 .data          0x0000000000800101        0x0 /usr/lib/gcc/avr/6.2.0/avr51/libgcc.a(_divmodqi4.o)
 .data          0x0000000000800101        0x0 /usr/lib/gcc/avr/6.2.0/avr51/libgcc.a(_udivmodhi4.o)
 .data          0x0000000000800101        0x0 /usr/lib/gcc/avr/6.2.0/avr51/libgcc.a(_divmodhi4.o)
 .data          0x0000000000800101        0x0 /usr/lib/gcc/avr/6.2.0/avr51/libgcc.a(_udivmodsi4.o)
 .data          0x0000000000800101        0x0 /usr/lib/gcc/avr/6.2.0/avr51/libgcc.a(_divmodsi4.o)
 .data          0x0000000000800101        0x0 /usr/lib/gcc/avr/6.2.0/avr51/libgcc.a(_negsi2.o)
 .data          0x0000000000800101        0x0 /usr/lib/gcc/avr/6.2.0/avr51/libgcc.a(_exit.o)
 .data          0x0000000000800101        0x0 /usr/lib/gcc/avr/6.2.0/avr51/libgcc.a(_tablejump2.o)
 .data          0x0000000000800101        0x0 /usr/lib/gcc/avr/6.2.0/avr51/libgcc.a(_copy_data.o)
 .data          0x0000000000800101        0x0 /usr/lib/gcc/avr/6.2.0/avr51/libgcc.a(_clear_bss.o)
 .data          0x0000000000800101        0x0 /usr/lib/gcc/avr/6.2.0/avr51/libgcc.a(_muluhisi3.o)
 .data          0x0000000000800101        0x0 /usr/lib/gcc/avr/6.2.0/avr51/libgcc.a(_umulhisi3.o)
 .data          0x0000000000800101        0x0 /usr/lib/gcc/avr/6.2.0/../../../../avr/lib/avr51/libm.a(addsf3.o)
 .data          0x0000000000800101        0x0 /usr/lib/gcc/avr/6.2.0/../../../../avr/lib/avr51/libm.a(addsf3x.o)
 .data          0x0000000000800101        0x0 /usr/lib/gcc/avr/6.2.0/../../../../avr/lib/avr51/libm.a(cmpsf2.o)
 .data          0x0000000000800101        0x0 /usr/lib/gcc/avr/6.2.0/../../../../avr/lib/avr51/libm.a(divsf3.o)
 .data          0x0000000000800101        0x0 /usr/lib/gcc/avr/6.2.0/../../../../avr/lib/avr51/libm.a(divsf3x.o)
 .data          0x0000000000800101        0x0 /usr/lib/gcc/avr/6.2.0/../../../../avr/lib/avr51/libm.a(fixsfsi.o)
 .data          0x0000000000800101        0x0 /usr/lib/gcc/avr/6.2.0/../../../../avr/lib/avr51/libm.a(fixunssfsi.o)
 .data          0x0000000000800101        0x0 /usr/lib/gcc/avr/6.2.0/../../../../avr/lib/avr51/libm.a(floatsisf.o)
 .data          0x0000000000800101        0x0 /usr/lib/gcc/avr/6.2.0/../../../../avr/lib/avr51/libm.a(fp_cmp.o)
 .data          0x0000000000800101        0x0 /usr/lib/gcc/avr/6.2.0/../../../../avr/lib/avr51/libm.a(fp_inf.o)
 .data          0x0000000000800101        0x0 /usr/lib/gcc/avr/6.2.0/../../../../avr/lib/avr51/libm.a(fp_nan.o)
 .data          0x0000000000800101        0x0 /usr/lib/gcc/avr/6.2.0/../../../../avr/lib/avr51/libm.a(fp_pscA.o)
 .data          0x0000000000800101        0x0 /usr/lib/gcc/avr/6.2.0/../../../../avr/lib/avr51/libm.a(fp_pscB.o)
 .data          0x0000000000800101        0x0 /usr/lib/gcc/avr/6.2.0/../../../../avr/lib/avr51/libm.a(fp_round.o)
 .data          0x0000000000800101        0x0 /usr/lib/gcc/avr/6.2.0/../../../../avr/lib/avr51/libm.a(fp_split3.o)
 .data          0x0000000000800101        0x0 /usr/lib/gcc/avr/6.2.0/../../../../avr/lib/avr51/libm.a(fp_zero.o)
 .data          0x0000000000800101        0x0 /usr/lib/gcc/avr/6.2.0/../../../../avr/lib/avr51/libm.a(gesf2.o)
 .data          0x0000000000800101        0x0 /usr/lib/gcc/avr/6.2.0/../../../../avr/lib/avr51/libm.a(mulsf3.o)
 .data          0x0000000000800101        0x0 /usr/lib/gcc/avr/6.2.0/../../../../avr/lib/avr51/libm.a(mulsf3x.o)
 .data          0x0000000000800101        0x0 /usr/lib/gcc/avr/6.2.0/../../../../avr/lib/avr51/libc.a(memcpy.o)
 .data          0x0000000000800101        0x0 /usr/lib/gcc/avr/6.2.0/../../../../avr/lib/avr51/libc.a(itoa_ncheck.o)
 .data          0x0000000000800101        0x0 /usr/lib/gcc/avr/6.2.0/../../../../avr/lib/avr51/libc.a(utoa_ncheck.o)
 .data          0x0000000000800101        0x0 /usr/lib/gcc/avr/6.2.0/../../../../avr/lib/avr51/libc.a(sprintf.o)
 .data          0x0000000000800101        0x0 /usr/lib/gcc/avr/6.2.0/../../../../avr/lib/avr51/libc.a(vfprintf_std.o)
 .data          0x0000000000800101        0x0 /usr/lib/gcc/avr/6.2.0/../../../../avr/lib/avr51/libc.a(strnlen_P.o)
 .data          0x0000000000800101        0x0 /usr/lib/gcc/avr/6.2.0/../../../../avr/lib/avr51/libc.a(strnlen.o)
 .data          0x0000000000800101        0x0 /usr/lib/gcc/avr/6.2.0/../../../../avr/lib/avr51/libc.a(strrev.o)
 .data          0x0000000000800101        0x0 /usr/lib/gcc/avr/6.2.0/../../../../avr/lib/avr51/libc.a(fputc.o)
 .data          0x0000000000800101        0x0 /usr/lib/gcc/avr/6.2.0/../../../../avr/lib/avr51/libc.a(ultoa_invert.o)
 .data          0x0000000000800101        0x0 /usr/lib/gcc/avr/6.2.0/../../../../avr/lib/avr51/libat90can128.a(eerd_byte.o)
 .data          0x0000000000800101        0x0 /usr/lib/gcc/avr/6.2.0/../../../../avr/lib/avr51/libat90can128.a(eewr_byte.o)
 *(.data*)
 *(.rodata)
 .rodata        0x0000000000800101        0x8 build/i2c.o
 .rodata        0x0000000000800109       0x87 build/tasklist.o
                0x0000000000800109                task_list
 *(.rodata*)
 .rodata.str1.1
                0x0000000000800190      0x127 build/lcd.o
 *(.gnu.linkonce.d*)
                0x00000000008002b8                . = ALIGN (0x2)
 *fill*         0x00000000008002b7        0x1 
                0x00000000008002b8                _edata = .
                0x00000000008002b8                PROVIDE (__data_end, .)

.bss            0x00000000008002b8      0xbbb
                0x00000000008002b8                PROVIDE (__bss_start, .)
 *(.bss)
 .bss           0x00000000008002b8        0x0 /usr/lib/gcc/avr/6.2.0/../../../../avr/lib/avr51/crtat90can128.o
 .bss           0x00000000008002b8      0x200 build/main.o
 .bss           0x00000000008004b8        0x0 build/i2c.o
 .bss           0x00000000008004b8        0x0 build/lcd.o
 .bss           0x00000000008004b8        0x0 build/task_button.o
 .bss           0x00000000008004b8        0x0 build/task_i2c.o
 .bss           0x00000000008004b8        0x0 build/task_can.o
 .bss           0x00000000008004b8        0x0 build/task_gui.o
 .bss           0x00000000008004b8        0x0 build/task_watchdog.o
 .bss           0x00000000008004b8        0x0 build/task_charge.o
 .bss           0x00000000008004b8        0x0 build/task_safety.o
 .bss           0x00000000008004b8        0x0 build/task_config.o
 .bss           0x00000000008004b8        0x0 build/task_heartbeat.o
 .bss           0x00000000008004b8      0x7a1 build/tasklist.o
 .bss           0x0000000000800c59        0x0 build/atomport-asm.o
 .bss           0x0000000000800c59       0x18 build/atomkernel.o
                0x0000000000800c59                atomOSStarted
                0x0000000000800c5a                tcbReadyQ
 .bss           0x0000000000800c71        0x0 build/atomsem.o
 .bss           0x0000000000800c71        0x0 build/atommutex.o
 .bss           0x0000000000800c71        0x6 build/atomtimer.o
 .bss           0x0000000000800c77        0x0 build/atomqueue.o
 .bss           0x0000000000800c77        0x0 build/atomport.o
 .bss           0x0000000000800c77        0x7 build/atmel/TWI_Master.o
                0x0000000000800c77                TWI_statusReg
 .bss           0x0000000000800c7e        0x0 build/atmel/can_lib.o
 .bss           0x0000000000800c7e        0x0 build/atmel/can_drv.o
 .bss           0x0000000000800c7e        0x0 /usr/lib/gcc/avr/6.2.0/avr51/libgcc.a(_mulsi3.o)
 .bss           0x0000000000800c7e        0x0 /usr/lib/gcc/avr/6.2.0/avr51/libgcc.a(_udivmodqi4.o)
 .bss           0x0000000000800c7e        0x0 /usr/lib/gcc/avr/6.2.0/avr51/libgcc.a(_divmodqi4.o)
 .bss           0x0000000000800c7e        0x0 /usr/lib/gcc/avr/6.2.0/avr51/libgcc.a(_udivmodhi4.o)
 .bss           0x0000000000800c7e        0x0 /usr/lib/gcc/avr/6.2.0/avr51/libgcc.a(_divmodhi4.o)
 .bss           0x0000000000800c7e        0x0 /usr/lib/gcc/avr/6.2.0/avr51/libgcc.a(_udivmodsi4.o)
 .bss           0x0000000000800c7e        0x0 /usr/lib/gcc/avr/6.2.0/avr51/libgcc.a(_divmodsi4.o)
 .bss           0x0000000000800c7e        0x0 /usr/lib/gcc/avr/6.2.0/avr51/libgcc.a(_negsi2.o)
 .bss           0x0000000000800c7e        0x0 /usr/lib/gcc/avr/6.2.0/avr51/libgcc.a(_exit.o)
 .bss           0x0000000000800c7e        0x0 /usr/lib/gcc/avr/6.2.0/avr51/libgcc.a(_tablejump2.o)
 .bss           0x0000000000800c7e        0x0 /usr/lib/gcc/avr/6.2.0/avr51/libgcc.a(_copy_data.o)
 .bss           0x0000000000800c7e        0x0 /usr/lib/gcc/avr/6.2.0/avr51/libgcc.a(_clear_bss.o)
 .bss           0x0000000000800c7e        0x0 /usr/lib/gcc/avr/6.2.0/avr51/libgcc.a(_muluhisi3.o)
 .bss           0x0000000000800c7e        0x0 /usr/lib/gcc/avr/6.2.0/avr51/libgcc.a(_umulhisi3.o)
 .bss           0x0000000000800c7e        0x0 /usr/lib/gcc/avr/6.2.0/../../../../avr/lib/avr51/libm.a(addsf3.o)
 .bss           0x0000000000800c7e        0x0 /usr/lib/gcc/avr/6.2.0/../../../../avr/lib/avr51/libm.a(addsf3x.o)
 .bss           0x0000000000800c7e        0x0 /usr/lib/gcc/avr/6.2.0/../../../../avr/lib/avr51/libm.a(cmpsf2.o)
 .bss           0x0000000000800c7e        0x0 /usr/lib/gcc/avr/6.2.0/../../../../avr/lib/avr51/libm.a(divsf3.o)
 .bss           0x0000000000800c7e        0x0 /usr/lib/gcc/avr/6.2.0/../../../../avr/lib/avr51/libm.a(divsf3x.o)
 .bss           0x0000000000800c7e        0x0 /usr/lib/gcc/avr/6.2.0/../../../../avr/lib/avr51/libm.a(fixsfsi.o)
 .bss           0x0000000000800c7e        0x0 /usr/lib/gcc/avr/6.2.0/../../../../avr/lib/avr51/libm.a(fixunssfsi.o)
 .bss           0x0000000000800c7e        0x0 /usr/lib/gcc/avr/6.2.0/../../../../avr/lib/avr51/libm.a(floatsisf.o)
 .bss           0x0000000000800c7e        0x0 /usr/lib/gcc/avr/6.2.0/../../../../avr/lib/avr51/libm.a(fp_cmp.o)
 .bss           0x0000000000800c7e        0x0 /usr/lib/gcc/avr/6.2.0/../../../../avr/lib/avr51/libm.a(fp_inf.o)
 .bss           0x0000000000800c7e        0x0 /usr/lib/gcc/avr/6.2.0/../../../../avr/lib/avr51/libm.a(fp_nan.o)
 .bss           0x0000000000800c7e        0x0 /usr/lib/gcc/avr/6.2.0/../../../../avr/lib/avr51/libm.a(fp_pscA.o)
 .bss           0x0000000000800c7e        0x0 /usr/lib/gcc/avr/6.2.0/../../../../avr/lib/avr51/libm.a(fp_pscB.o)
 .bss           0x0000000000800c7e        0x0 /usr/lib/gcc/avr/6.2.0/../../../../avr/lib/avr51/libm.a(fp_round.o)
 .bss           0x0000000000800c7e        0x0 /usr/lib/gcc/avr/6.2.0/../../../../avr/lib/avr51/libm.a(fp_split3.o)
 .bss           0x0000000000800c7e        0x0 /usr/lib/gcc/avr/6.2.0/../../../../avr/lib/avr51/libm.a(fp_zero.o)
 .bss           0x0000000000800c7e        0x0 /usr/lib/gcc/avr/6.2.0/../../../../avr/lib/avr51/libm.a(gesf2.o)
 .bss           0x0000000000800c7e        0x0 /usr/lib/gcc/avr/6.2.0/../../../../avr/lib/avr51/libm.a(mulsf3.o)
 .bss           0x0000000000800c7e        0x0 /usr/lib/gcc/avr/6.2.0/../../../../avr/lib/avr51/libm.a(mulsf3x.o)
 .bss           0x0000000000800c7e        0x0 /usr/lib/gcc/avr/6.2.0/../../../../avr/lib/avr51/libc.a(memcpy.o)
 .bss           0x0000000000800c7e        0x0 /usr/lib/gcc/avr/6.2.0/../../../../avr/lib/avr51/libc.a(itoa_ncheck.o)
 .bss           0x0000000000800c7e        0x0 /usr/lib/gcc/avr/6.2.0/../../../../avr/lib/avr51/libc.a(utoa_ncheck.o)
 .bss           0x0000000000800c7e        0x0 /usr/lib/gcc/avr/6.2.0/../../../../avr/lib/avr51/libc.a(sprintf.o)
 .bss           0x0000000000800c7e        0x0 /usr/lib/gcc/avr/6.2.0/../../../../avr/lib/avr51/libc.a(vfprintf_std.o)
 .bss           0x0000000000800c7e        0x0 /usr/lib/gcc/avr/6.2.0/../../../../avr/lib/avr51/libc.a(strnlen_P.o)
 .bss           0x0000000000800c7e        0x0 /usr/lib/gcc/avr/6.2.0/../../../../avr/lib/avr51/libc.a(strnlen.o)
 .bss           0x0000000000800c7e        0x0 /usr/lib/gcc/avr/6.2.0/../../../../avr/lib/avr51/libc.a(strrev.o)
 .bss           0x0000000000800c7e        0x0 /usr/lib/gcc/avr/6.2.0/../../../../avr/lib/avr51/libc.a(fputc.o)
 .bss           0x0000000000800c7e        0x0 /usr/lib/gcc/avr/6.2.0/../../../../avr/lib/avr51/libc.a(ultoa_invert.o)
 .bss           0x0000000000800c7e        0x0 /usr/lib/gcc/avr/6.2.0/../../../../avr/lib/avr51/libat90can128.a(eerd_byte.o)
 .bss           0x0000000000800c7e        0x0 /usr/lib/gcc/avr/6.2.0/../../../../avr/lib/avr51/libat90can128.a(eewr_byte.o)
 *(.bss*)
 *(COMMON)
 COMMON         0x0000000000800c7e      0x1ee build/main.o
                0x0000000000800c7e                button_enter
                0x0000000000800c7f                param_choice
                0x0000000000800c80                state_ts
                0x0000000000800c94                Pack_State_Strings
                0x0000000000800ca2                ams_voltage
                0x0000000000800ca4                cell_status
                0x0000000000800cab                pack_SOC
                0x0000000000800cac                display_2
                0x0000000000800cc0                cell_Tslp
                0x0000000000800cdc                address
                0x0000000000800ce0                lcd_flag
                0x0000000000800ce1                CANADD_PACKINFO1
                0x0000000000800ce3                ams_temp
                0x0000000000800ce5                PACK_NUM
                0x0000000000800ce6                ams_board_addr
                0x0000000000800cf6                v_select
                0x0000000000800cf8                pack_current
                0x0000000000800cfc                can_frame_ctrl
                0x0000000000800cfe                sloop_state
                0x0000000000800cff                CANADD_CELLINFO
                0x0000000000800d01                cell_T
                0x0000000000800d0f                adc_value
                0x0000000000800d13                pack_state
                0x0000000000800d15                cell_Voff
                0x0000000000800d23                display_0
                0x0000000000800d37                fault_code
                0x0000000000800d38                lcd_active
                0x0000000000800d39                bypass_flag
                0x0000000000800d3a                A_mutex
                0x0000000000800d3f                off_result
                0x0000000000800d44                can_frame
                0x0000000000800d51                line0
                0x0000000000800d65                flt_cnd
                0x0000000000800d6a                ams_serial_array
                0x0000000000800daa                display_1
                0x0000000000800dbe                LOW_DET
                0x0000000000800dbf                sel
                0x0000000000800dc0                can_buff
                0x0000000000800dc8                line1
                0x0000000000800ddc                next_buff
                0x0000000000800dde                prev_pack_SOC
                0x0000000000800ddf                line3
                0x0000000000800df3                pack_voltage
                0x0000000000800df5                pack_coulombs
                0x0000000000800df9                button_down
                0x0000000000800dfa                cell
                0x0000000000800dfb                line2
                0x0000000000800e0f                slp_result
                0x0000000000800e14                ams_board_count
                0x0000000000800e15                can_frame_id
                0x0000000000800e19                CHRG_DET
                0x0000000000800e1a                cell_V
                0x0000000000800e28                addr_choice
                0x0000000000800e2a                CANADD_PACKINFO2
                0x0000000000800e2c                curr_buff
                0x0000000000800e2e                cell_Toff
                0x0000000000800e3c                shunt_voltage
                0x0000000000800e3e                button_up
                0x0000000000800e3f                num_cells
                0x0000000000800e40                cell_Vslp
                0x0000000000800e4e                recent_states
                0x0000000000800e58                display_3
 COMMON         0x0000000000800e6c        0x5 build/i2c.o
                0x0000000000800e6c                i2c_mutex
 COMMON         0x0000000000800e71        0x2 build/task_can.o
                0x0000000000800e71                i
                0x0000000000800e73                PROVIDE (__bss_end, .)
                0x000000000000650e                __data_load_start = LOADADDR (.data)
                0x00000000000066c6                __data_load_end = (__data_load_start + SIZEOF (.data))

.noinit         0x0000000000800e73        0x0
                [!provide]                        PROVIDE (__noinit_start, .)
 *(.noinit*)
                [!provide]                        PROVIDE (__noinit_end, .)
                0x0000000000800e73                _end = .
                [!provide]                        PROVIDE (__heap_start, .)

.eeprom         0x0000000000810000        0x0
 *(.eeprom*)
                0x0000000000810000                __eeprom_end = .

.fuse
 *(.fuse)
 *(.lfuse)
 *(.hfuse)
 *(.efuse)

.lock
 *(.lock*)

.signature
 *(.signature*)

.stab           0x0000000000000000    0x10bd8
 *(.stab)
 .stab          0x0000000000000000      0xb1c build/main.o
 .stab          0x0000000000000b1c     0x1ae8 build/i2c.o
                                       0x1dd0 (size before relaxing)
 .stab          0x0000000000002604     0x21fc build/lcd.o
                                       0x2604 (size before relaxing)
 .stab          0x0000000000004800      0x660 build/task_button.o
                                        0x9d8 (size before relaxing)
 .stab          0x0000000000004e60      0xaf8 build/task_i2c.o
                                        0xf0c (size before relaxing)
 .stab          0x0000000000005958      0xa44 build/task_can.o
                                        0xd2c (size before relaxing)
 .stab          0x000000000000639c      0xa98 build/task_gui.o
                                        0xea0 (size before relaxing)
 .stab          0x0000000000006e34      0x384 build/task_watchdog.o
                                        0x5d0 (size before relaxing)
 .stab          0x00000000000071b8      0xa14 build/task_charge.o
                                        0xe40 (size before relaxing)
 .stab          0x0000000000007bcc      0x63c build/task_safety.o
                                        0x9b4 (size before relaxing)
 .stab          0x0000000000008208      0xe04 build/task_config.o
                                       0x1248 (size before relaxing)
 .stab          0x000000000000900c      0x648 build/task_heartbeat.o
                                        0x9c0 (size before relaxing)
 .stab          0x0000000000009654      0x7d4 build/tasklist.o
                                        0xc00 (size before relaxing)
 .stab          0x0000000000009e28      0x390 build/atomport-asm.o
                                        0x39c (size before relaxing)
 .stab          0x000000000000a1b8      0xe28 build/atomkernel.o
                                        0xff0 (size before relaxing)
 .stab          0x000000000000afe0      0xb94 build/atomsem.o
                                        0xdc8 (size before relaxing)
 .stab          0x000000000000bb74      0xb28 build/atommutex.o
                                        0xdb0 (size before relaxing)
 .stab          0x000000000000c69c      0x93c build/atomtimer.o
                                        0xbc4 (size before relaxing)
 .stab          0x000000000000cfd8      0xf84 build/atomqueue.o
                                       0x120c (size before relaxing)
 .stab          0x000000000000df5c      0x618 build/atomport.o
                                        0x864 (size before relaxing)
 .stab          0x000000000000e574      0x768 build/atmel/TWI_Master.o
                                        0x948 (size before relaxing)
 .stab          0x000000000000ecdc      0xa5c build/atmel/can_lib.o
                                        0xce4 (size before relaxing)
 .stab          0x000000000000f738      0x6b4 build/atmel/can_drv.o
                                        0x8f4 (size before relaxing)
 .stab          0x000000000000fdec      0x108 /usr/lib/gcc/avr/6.2.0/avr51/libgcc.a(_mulsi3.o)
                                        0x114 (size before relaxing)
 .stab          0x000000000000fef4       0xe4 /usr/lib/gcc/avr/6.2.0/avr51/libgcc.a(_udivmodqi4.o)
                                         0xf0 (size before relaxing)
 .stab          0x000000000000ffd8       0xf0 /usr/lib/gcc/avr/6.2.0/avr51/libgcc.a(_divmodqi4.o)
                                         0xfc (size before relaxing)
 .stab          0x00000000000100c8      0x15c /usr/lib/gcc/avr/6.2.0/avr51/libgcc.a(_udivmodhi4.o)
                                        0x168 (size before relaxing)
 .stab          0x0000000000010224      0x138 /usr/lib/gcc/avr/6.2.0/avr51/libgcc.a(_divmodhi4.o)
                                        0x144 (size before relaxing)
 .stab          0x000000000001035c      0x228 /usr/lib/gcc/avr/6.2.0/avr51/libgcc.a(_udivmodsi4.o)
                                        0x234 (size before relaxing)
 .stab          0x0000000000010584      0x144 /usr/lib/gcc/avr/6.2.0/avr51/libgcc.a(_divmodsi4.o)
                                        0x150 (size before relaxing)
 .stab          0x00000000000106c8       0x6c /usr/lib/gcc/avr/6.2.0/avr51/libgcc.a(_negsi2.o)
                                         0x78 (size before relaxing)
 .stab          0x0000000000010734       0x6c /usr/lib/gcc/avr/6.2.0/avr51/libgcc.a(_exit.o)
                                         0x78 (size before relaxing)
 .stab          0x00000000000107a0       0xc0 /usr/lib/gcc/avr/6.2.0/avr51/libgcc.a(_tablejump2.o)
                                         0xcc (size before relaxing)
 .stab          0x0000000000010860       0xf0 /usr/lib/gcc/avr/6.2.0/avr51/libgcc.a(_copy_data.o)
                                         0xfc (size before relaxing)
 .stab          0x0000000000010950       0xb4 /usr/lib/gcc/avr/6.2.0/avr51/libgcc.a(_clear_bss.o)
                                         0xc0 (size before relaxing)
 .stab          0x0000000000010a04       0xcc /usr/lib/gcc/avr/6.2.0/avr51/libgcc.a(_muluhisi3.o)
                                         0xd8 (size before relaxing)
 .stab          0x0000000000010ad0      0x108 /usr/lib/gcc/avr/6.2.0/avr51/libgcc.a(_umulhisi3.o)
                                        0x114 (size before relaxing)

.stabstr        0x0000000000000000     0x6346
 *(.stabstr)
 .stabstr       0x0000000000000000     0x6346 build/main.o

.stab.excl
 *(.stab.excl)

.stab.exclstr
 *(.stab.exclstr)

.stab.index
 *(.stab.index)

.stab.indexstr
 *(.stab.indexstr)

.comment        0x0000000000000000       0x21
 *(.comment)
 .comment       0x0000000000000000       0x21 build/main.o
                                         0x22 (size before relaxing)
 .comment       0x0000000000000021       0x22 build/i2c.o
 .comment       0x0000000000000021       0x22 build/lcd.o
 .comment       0x0000000000000021       0x22 build/task_button.o
 .comment       0x0000000000000021       0x22 build/task_i2c.o
 .comment       0x0000000000000021       0x22 build/task_can.o
 .comment       0x0000000000000021       0x22 build/task_gui.o
 .comment       0x0000000000000021       0x22 build/task_watchdog.o
 .comment       0x0000000000000021       0x22 build/task_charge.o
 .comment       0x0000000000000021       0x22 build/task_safety.o
 .comment       0x0000000000000021       0x22 build/task_config.o
 .comment       0x0000000000000021       0x22 build/task_heartbeat.o
 .comment       0x0000000000000021       0x22 build/tasklist.o
 .comment       0x0000000000000021       0x22 build/atomkernel.o
 .comment       0x0000000000000021       0x22 build/atomsem.o
 .comment       0x0000000000000021       0x22 build/atommutex.o
 .comment       0x0000000000000021       0x22 build/atomtimer.o
 .comment       0x0000000000000021       0x22 build/atomqueue.o
 .comment       0x0000000000000021       0x22 build/atomport.o
 .comment       0x0000000000000021       0x22 build/atmel/TWI_Master.o
 .comment       0x0000000000000021       0x22 build/atmel/can_lib.o
 .comment       0x0000000000000021       0x22 build/atmel/can_drv.o
 .comment       0x0000000000000021       0x22 /usr/lib/gcc/avr/6.2.0/../../../../avr/lib/avr51/libc.a(sprintf.o)
 .comment       0x0000000000000021       0x22 /usr/lib/gcc/avr/6.2.0/../../../../avr/lib/avr51/libc.a(vfprintf_std.o)
 .comment       0x0000000000000021       0x22 /usr/lib/gcc/avr/6.2.0/../../../../avr/lib/avr51/libc.a(fputc.o)

.note.gnu.avr.deviceinfo
                0x0000000000000000       0x40
 .note.gnu.avr.deviceinfo
                0x0000000000000000       0x40 /usr/lib/gcc/avr/6.2.0/../../../../avr/lib/avr51/crtat90can128.o

.avr.prop       0x0000000000000000       0x16
 .avr.prop      0x0000000000000000       0x16 build/atmel/can_lib.o

.note.gnu.build-id
 *(.note.gnu.build-id)

.debug
 *(.debug)

.line
 *(.line)

.debug_srcinfo
 *(.debug_srcinfo)

.debug_sfnames
 *(.debug_sfnames)

.debug_aranges
 *(.debug_aranges)

.debug_pubnames
 *(.debug_pubnames)

.debug_info     0x0000000000000000      0xa2d
 *(.debug_info .gnu.linkonce.wi.*)
 .debug_info    0x0000000000000000      0xa2d /usr/lib/gcc/avr/6.2.0/../../../../avr/lib/avr51/crtat90can128.o

.debug_abbrev   0x0000000000000000      0x9a0
 *(.debug_abbrev)
 .debug_abbrev  0x0000000000000000      0x9a0 /usr/lib/gcc/avr/6.2.0/../../../../avr/lib/avr51/crtat90can128.o

.debug_line     0x0000000000000000       0x1d
 *(.debug_line .debug_line.* .debug_line_end)
 .debug_line    0x0000000000000000       0x1d /usr/lib/gcc/avr/6.2.0/../../../../avr/lib/avr51/crtat90can128.o

.debug_frame
 *(.debug_frame)

.debug_str      0x0000000000000000      0x39f
 *(.debug_str)
 .debug_str     0x0000000000000000      0x39f /usr/lib/gcc/avr/6.2.0/../../../../avr/lib/avr51/crtat90can128.o

.debug_loc
 *(.debug_loc)

.debug_macinfo
 *(.debug_macinfo)

.debug_weaknames
 *(.debug_weaknames)

.debug_funcnames
 *(.debug_funcnames)

.debug_typenames
 *(.debug_typenames)

.debug_varnames
 *(.debug_varnames)

.debug_pubtypes
 *(.debug_pubtypes)

.debug_ranges
 *(.debug_ranges)

.debug_macro
 *(.debug_macro)
OUTPUT(build/pacman.elf elf32-avr)
LOAD linker stubs
