Archive member included to satisfy reference by file (symbol)

/usr/lib/gcc/avr/4.9.2/avr51/libgcc.a(_mulsi3.o)
                              build/task_charge.o (__mulsi3)
/usr/lib/gcc/avr/4.9.2/avr51/libgcc.a(_udivmodqi4.o)
                              build/lcd.o (__udivmodqi4)
/usr/lib/gcc/avr/4.9.2/avr51/libgcc.a(_divmodqi4.o)
                              build/lcd.o (__divmodqi4)
/usr/lib/gcc/avr/4.9.2/avr51/libgcc.a(_udivmodhi4.o)
                              build/lcd.o (__udivmodhi4)
/usr/lib/gcc/avr/4.9.2/avr51/libgcc.a(_divmodhi4.o)
                              build/lcd.o (__divmodhi4)
/usr/lib/gcc/avr/4.9.2/avr51/libgcc.a(_udivmodsi4.o)
                              build/lcd.o (__udivmodsi4)
/usr/lib/gcc/avr/4.9.2/avr51/libgcc.a(_divmodsi4.o)
                              build/lcd.o (__divmodsi4)
/usr/lib/gcc/avr/4.9.2/avr51/libgcc.a(_negsi2.o)
                              /usr/lib/gcc/avr/4.9.2/avr51/libgcc.a(_divmodsi4.o) (__negsi2)
/usr/lib/gcc/avr/4.9.2/avr51/libgcc.a(_exit.o)
                              /usr/lib/gcc/avr/4.9.2/../../../avr/lib/avr51/crtat90can128.o (exit)
/usr/lib/gcc/avr/4.9.2/avr51/libgcc.a(_tablejump2.o)
                              build/lcd.o (__tablejump2__)
/usr/lib/gcc/avr/4.9.2/avr51/libgcc.a(_copy_data.o)
                              build/lcd.o (__do_copy_data)
/usr/lib/gcc/avr/4.9.2/avr51/libgcc.a(_clear_bss.o)
                              build/main.o (__do_clear_bss)
/usr/lib/gcc/avr/4.9.2/avr51/libgcc.a(_muluhisi3.o)
                              /usr/lib/gcc/avr/4.9.2/avr51/libgcc.a(_mulsi3.o) (__muluhisi3)
/usr/lib/gcc/avr/4.9.2/avr51/libgcc.a(_umulhisi3.o)
                              /usr/lib/gcc/avr/4.9.2/avr51/libgcc.a(_muluhisi3.o) (__umulhisi3)
/usr/lib/gcc/avr/4.9.2/../../../avr/lib/avr51/libm.a(addsf3.o)
                              build/task_i2c.o (__subsf3)
/usr/lib/gcc/avr/4.9.2/../../../avr/lib/avr51/libm.a(addsf3x.o)
                              /usr/lib/gcc/avr/4.9.2/../../../avr/lib/avr51/libm.a(addsf3.o) (__addsf3x)
/usr/lib/gcc/avr/4.9.2/../../../avr/lib/avr51/libm.a(cmpsf2.o)
                              build/lcd.o (__ltsf2)
/usr/lib/gcc/avr/4.9.2/../../../avr/lib/avr51/libm.a(divsf3.o)
                              build/task_i2c.o (__divsf3)
/usr/lib/gcc/avr/4.9.2/../../../avr/lib/avr51/libm.a(divsf3x.o)
                              /usr/lib/gcc/avr/4.9.2/../../../avr/lib/avr51/libm.a(divsf3.o) (__divsf3x)
/usr/lib/gcc/avr/4.9.2/../../../avr/lib/avr51/libm.a(fixsfsi.o)
                              build/lcd.o (__fixsfsi)
/usr/lib/gcc/avr/4.9.2/../../../avr/lib/avr51/libm.a(fixunssfsi.o)
                              build/task_i2c.o (__fixunssfsi)
/usr/lib/gcc/avr/4.9.2/../../../avr/lib/avr51/libm.a(floatsisf.o)
                              build/task_i2c.o (__floatunsisf)
/usr/lib/gcc/avr/4.9.2/../../../avr/lib/avr51/libm.a(fp_cmp.o)
                              /usr/lib/gcc/avr/4.9.2/../../../avr/lib/avr51/libm.a(cmpsf2.o) (__fp_cmp)
/usr/lib/gcc/avr/4.9.2/../../../avr/lib/avr51/libm.a(fp_inf.o)
                              /usr/lib/gcc/avr/4.9.2/../../../avr/lib/avr51/libm.a(addsf3x.o) (__fp_inf)
/usr/lib/gcc/avr/4.9.2/../../../avr/lib/avr51/libm.a(fp_nan.o)
                              /usr/lib/gcc/avr/4.9.2/../../../avr/lib/avr51/libm.a(addsf3x.o) (__fp_nan)
/usr/lib/gcc/avr/4.9.2/../../../avr/lib/avr51/libm.a(fp_pscA.o)
                              /usr/lib/gcc/avr/4.9.2/../../../avr/lib/avr51/libm.a(addsf3x.o) (__fp_pscA)
/usr/lib/gcc/avr/4.9.2/../../../avr/lib/avr51/libm.a(fp_pscB.o)
                              /usr/lib/gcc/avr/4.9.2/../../../avr/lib/avr51/libm.a(addsf3x.o) (__fp_pscB)
/usr/lib/gcc/avr/4.9.2/../../../avr/lib/avr51/libm.a(fp_round.o)
                              /usr/lib/gcc/avr/4.9.2/../../../avr/lib/avr51/libm.a(addsf3.o) (__fp_round)
/usr/lib/gcc/avr/4.9.2/../../../avr/lib/avr51/libm.a(fp_split3.o)
                              /usr/lib/gcc/avr/4.9.2/../../../avr/lib/avr51/libm.a(addsf3x.o) (__fp_split3)
/usr/lib/gcc/avr/4.9.2/../../../avr/lib/avr51/libm.a(fp_zero.o)
                              /usr/lib/gcc/avr/4.9.2/../../../avr/lib/avr51/libm.a(addsf3x.o) (__fp_zero)
/usr/lib/gcc/avr/4.9.2/../../../avr/lib/avr51/libm.a(gesf2.o)
                              build/task_charge.o (__gtsf2)
/usr/lib/gcc/avr/4.9.2/../../../avr/lib/avr51/libm.a(mulsf3.o)
                              build/lcd.o (__mulsf3)
/usr/lib/gcc/avr/4.9.2/../../../avr/lib/avr51/libm.a(mulsf3x.o)
                              /usr/lib/gcc/avr/4.9.2/../../../avr/lib/avr51/libm.a(mulsf3.o) (__mulsf3x)
/usr/lib/gcc/avr/4.9.2/../../../avr/lib/avr51/libc.a(memcpy.o)
                              build/lcd.o (memcpy)
/usr/lib/gcc/avr/4.9.2/../../../avr/lib/avr51/libc.a(itoa_ncheck.o)
                              build/lcd.o (__itoa_ncheck)
/usr/lib/gcc/avr/4.9.2/../../../avr/lib/avr51/libc.a(utoa_ncheck.o)
                              /usr/lib/gcc/avr/4.9.2/../../../avr/lib/avr51/libc.a(itoa_ncheck.o) (__utoa_common)
/usr/lib/gcc/avr/4.9.2/../../../avr/lib/avr51/libc.a(sprintf.o)
                              build/lcd.o (sprintf)
/usr/lib/gcc/avr/4.9.2/../../../avr/lib/avr51/libc.a(vfprintf_std.o)
                              /usr/lib/gcc/avr/4.9.2/../../../avr/lib/avr51/libc.a(sprintf.o) (vfprintf)
/usr/lib/gcc/avr/4.9.2/../../../avr/lib/avr51/libc.a(strnlen_P.o)
                              /usr/lib/gcc/avr/4.9.2/../../../avr/lib/avr51/libc.a(vfprintf_std.o) (strnlen_P)
/usr/lib/gcc/avr/4.9.2/../../../avr/lib/avr51/libc.a(strnlen.o)
                              /usr/lib/gcc/avr/4.9.2/../../../avr/lib/avr51/libc.a(vfprintf_std.o) (strnlen)
/usr/lib/gcc/avr/4.9.2/../../../avr/lib/avr51/libc.a(strrev.o)
                              /usr/lib/gcc/avr/4.9.2/../../../avr/lib/avr51/libc.a(utoa_ncheck.o) (strrev)
/usr/lib/gcc/avr/4.9.2/../../../avr/lib/avr51/libc.a(fputc.o)
                              /usr/lib/gcc/avr/4.9.2/../../../avr/lib/avr51/libc.a(vfprintf_std.o) (fputc)
/usr/lib/gcc/avr/4.9.2/../../../avr/lib/avr51/libc.a(ultoa_invert.o)
                              /usr/lib/gcc/avr/4.9.2/../../../avr/lib/avr51/libc.a(vfprintf_std.o) (__ultoa_invert)
/usr/lib/gcc/avr/4.9.2/../../../avr/lib/avr51/libat90can128.a(eerd_byte.o)
                              build/lcd.o (eeprom_read_byte)
/usr/lib/gcc/avr/4.9.2/../../../avr/lib/avr51/libat90can128.a(eewr_byte.o)
                              build/lcd.o (eeprom_write_byte)

Allocating common symbols
Common symbol       size              file

button_enter        0x1               build/main.o
prev_button_up      0x1               build/main.o
param_choice        0x1               build/main.o
state_ts            0x14              build/main.o
Pack_State_Strings  0xe               build/main.o
ams_voltage         0x2               build/main.o
cell_status         0x7               build/main.o
pack_SOC            0x1               build/main.o
display_2           0x14              build/main.o
cell_Tslp           0x1c              build/main.o
address             0x4               build/main.o
lcd_flag            0x1               build/main.o
CANADD_PACKINFO1    0x2               build/main.o
ams_temp            0x2               build/main.o
PACK_NUM            0x1               build/main.o
ams_board_addr      0x10              build/main.o
v_select            0x2               build/main.o
pack_current        0x4               build/main.o
can_frame_ctrl      0x2               build/main.o
sloop_state         0x1               build/main.o
sloop_always_closed
                    0x1               build/main.o
CANADD_CELLINFO     0x2               build/main.o
cell_T              0xe               build/main.o
val_buff            0x2               build/main.o
watch_dog_list      0x8               build/main.o
max_cell_temp       0x1               build/main.o
adc_value           0x4               build/main.o
pack_state          0x2               build/main.o
cell_Voff           0xe               build/main.o
display_0           0x14              build/main.o
prev_button_enter   0x1               build/main.o
screen_sleep_time   0x1               build/main.o
i                   0x2               build/task_can.o
fault_code          0x1               build/main.o
lcd_active          0x1               build/main.o
pet_dog             0x1               build/main.o
bypass_flag         0x1               build/main.o
A_mutex             0x5               build/main.o
off_result          0x5               build/main.o
can_frame           0xd               build/main.o
line0               0x14              build/main.o
locked              0x1               build/main.o
prev_button_down    0x1               build/main.o
flt_cnd             0x5               build/main.o
ams_serial_array    0x40              build/main.o
display_1           0x14              build/main.o
min_current         0x1               build/main.o
sleep_time          0x4               build/main.o
LOW_DET             0x1               build/main.o
sel                 0x1               build/main.o
can_buff            0x8               build/main.o
line1               0x14              build/main.o
next_buff           0x2               build/main.o
prev_pack_SOC       0x1               build/main.o
line3               0x14              build/main.o
pack_voltage        0x2               build/main.o
pack_coulombs       0x4               build/main.o
button_down         0x1               build/main.o
cell                0x1               build/main.o
line2               0x14              build/main.o
slp_result          0x5               build/main.o
ams_board_count     0x1               build/main.o
can_frame_id        0x4               build/main.o
min_cell_voltage    0x1               build/main.o
CHRG_DET            0x1               build/main.o
max_cell_voltage    0x1               build/main.o
cell_V              0xe               build/main.o
addr_choice         0x2               build/main.o
CANADD_PACKINFO2    0x2               build/main.o
i2c_mutex           0x5               build/i2c.o
curr_buff           0x2               build/main.o
cell_Toff           0xe               build/main.o
shunt_voltage       0x2               build/main.o
wait_counter        0x1               build/main.o
button_up           0x1               build/main.o
num_cells           0x1               build/main.o
cell_Vslp           0xe               build/main.o
recent_states       0xa               build/main.o
display_3           0x14              build/main.o
screen_reset_time   0x1               build/main.o
config_addr         0xc               build/main.o
max_charge_cell_voltage
                    0x1               build/main.o

Memory Configuration

Name             Origin             Length             Attributes
text             0x0000000000000000 0x0000000000020000 xr
data             0x0000000000800100 0x000000000000ff00 rw !x
eeprom           0x0000000000810000 0x0000000000010000 rw !x
fuse             0x0000000000820000 0x0000000000000400 rw !x
lock             0x0000000000830000 0x0000000000000400 rw !x
signature        0x0000000000840000 0x0000000000000400 rw !x
user_signatures  0x0000000000850000 0x0000000000000400 rw !x
*default*        0x0000000000000000 0xffffffffffffffff

Linker script and memory map

Address of section .data set to 0x800100
LOAD /usr/lib/gcc/avr/4.9.2/../../../avr/lib/avr51/crtat90can128.o
LOAD build/main.o
LOAD build/i2c.o
LOAD build/lcd.o
LOAD build/task_button.o
LOAD build/task_i2c.o
LOAD build/task_can.o
LOAD build/task_gui.o
LOAD build/task_watchdog.o
LOAD build/task_charge.o
LOAD build/task_safety.o
LOAD build/task_config.o
LOAD build/task_heartbeat.o
LOAD build/tasklist.o
LOAD build/atomport-asm.o
LOAD build/atomkernel.o
LOAD build/atomsem.o
LOAD build/atommutex.o
LOAD build/atomtimer.o
LOAD build/atomqueue.o
LOAD build/atomport.o
LOAD build/atmel/TWI_Master.o
LOAD build/atmel/can_lib.o
LOAD build/atmel/can_drv.o
START GROUP
LOAD /usr/lib/gcc/avr/4.9.2/avr51/libgcc.a
LOAD /usr/lib/gcc/avr/4.9.2/../../../avr/lib/avr51/libm.a
LOAD /usr/lib/gcc/avr/4.9.2/../../../avr/lib/avr51/libc.a
LOAD /usr/lib/gcc/avr/4.9.2/../../../avr/lib/avr51/libat90can128.a
END GROUP

.hash
 *(.hash)

.dynsym
 *(.dynsym)

.dynstr
 *(.dynstr)

.gnu.version
 *(.gnu.version)

.gnu.version_d
 *(.gnu.version_d)

.gnu.version_r
 *(.gnu.version_r)

.rel.init
 *(.rel.init)

.rela.init
 *(.rela.init)

.rel.text
 *(.rel.text)
 *(.rel.text.*)
 *(.rel.gnu.linkonce.t*)

.rela.text
 *(.rela.text)
 *(.rela.text.*)
 *(.rela.gnu.linkonce.t*)

.rel.fini
 *(.rel.fini)

.rela.fini
 *(.rela.fini)

.rel.rodata
 *(.rel.rodata)
 *(.rel.rodata.*)
 *(.rel.gnu.linkonce.r*)

.rela.rodata
 *(.rela.rodata)
 *(.rela.rodata.*)
 *(.rela.gnu.linkonce.r*)

.rel.data
 *(.rel.data)
 *(.rel.data.*)
 *(.rel.gnu.linkonce.d*)

.rela.data
 *(.rela.data)
 *(.rela.data.*)
 *(.rela.gnu.linkonce.d*)

.rel.ctors
 *(.rel.ctors)

.rela.ctors
 *(.rela.ctors)

.rel.dtors
 *(.rel.dtors)

.rela.dtors
 *(.rela.dtors)

.rel.got
 *(.rel.got)

.rela.got
 *(.rela.got)

.rel.bss
 *(.rel.bss)

.rela.bss
 *(.rela.bss)

.rel.plt
 *(.rel.plt)

.rela.plt
 *(.rela.plt)

.text           0x0000000000000000     0x71b4
 *(.vectors)
 .vectors       0x0000000000000000       0x94 /usr/lib/gcc/avr/4.9.2/../../../avr/lib/avr51/crtat90can128.o
                0x0000000000000000                __vectors
 *(.vectors)
 *(.progmem.gcc*)
 .progmem.gcc_sw_table
                0x0000000000000094       0x48 build/lcd.o
 .progmem.gcc_sw_table
                0x00000000000000dc       0x16 build/atmel/can_lib.o
                0x00000000000000f2                . = ALIGN (0x2)
                0x00000000000000f2                __trampolines_start = .
 *(.trampolines)
 .trampolines   0x00000000000000f2        0x0 linker stubs
 *(.trampolines*)
                0x00000000000000f2                __trampolines_end = .
 *(.progmem*)
                0x00000000000000f2                . = ALIGN (0x2)
 *(.jumptables)
 *(.jumptables*)
 *(.lowtext)
 *(.lowtext*)
                0x00000000000000f2                __ctors_start = .
 *(.ctors)
                0x00000000000000f2                __ctors_end = .
                0x00000000000000f2                __dtors_start = .
 *(.dtors)
                0x00000000000000f2                __dtors_end = .
 SORT(*)(.ctors)
 SORT(*)(.dtors)
 *(.init0)
 .init0         0x00000000000000f2        0x0 /usr/lib/gcc/avr/4.9.2/../../../avr/lib/avr51/crtat90can128.o
                0x00000000000000f2                __init
 *(.init0)
 *(.init1)
 *(.init1)
 *(.init2)
 .init2         0x00000000000000f2        0xc /usr/lib/gcc/avr/4.9.2/../../../avr/lib/avr51/crtat90can128.o
 *(.init2)
 *(.init3)
 *(.init3)
 *(.init4)
 .init4         0x00000000000000fe       0x1a /usr/lib/gcc/avr/4.9.2/avr51/libgcc.a(_copy_data.o)
                0x00000000000000fe                __do_copy_data
 .init4         0x0000000000000118       0x10 /usr/lib/gcc/avr/4.9.2/avr51/libgcc.a(_clear_bss.o)
                0x0000000000000118                __do_clear_bss
 *(.init4)
 *(.init5)
 *(.init5)
 *(.init6)
 *(.init6)
 *(.init7)
 *(.init7)
 *(.init8)
 *(.init8)
 *(.init9)
 .init9         0x0000000000000128        0x8 /usr/lib/gcc/avr/4.9.2/../../../avr/lib/avr51/crtat90can128.o
 *(.init9)
 *(.text)
 .text          0x0000000000000130        0x4 /usr/lib/gcc/avr/4.9.2/../../../avr/lib/avr51/crtat90can128.o
                0x0000000000000130                __vector_22
                0x0000000000000130                __vector_28
                0x0000000000000130                __vector_1
                0x0000000000000130                __vector_32
                0x0000000000000130                __vector_34
                0x0000000000000130                __vector_24
                0x0000000000000130                __bad_interrupt
                0x0000000000000130                __vector_6
                0x0000000000000130                __vector_31
                0x0000000000000130                __vector_3
                0x0000000000000130                __vector_23
                0x0000000000000130                __vector_30
                0x0000000000000130                __vector_25
                0x0000000000000130                __vector_11
                0x0000000000000130                __vector_13
                0x0000000000000130                __vector_17
                0x0000000000000130                __vector_19
                0x0000000000000130                __vector_7
                0x0000000000000130                __vector_27
                0x0000000000000130                __vector_5
                0x0000000000000130                __vector_33
                0x0000000000000130                __vector_4
                0x0000000000000130                __vector_9
                0x0000000000000130                __vector_2
                0x0000000000000130                __vector_21
                0x0000000000000130                __vector_15
                0x0000000000000130                __vector_36
                0x0000000000000130                __vector_29
                0x0000000000000130                __vector_8
                0x0000000000000130                __vector_26
                0x0000000000000130                __vector_14
                0x0000000000000130                __vector_10
                0x0000000000000130                __vector_16
                0x0000000000000130                __vector_18
                0x0000000000000130                __vector_20
 .text          0x0000000000000134        0x0 build/main.o
 .text          0x0000000000000134      0x8da build/i2c.o
                0x0000000000000134                get_detect
                0x00000000000001a4                adc_init
                0x0000000000000206                power_init
                0x0000000000000270                select_shunt_voltage
                0x00000000000002ac                get_shunt_voltage
                0x000000000000031a                select_pack_voltage
                0x0000000000000356                get_pack_voltage
                0x00000000000003c4                get_adc_current
                0x000000000000042e                current_sensor_on
                0x000000000000046a                current_sensor_off
                0x00000000000004a6                lcd_transmit
                0x0000000000000524                lcd_reset
                0x0000000000000542                lcd_init
                0x00000000000005b8                lcd_off
                0x00000000000005f2                lcd_message
                0x000000000000061e                ams_reset_bypass
                0x0000000000000658                ams_set_bypass
                0x0000000000000694                ams_magic
                0x0000000000000712                locate_ams_boards
                0x000000000000076a                ams_cell_status
                0x000000000000084c                ams_cal
                0x00000000000008ee                ams_serial
                0x000000000000097e                get_ams_serial
                0x00000000000009d4                i2c_init
 .text          0x0000000000000a0e     0x2364 build/lcd.o
                0x0000000000000a0e                write_lcd
                0x0000000000000a44                clear_screen
                0x0000000000000a8e                display_top
                0x0000000000000f26                display_cell
                0x00000000000014dc                display_cell_cal
                0x000000000000182a                disp_invalid_addr
                0x00000000000018a6                wrong_password
                0x0000000000001922                lock_toggled
                0x00000000000019b4                confirm_config
                0x0000000000001b7e                set_config_param
                0x000000000000254e                display_error
                0x0000000000002602                disp_cell_info_screen
                0x00000000000026c2                disp_cell_cal_screen
                0x000000000000277c                disp_logged_states_screen
                0x0000000000002830                display_logged_states
 .text          0x0000000000002d72       0x9a build/task_button.o
                0x0000000000002d72                task_button_init
                0x0000000000002d98                task_button
 .text          0x0000000000002e0c      0x58e build/task_i2c.o
                0x0000000000002e0c                bypass_selection
                0x0000000000002f90                task_i2c
 .text          0x000000000000339a      0x3b8 build/task_can.o
                0x000000000000339a                task_can_init
                0x0000000000003426                task_can
 .text          0x0000000000003752      0x2ee build/task_gui.o
                0x0000000000003752                task_gui_init
                0x0000000000003756                task_gui
 .text          0x0000000000003a40       0x8c build/task_watchdog.o
                0x0000000000003a40                reset_watch_list
                0x0000000000003a56                task_watchdog
 .text          0x0000000000003acc      0x296 build/task_charge.o
                0x0000000000003acc                task_charge_init
                0x0000000000003af4                read_SOC
                0x0000000000003b2c                save_SOC
                0x0000000000003b4e                task_charge
 .text          0x0000000000003d62       0x48 build/task_safety.o
                0x0000000000003d62                safety_init
                0x0000000000003d70                task_safety
 .text          0x0000000000003daa      0x79a build/task_config.o
                0x0000000000003daa                task_config
 .text          0x0000000000004544       0x42 build/task_heartbeat.o
                0x0000000000004544                heartbeat_init
                0x000000000000454c                task_heartbeat
 .text          0x0000000000004586       0x5e build/tasklist.o
                0x0000000000004586                atomThreadStartAll
 .text          0x00000000000045e4       0x94 build/atomport-asm.o
                0x00000000000045e4                archContextSwitch
                0x0000000000004646                archFirstThreadRestore
 .text          0x0000000000004678      0x35e build/atomkernel.o
                0x000000000000467a                atomIntEnter
                0x000000000000468e                atomCurrentContext
                0x00000000000046aa                tcbEnqueuePriority
                0x000000000000472a                tcbDequeueHead
                0x0000000000004768                tcbDequeueEntry
                0x00000000000047e4                tcbDequeuePriority
                0x0000000000004824                atomSched
                0x00000000000048b0                atomThreadCreate
                0x000000000000494c                atomOSInit
                0x000000000000499c                atomIntExit
                0x00000000000049b4                atomOSStart
 .text          0x00000000000049d6      0x278 build/atomsem.o
                0x0000000000004a16                atomSemCreate
                0x0000000000004a2a                atomSemDelete
                0x0000000000004ab6                atomSemGet
                0x0000000000004bbc                atomSemPut
                0x0000000000004c3e                atomSemResetCount
 .text          0x0000000000004c4e      0x2bc build/atommutex.o
                0x0000000000004c8e                atomMutexCreate
                0x0000000000004ca6                atomMutexDelete
                0x0000000000004d32                atomMutexGet
                0x0000000000004e6a                atomMutexPut
 .text          0x0000000000004f0a      0x222 build/atomtimer.o
                0x0000000000004f28                atomTimerRegister
                0x0000000000004f72                atomTimerCancel
                0x0000000000004fc4                atomTimeGet
                0x0000000000004fd6                atomTimeSet
                0x0000000000004fe8                atomTimerTick
                0x0000000000005092                atomTimerDelay
 .text          0x000000000000512c      0x5a4 build/atomqueue.o
                0x00000000000052f0                atomQueueCreate
                0x000000000000535c                atomQueueDelete
                0x000000000000540a                atomQueueGet
                0x0000000000005570                atomQueuePut
 .text          0x00000000000056d0      0x110 build/atomport.o
                0x00000000000056f8                archThreadContextInit
                0x0000000000005758                avrInitSystemTickTimer
                0x0000000000005772                __vector_12
                0x00000000000057cc                __vector_default
 .text          0x00000000000057e0      0x1a4 build/atmel/TWI_Master.o
                0x00000000000057e0                TWI_Master_Initialise
                0x00000000000057f4                TWI_Transceiver_Busy
                0x00000000000057fc                TWI_Get_State_Info
                0x000000000000580a                TWI_Start_Transceiver_With_Data
                0x000000000000584e                TWI_Start_Transceiver
                0x0000000000005868                TWI_Get_Data_From_Transceiver
                0x0000000000005896                __vector_35
 .text          0x0000000000005984      0xaea build/atmel/can_lib.o
                0x0000000000005984                can_init
                0x000000000000599e                can_cmd
                0x000000000000635a                can_get_status
 .text          0x000000000000646e       0xca build/atmel/can_drv.o
                0x000000000000646e                can_clear_all_mob
                0x000000000000648e                can_get_mob_free
                0x00000000000064ba                can_get_mob_status
                0x00000000000064ea                can_get_data
                0x0000000000006512                can_fixed_baudrate
                0x000000000000652e                Max
 .text          0x0000000000006538        0x0 /usr/lib/gcc/avr/4.9.2/avr51/libgcc.a(_mulsi3.o)
 .text          0x0000000000006538        0x0 /usr/lib/gcc/avr/4.9.2/avr51/libgcc.a(_udivmodqi4.o)
 .text          0x0000000000006538        0x0 /usr/lib/gcc/avr/4.9.2/avr51/libgcc.a(_divmodqi4.o)
 .text          0x0000000000006538        0x0 /usr/lib/gcc/avr/4.9.2/avr51/libgcc.a(_udivmodhi4.o)
 .text          0x0000000000006538        0x0 /usr/lib/gcc/avr/4.9.2/avr51/libgcc.a(_divmodhi4.o)
 .text          0x0000000000006538        0x0 /usr/lib/gcc/avr/4.9.2/avr51/libgcc.a(_udivmodsi4.o)
 .text          0x0000000000006538        0x0 /usr/lib/gcc/avr/4.9.2/avr51/libgcc.a(_divmodsi4.o)
 .text          0x0000000000006538        0x0 /usr/lib/gcc/avr/4.9.2/avr51/libgcc.a(_negsi2.o)
 .text          0x0000000000006538        0x0 /usr/lib/gcc/avr/4.9.2/avr51/libgcc.a(_exit.o)
 .text          0x0000000000006538        0x0 /usr/lib/gcc/avr/4.9.2/avr51/libgcc.a(_tablejump2.o)
 .text          0x0000000000006538        0x0 /usr/lib/gcc/avr/4.9.2/avr51/libgcc.a(_copy_data.o)
 .text          0x0000000000006538        0x0 /usr/lib/gcc/avr/4.9.2/avr51/libgcc.a(_clear_bss.o)
 .text          0x0000000000006538        0x0 /usr/lib/gcc/avr/4.9.2/avr51/libgcc.a(_muluhisi3.o)
 .text          0x0000000000006538        0x0 /usr/lib/gcc/avr/4.9.2/avr51/libgcc.a(_umulhisi3.o)
 .text          0x0000000000006538        0x0 /usr/lib/gcc/avr/4.9.2/../../../avr/lib/avr51/libm.a(addsf3.o)
 .text          0x0000000000006538        0x0 /usr/lib/gcc/avr/4.9.2/../../../avr/lib/avr51/libm.a(addsf3x.o)
 .text          0x0000000000006538        0x0 /usr/lib/gcc/avr/4.9.2/../../../avr/lib/avr51/libm.a(cmpsf2.o)
 .text          0x0000000000006538        0x0 /usr/lib/gcc/avr/4.9.2/../../../avr/lib/avr51/libm.a(divsf3.o)
 .text          0x0000000000006538        0x0 /usr/lib/gcc/avr/4.9.2/../../../avr/lib/avr51/libm.a(divsf3x.o)
 .text          0x0000000000006538        0x0 /usr/lib/gcc/avr/4.9.2/../../../avr/lib/avr51/libm.a(fixsfsi.o)
 .text          0x0000000000006538        0x0 /usr/lib/gcc/avr/4.9.2/../../../avr/lib/avr51/libm.a(fixunssfsi.o)
 .text          0x0000000000006538        0x0 /usr/lib/gcc/avr/4.9.2/../../../avr/lib/avr51/libm.a(floatsisf.o)
 .text          0x0000000000006538        0x0 /usr/lib/gcc/avr/4.9.2/../../../avr/lib/avr51/libm.a(fp_cmp.o)
 .text          0x0000000000006538        0x0 /usr/lib/gcc/avr/4.9.2/../../../avr/lib/avr51/libm.a(fp_inf.o)
 .text          0x0000000000006538        0x0 /usr/lib/gcc/avr/4.9.2/../../../avr/lib/avr51/libm.a(fp_nan.o)
 .text          0x0000000000006538        0x0 /usr/lib/gcc/avr/4.9.2/../../../avr/lib/avr51/libm.a(fp_pscA.o)
 .text          0x0000000000006538        0x0 /usr/lib/gcc/avr/4.9.2/../../../avr/lib/avr51/libm.a(fp_pscB.o)
 .text          0x0000000000006538        0x0 /usr/lib/gcc/avr/4.9.2/../../../avr/lib/avr51/libm.a(fp_round.o)
 .text          0x0000000000006538        0x0 /usr/lib/gcc/avr/4.9.2/../../../avr/lib/avr51/libm.a(fp_split3.o)
 .text          0x0000000000006538        0x0 /usr/lib/gcc/avr/4.9.2/../../../avr/lib/avr51/libm.a(fp_zero.o)
 .text          0x0000000000006538        0x0 /usr/lib/gcc/avr/4.9.2/../../../avr/lib/avr51/libm.a(gesf2.o)
 .text          0x0000000000006538        0x0 /usr/lib/gcc/avr/4.9.2/../../../avr/lib/avr51/libm.a(mulsf3.o)
 .text          0x0000000000006538        0x0 /usr/lib/gcc/avr/4.9.2/../../../avr/lib/avr51/libm.a(mulsf3x.o)
 .text          0x0000000000006538        0x0 /usr/lib/gcc/avr/4.9.2/../../../avr/lib/avr51/libc.a(memcpy.o)
 .text          0x0000000000006538        0x0 /usr/lib/gcc/avr/4.9.2/../../../avr/lib/avr51/libc.a(itoa_ncheck.o)
 .text          0x0000000000006538        0x0 /usr/lib/gcc/avr/4.9.2/../../../avr/lib/avr51/libc.a(utoa_ncheck.o)
 .text          0x0000000000006538        0x0 /usr/lib/gcc/avr/4.9.2/../../../avr/lib/avr51/libc.a(sprintf.o)
 .text          0x0000000000006538        0x0 /usr/lib/gcc/avr/4.9.2/../../../avr/lib/avr51/libc.a(vfprintf_std.o)
 .text          0x0000000000006538        0x0 /usr/lib/gcc/avr/4.9.2/../../../avr/lib/avr51/libc.a(strnlen_P.o)
 .text          0x0000000000006538        0x0 /usr/lib/gcc/avr/4.9.2/../../../avr/lib/avr51/libc.a(strnlen.o)
 .text          0x0000000000006538        0x0 /usr/lib/gcc/avr/4.9.2/../../../avr/lib/avr51/libc.a(strrev.o)
 .text          0x0000000000006538        0x0 /usr/lib/gcc/avr/4.9.2/../../../avr/lib/avr51/libc.a(fputc.o)
 .text          0x0000000000006538        0x0 /usr/lib/gcc/avr/4.9.2/../../../avr/lib/avr51/libc.a(ultoa_invert.o)
 .text          0x0000000000006538        0x0 /usr/lib/gcc/avr/4.9.2/../../../avr/lib/avr51/libat90can128.a(eerd_byte.o)
 .text          0x0000000000006538        0x0 /usr/lib/gcc/avr/4.9.2/../../../avr/lib/avr51/libat90can128.a(eewr_byte.o)
                0x0000000000006538                . = ALIGN (0x2)
 *(.text.*)
 .text.startup  0x0000000000006538       0x3c build/main.o
                0x0000000000006538                main
 .text.libgcc.mul
                0x0000000000006574       0x20 /usr/lib/gcc/avr/4.9.2/avr51/libgcc.a(_mulsi3.o)
                0x0000000000006574                __mulsi3
 .text.libgcc.div
                0x0000000000006594        0x0 /usr/lib/gcc/avr/4.9.2/avr51/libgcc.a(_mulsi3.o)
 .text.libgcc   0x0000000000006594        0x0 /usr/lib/gcc/avr/4.9.2/avr51/libgcc.a(_mulsi3.o)
 .text.libgcc.prologue
                0x0000000000006594        0x0 /usr/lib/gcc/avr/4.9.2/avr51/libgcc.a(_mulsi3.o)
 .text.libgcc.builtins
                0x0000000000006594        0x0 /usr/lib/gcc/avr/4.9.2/avr51/libgcc.a(_mulsi3.o)
 .text.libgcc.fmul
                0x0000000000006594        0x0 /usr/lib/gcc/avr/4.9.2/avr51/libgcc.a(_mulsi3.o)
 .text.libgcc.fixed
                0x0000000000006594        0x0 /usr/lib/gcc/avr/4.9.2/avr51/libgcc.a(_mulsi3.o)
 .text.libgcc.mul
                0x0000000000006594        0x0 /usr/lib/gcc/avr/4.9.2/avr51/libgcc.a(_udivmodqi4.o)
 .text.libgcc.div
                0x0000000000006594       0x18 /usr/lib/gcc/avr/4.9.2/avr51/libgcc.a(_udivmodqi4.o)
                0x0000000000006594                __udivmodqi4
 .text.libgcc   0x00000000000065ac        0x0 /usr/lib/gcc/avr/4.9.2/avr51/libgcc.a(_udivmodqi4.o)
 .text.libgcc.prologue
                0x00000000000065ac        0x0 /usr/lib/gcc/avr/4.9.2/avr51/libgcc.a(_udivmodqi4.o)
 .text.libgcc.builtins
                0x00000000000065ac        0x0 /usr/lib/gcc/avr/4.9.2/avr51/libgcc.a(_udivmodqi4.o)
 .text.libgcc.fmul
                0x00000000000065ac        0x0 /usr/lib/gcc/avr/4.9.2/avr51/libgcc.a(_udivmodqi4.o)
 .text.libgcc.fixed
                0x00000000000065ac        0x0 /usr/lib/gcc/avr/4.9.2/avr51/libgcc.a(_udivmodqi4.o)
 .text.libgcc.mul
                0x00000000000065ac        0x0 /usr/lib/gcc/avr/4.9.2/avr51/libgcc.a(_divmodqi4.o)
 .text.libgcc.div
                0x00000000000065ac       0x1c /usr/lib/gcc/avr/4.9.2/avr51/libgcc.a(_divmodqi4.o)
                0x00000000000065ac                __divmodqi4
 .text.libgcc   0x00000000000065c8        0x0 /usr/lib/gcc/avr/4.9.2/avr51/libgcc.a(_divmodqi4.o)
 .text.libgcc.prologue
                0x00000000000065c8        0x0 /usr/lib/gcc/avr/4.9.2/avr51/libgcc.a(_divmodqi4.o)
 .text.libgcc.builtins
                0x00000000000065c8        0x0 /usr/lib/gcc/avr/4.9.2/avr51/libgcc.a(_divmodqi4.o)
 .text.libgcc.fmul
                0x00000000000065c8        0x0 /usr/lib/gcc/avr/4.9.2/avr51/libgcc.a(_divmodqi4.o)
 .text.libgcc.fixed
                0x00000000000065c8        0x0 /usr/lib/gcc/avr/4.9.2/avr51/libgcc.a(_divmodqi4.o)
 .text.libgcc.mul
                0x00000000000065c8        0x0 /usr/lib/gcc/avr/4.9.2/avr51/libgcc.a(_udivmodhi4.o)
 .text.libgcc.div
                0x00000000000065c8       0x28 /usr/lib/gcc/avr/4.9.2/avr51/libgcc.a(_udivmodhi4.o)
                0x00000000000065c8                __udivmodhi4
 .text.libgcc   0x00000000000065f0        0x0 /usr/lib/gcc/avr/4.9.2/avr51/libgcc.a(_udivmodhi4.o)
 .text.libgcc.prologue
                0x00000000000065f0        0x0 /usr/lib/gcc/avr/4.9.2/avr51/libgcc.a(_udivmodhi4.o)
 .text.libgcc.builtins
                0x00000000000065f0        0x0 /usr/lib/gcc/avr/4.9.2/avr51/libgcc.a(_udivmodhi4.o)
 .text.libgcc.fmul
                0x00000000000065f0        0x0 /usr/lib/gcc/avr/4.9.2/avr51/libgcc.a(_udivmodhi4.o)
 .text.libgcc.fixed
                0x00000000000065f0        0x0 /usr/lib/gcc/avr/4.9.2/avr51/libgcc.a(_udivmodhi4.o)
 .text.libgcc.mul
                0x00000000000065f0        0x0 /usr/lib/gcc/avr/4.9.2/avr51/libgcc.a(_divmodhi4.o)
 .text.libgcc.div
                0x00000000000065f0       0x28 /usr/lib/gcc/avr/4.9.2/avr51/libgcc.a(_divmodhi4.o)
                0x00000000000065f0                __divmodhi4
                0x00000000000065f0                _div
 .text.libgcc   0x0000000000006618        0x0 /usr/lib/gcc/avr/4.9.2/avr51/libgcc.a(_divmodhi4.o)
 .text.libgcc.prologue
                0x0000000000006618        0x0 /usr/lib/gcc/avr/4.9.2/avr51/libgcc.a(_divmodhi4.o)
 .text.libgcc.builtins
                0x0000000000006618        0x0 /usr/lib/gcc/avr/4.9.2/avr51/libgcc.a(_divmodhi4.o)
 .text.libgcc.fmul
                0x0000000000006618        0x0 /usr/lib/gcc/avr/4.9.2/avr51/libgcc.a(_divmodhi4.o)
 .text.libgcc.fixed
                0x0000000000006618        0x0 /usr/lib/gcc/avr/4.9.2/avr51/libgcc.a(_divmodhi4.o)
 .text.libgcc.mul
                0x0000000000006618        0x0 /usr/lib/gcc/avr/4.9.2/avr51/libgcc.a(_udivmodsi4.o)
 .text.libgcc.div
                0x0000000000006618       0x44 /usr/lib/gcc/avr/4.9.2/avr51/libgcc.a(_udivmodsi4.o)
                0x0000000000006618                __udivmodsi4
 .text.libgcc   0x000000000000665c        0x0 /usr/lib/gcc/avr/4.9.2/avr51/libgcc.a(_udivmodsi4.o)
 .text.libgcc.prologue
                0x000000000000665c        0x0 /usr/lib/gcc/avr/4.9.2/avr51/libgcc.a(_udivmodsi4.o)
 .text.libgcc.builtins
                0x000000000000665c        0x0 /usr/lib/gcc/avr/4.9.2/avr51/libgcc.a(_udivmodsi4.o)
 .text.libgcc.fmul
                0x000000000000665c        0x0 /usr/lib/gcc/avr/4.9.2/avr51/libgcc.a(_udivmodsi4.o)
 .text.libgcc.fixed
                0x000000000000665c        0x0 /usr/lib/gcc/avr/4.9.2/avr51/libgcc.a(_udivmodsi4.o)
 .text.libgcc.mul
                0x000000000000665c        0x0 /usr/lib/gcc/avr/4.9.2/avr51/libgcc.a(_divmodsi4.o)
 .text.libgcc.div
                0x000000000000665c       0x2e /usr/lib/gcc/avr/4.9.2/avr51/libgcc.a(_divmodsi4.o)
                0x000000000000665c                __divmodsi4
 .text.libgcc   0x000000000000668a        0x0 /usr/lib/gcc/avr/4.9.2/avr51/libgcc.a(_divmodsi4.o)
 .text.libgcc.prologue
                0x000000000000668a        0x0 /usr/lib/gcc/avr/4.9.2/avr51/libgcc.a(_divmodsi4.o)
 .text.libgcc.builtins
                0x000000000000668a        0x0 /usr/lib/gcc/avr/4.9.2/avr51/libgcc.a(_divmodsi4.o)
 .text.libgcc.fmul
                0x000000000000668a        0x0 /usr/lib/gcc/avr/4.9.2/avr51/libgcc.a(_divmodsi4.o)
 .text.libgcc.fixed
                0x000000000000668a        0x0 /usr/lib/gcc/avr/4.9.2/avr51/libgcc.a(_divmodsi4.o)
 .text.libgcc.mul
                0x000000000000668a        0x0 /usr/lib/gcc/avr/4.9.2/avr51/libgcc.a(_negsi2.o)
 .text.libgcc.div
                0x000000000000668a       0x10 /usr/lib/gcc/avr/4.9.2/avr51/libgcc.a(_negsi2.o)
                0x000000000000668a                __negsi2
 .text.libgcc   0x000000000000669a        0x0 /usr/lib/gcc/avr/4.9.2/avr51/libgcc.a(_negsi2.o)
 .text.libgcc.prologue
                0x000000000000669a        0x0 /usr/lib/gcc/avr/4.9.2/avr51/libgcc.a(_negsi2.o)
 .text.libgcc.builtins
                0x000000000000669a        0x0 /usr/lib/gcc/avr/4.9.2/avr51/libgcc.a(_negsi2.o)
 .text.libgcc.fmul
                0x000000000000669a        0x0 /usr/lib/gcc/avr/4.9.2/avr51/libgcc.a(_negsi2.o)
 .text.libgcc.fixed
                0x000000000000669a        0x0 /usr/lib/gcc/avr/4.9.2/avr51/libgcc.a(_negsi2.o)
 .text.libgcc.mul
                0x000000000000669a        0x0 /usr/lib/gcc/avr/4.9.2/avr51/libgcc.a(_exit.o)
 .text.libgcc.div
                0x000000000000669a        0x0 /usr/lib/gcc/avr/4.9.2/avr51/libgcc.a(_exit.o)
 .text.libgcc   0x000000000000669a        0x0 /usr/lib/gcc/avr/4.9.2/avr51/libgcc.a(_exit.o)
 .text.libgcc.prologue
                0x000000000000669a        0x0 /usr/lib/gcc/avr/4.9.2/avr51/libgcc.a(_exit.o)
 .text.libgcc.builtins
                0x000000000000669a        0x0 /usr/lib/gcc/avr/4.9.2/avr51/libgcc.a(_exit.o)
 .text.libgcc.fmul
                0x000000000000669a        0x0 /usr/lib/gcc/avr/4.9.2/avr51/libgcc.a(_exit.o)
 .text.libgcc.fixed
                0x000000000000669a        0x0 /usr/lib/gcc/avr/4.9.2/avr51/libgcc.a(_exit.o)
 .text.libgcc.mul
                0x000000000000669a        0x0 /usr/lib/gcc/avr/4.9.2/avr51/libgcc.a(_tablejump2.o)
 .text.libgcc.div
                0x000000000000669a        0x0 /usr/lib/gcc/avr/4.9.2/avr51/libgcc.a(_tablejump2.o)
 .text.libgcc   0x000000000000669a       0x12 /usr/lib/gcc/avr/4.9.2/avr51/libgcc.a(_tablejump2.o)
                0x000000000000669a                __tablejump2__
 .text.libgcc.prologue
                0x00000000000066ac        0x0 /usr/lib/gcc/avr/4.9.2/avr51/libgcc.a(_tablejump2.o)
 .text.libgcc.builtins
                0x00000000000066ac        0x0 /usr/lib/gcc/avr/4.9.2/avr51/libgcc.a(_tablejump2.o)
 .text.libgcc.fmul
                0x00000000000066ac        0x0 /usr/lib/gcc/avr/4.9.2/avr51/libgcc.a(_tablejump2.o)
 .text.libgcc.fixed
                0x00000000000066ac        0x0 /usr/lib/gcc/avr/4.9.2/avr51/libgcc.a(_tablejump2.o)
 .text.libgcc.mul
                0x00000000000066ac        0x0 /usr/lib/gcc/avr/4.9.2/avr51/libgcc.a(_copy_data.o)
 .text.libgcc.div
                0x00000000000066ac        0x0 /usr/lib/gcc/avr/4.9.2/avr51/libgcc.a(_copy_data.o)
 .text.libgcc   0x00000000000066ac        0x0 /usr/lib/gcc/avr/4.9.2/avr51/libgcc.a(_copy_data.o)
 .text.libgcc.prologue
                0x00000000000066ac        0x0 /usr/lib/gcc/avr/4.9.2/avr51/libgcc.a(_copy_data.o)
 .text.libgcc.builtins
                0x00000000000066ac        0x0 /usr/lib/gcc/avr/4.9.2/avr51/libgcc.a(_copy_data.o)
 .text.libgcc.fmul
                0x00000000000066ac        0x0 /usr/lib/gcc/avr/4.9.2/avr51/libgcc.a(_copy_data.o)
 .text.libgcc.fixed
                0x00000000000066ac        0x0 /usr/lib/gcc/avr/4.9.2/avr51/libgcc.a(_copy_data.o)
 .text.libgcc.mul
                0x00000000000066ac        0x0 /usr/lib/gcc/avr/4.9.2/avr51/libgcc.a(_clear_bss.o)
 .text.libgcc.div
                0x00000000000066ac        0x0 /usr/lib/gcc/avr/4.9.2/avr51/libgcc.a(_clear_bss.o)
 .text.libgcc   0x00000000000066ac        0x0 /usr/lib/gcc/avr/4.9.2/avr51/libgcc.a(_clear_bss.o)
 .text.libgcc.prologue
                0x00000000000066ac        0x0 /usr/lib/gcc/avr/4.9.2/avr51/libgcc.a(_clear_bss.o)
 .text.libgcc.builtins
                0x00000000000066ac        0x0 /usr/lib/gcc/avr/4.9.2/avr51/libgcc.a(_clear_bss.o)
 .text.libgcc.fmul
                0x00000000000066ac        0x0 /usr/lib/gcc/avr/4.9.2/avr51/libgcc.a(_clear_bss.o)
 .text.libgcc.fixed
                0x00000000000066ac        0x0 /usr/lib/gcc/avr/4.9.2/avr51/libgcc.a(_clear_bss.o)
 .text.libgcc.mul
                0x00000000000066ac       0x16 /usr/lib/gcc/avr/4.9.2/avr51/libgcc.a(_muluhisi3.o)
                0x00000000000066ac                __muluhisi3
 .text.libgcc.div
                0x00000000000066c2        0x0 /usr/lib/gcc/avr/4.9.2/avr51/libgcc.a(_muluhisi3.o)
 .text.libgcc   0x00000000000066c2        0x0 /usr/lib/gcc/avr/4.9.2/avr51/libgcc.a(_muluhisi3.o)
 .text.libgcc.prologue
                0x00000000000066c2        0x0 /usr/lib/gcc/avr/4.9.2/avr51/libgcc.a(_muluhisi3.o)
 .text.libgcc.builtins
                0x00000000000066c2        0x0 /usr/lib/gcc/avr/4.9.2/avr51/libgcc.a(_muluhisi3.o)
 .text.libgcc.fmul
                0x00000000000066c2        0x0 /usr/lib/gcc/avr/4.9.2/avr51/libgcc.a(_muluhisi3.o)
 .text.libgcc.fixed
                0x00000000000066c2        0x0 /usr/lib/gcc/avr/4.9.2/avr51/libgcc.a(_muluhisi3.o)
 .text.libgcc.mul
                0x00000000000066c2       0x1e /usr/lib/gcc/avr/4.9.2/avr51/libgcc.a(_umulhisi3.o)
                0x00000000000066c2                __umulhisi3
 .text.libgcc.div
                0x00000000000066e0        0x0 /usr/lib/gcc/avr/4.9.2/avr51/libgcc.a(_umulhisi3.o)
 .text.libgcc   0x00000000000066e0        0x0 /usr/lib/gcc/avr/4.9.2/avr51/libgcc.a(_umulhisi3.o)
 .text.libgcc.prologue
                0x00000000000066e0        0x0 /usr/lib/gcc/avr/4.9.2/avr51/libgcc.a(_umulhisi3.o)
 .text.libgcc.builtins
                0x00000000000066e0        0x0 /usr/lib/gcc/avr/4.9.2/avr51/libgcc.a(_umulhisi3.o)
 .text.libgcc.fmul
                0x00000000000066e0        0x0 /usr/lib/gcc/avr/4.9.2/avr51/libgcc.a(_umulhisi3.o)
 .text.libgcc.fixed
                0x00000000000066e0        0x0 /usr/lib/gcc/avr/4.9.2/avr51/libgcc.a(_umulhisi3.o)
 .text.avr-libc.fplib
                0x00000000000066e0        0xe /usr/lib/gcc/avr/4.9.2/../../../avr/lib/avr51/libm.a(addsf3.o)
                0x00000000000066e0                __subsf3
                0x00000000000066e2                __addsf3
 .text.avr-libc.fplib
                0x00000000000066ee       0xcc /usr/lib/gcc/avr/4.9.2/../../../avr/lib/avr51/libm.a(addsf3x.o)
                0x0000000000006710                __addsf3x
 .text.avr-libc.fplib
                0x00000000000067ba        0xa /usr/lib/gcc/avr/4.9.2/../../../avr/lib/avr51/libm.a(cmpsf2.o)
                0x00000000000067ba                __lesf2
                0x00000000000067ba                __nesf2
                0x00000000000067ba                __eqsf2
                0x00000000000067ba                __cmpsf2
                0x00000000000067ba                __ltsf2
 .text.avr-libc.fplib
                0x00000000000067c4        0x8 /usr/lib/gcc/avr/4.9.2/../../../avr/lib/avr51/libm.a(divsf3.o)
                0x00000000000067c4                __divsf3
 .text.avr-libc.fplib
                0x00000000000067cc       0xdc /usr/lib/gcc/avr/4.9.2/../../../avr/lib/avr51/libm.a(divsf3x.o)
                0x00000000000067ec                __divsf3x
                0x00000000000067f2                __divsf3_pse
 .text.avr-libc.fplib
                0x00000000000068a8        0xe /usr/lib/gcc/avr/4.9.2/../../../avr/lib/avr51/libm.a(fixsfsi.o)
                0x00000000000068a8                __fixsfsi
 .text.avr-libc.fplib
                0x00000000000068b6       0x5e /usr/lib/gcc/avr/4.9.2/../../../avr/lib/avr51/libm.a(fixunssfsi.o)
                0x00000000000068b6                __fixunssfsi
 .text.avr-libc.fplib
                0x0000000000006914       0x7a /usr/lib/gcc/avr/4.9.2/../../../avr/lib/avr51/libm.a(floatsisf.o)
                0x0000000000006914                __floatunsisf
                0x0000000000006918                __floatsisf
 .text.avr-libc.fplib
                0x000000000000698e       0x48 /usr/lib/gcc/avr/4.9.2/../../../avr/lib/avr51/libm.a(fp_cmp.o)
                0x000000000000698e                __fp_cmp
 .text.avr-libc.fplib
                0x00000000000069d6        0xc /usr/lib/gcc/avr/4.9.2/../../../avr/lib/avr51/libm.a(fp_inf.o)
                0x00000000000069d6                __fp_inf
 .text.avr-libc.fplib
                0x00000000000069e2        0x6 /usr/lib/gcc/avr/4.9.2/../../../avr/lib/avr51/libm.a(fp_nan.o)
                0x00000000000069e2                __fp_nan
 .text.avr-libc.fplib
                0x00000000000069e8        0xe /usr/lib/gcc/avr/4.9.2/../../../avr/lib/avr51/libm.a(fp_pscA.o)
                0x00000000000069e8                __fp_pscA
 .text.avr-libc.fplib
                0x00000000000069f6        0xe /usr/lib/gcc/avr/4.9.2/../../../avr/lib/avr51/libm.a(fp_pscB.o)
                0x00000000000069f6                __fp_pscB
 .text.avr-libc.fplib
                0x0000000000006a04       0x22 /usr/lib/gcc/avr/4.9.2/../../../avr/lib/avr51/libm.a(fp_round.o)
                0x0000000000006a04                __fp_round
 .text.avr-libc.fplib
                0x0000000000006a26       0x44 /usr/lib/gcc/avr/4.9.2/../../../avr/lib/avr51/libm.a(fp_split3.o)
                0x0000000000006a26                __fp_split3
                0x0000000000006a36                __fp_splitA
 .text.avr-libc.fplib
                0x0000000000006a6a        0xe /usr/lib/gcc/avr/4.9.2/../../../avr/lib/avr51/libm.a(fp_zero.o)
                0x0000000000006a6a                __fp_zero
                0x0000000000006a6c                __fp_szero
 .text.avr-libc.fplib
                0x0000000000006a78        0xa /usr/lib/gcc/avr/4.9.2/../../../avr/lib/avr51/libm.a(gesf2.o)
                0x0000000000006a78                __gtsf2
                0x0000000000006a78                __gesf2
 .text.avr-libc.fplib
                0x0000000000006a82        0x8 /usr/lib/gcc/avr/4.9.2/../../../avr/lib/avr51/libm.a(mulsf3.o)
                0x0000000000006a82                __mulsf3
 .text.avr-libc.fplib
                0x0000000000006a8a       0xd2 /usr/lib/gcc/avr/4.9.2/../../../avr/lib/avr51/libm.a(mulsf3x.o)
                0x0000000000006aa8                __mulsf3x
                0x0000000000006aae                __mulsf3_pse
 .text.avr-libc
                0x0000000000006b5c       0x12 /usr/lib/gcc/avr/4.9.2/../../../avr/lib/avr51/libc.a(memcpy.o)
                0x0000000000006b5c                memcpy
 .text.avr-libc
                0x0000000000006b6e       0x16 /usr/lib/gcc/avr/4.9.2/../../../avr/lib/avr51/libc.a(itoa_ncheck.o)
                0x0000000000006b6e                __itoa_ncheck
 .text.avr-libc
                0x0000000000006b84       0x34 /usr/lib/gcc/avr/4.9.2/../../../avr/lib/avr51/libc.a(utoa_ncheck.o)
                0x0000000000006b84                __utoa_ncheck
                0x0000000000006b86                __utoa_common
 .text.avr-libc
                0x0000000000006bb8       0x60 /usr/lib/gcc/avr/4.9.2/../../../avr/lib/avr51/libc.a(sprintf.o)
                0x0000000000006bb8                sprintf
 .text.avr-libc
                0x0000000000006c18      0x3f6 /usr/lib/gcc/avr/4.9.2/../../../avr/lib/avr51/libc.a(vfprintf_std.o)
                0x0000000000006c18                vfprintf
 .text.avr-libc
                0x000000000000700e       0x16 /usr/lib/gcc/avr/4.9.2/../../../avr/lib/avr51/libc.a(strnlen_P.o)
                0x000000000000700e                strnlen_P
 .text.avr-libc
                0x0000000000007024       0x16 /usr/lib/gcc/avr/4.9.2/../../../avr/lib/avr51/libc.a(strnlen.o)
                0x0000000000007024                strnlen
 .text.avr-libc
                0x000000000000703a       0x20 /usr/lib/gcc/avr/4.9.2/../../../avr/lib/avr51/libc.a(strrev.o)
                0x000000000000703a                strrev
 .text.avr-libc
                0x000000000000705a       0x70 /usr/lib/gcc/avr/4.9.2/../../../avr/lib/avr51/libc.a(fputc.o)
                0x000000000000705a                fputc
 .text.avr-libc
                0x00000000000070ca       0xbc /usr/lib/gcc/avr/4.9.2/../../../avr/lib/avr51/libc.a(ultoa_invert.o)
                0x00000000000070ca                __ultoa_invert
 .text.avr-libc
                0x0000000000007186       0x10 /usr/lib/gcc/avr/4.9.2/../../../avr/lib/avr51/libat90can128.a(eerd_byte.o)
                0x0000000000007186                eeprom_read_byte
 .text.avr-libc
                0x0000000000007196       0x1a /usr/lib/gcc/avr/4.9.2/../../../avr/lib/avr51/libat90can128.a(eewr_byte.o)
                0x0000000000007196                eeprom_write_byte
                0x0000000000007198                eeprom_write_r18
                0x00000000000071b0                . = ALIGN (0x2)
 *(.fini9)
 .fini9         0x00000000000071b0        0x0 /usr/lib/gcc/avr/4.9.2/avr51/libgcc.a(_exit.o)
                0x00000000000071b0                exit
                0x00000000000071b0                _exit
 *(.fini9)
 *(.fini8)
 *(.fini8)
 *(.fini7)
 *(.fini7)
 *(.fini6)
 *(.fini6)
 *(.fini5)
 *(.fini5)
 *(.fini4)
 *(.fini4)
 *(.fini3)
 *(.fini3)
 *(.fini2)
 *(.fini2)
 *(.fini1)
 *(.fini1)
 *(.fini0)
 .fini0         0x00000000000071b0        0x4 /usr/lib/gcc/avr/4.9.2/avr51/libgcc.a(_exit.o)
 *(.fini0)
                0x00000000000071b4                _etext = .

.data           0x0000000000800100      0x2e6 load address 0x00000000000071b4
                0x0000000000800100                PROVIDE (__data_start, .)
 *(.data)
 .data          0x0000000000800100        0x0 /usr/lib/gcc/avr/4.9.2/../../../avr/lib/avr51/crtat90can128.o
 .data          0x0000000000800100        0x0 build/main.o
 .data          0x0000000000800100        0x0 build/i2c.o
 .data          0x0000000000800100        0x0 build/lcd.o
 .data          0x0000000000800100        0x0 build/task_button.o
 .data          0x0000000000800100        0x0 build/task_i2c.o
 .data          0x0000000000800100        0x0 build/task_can.o
 .data          0x0000000000800100        0x0 build/task_gui.o
 .data          0x0000000000800100        0x0 build/task_watchdog.o
 .data          0x0000000000800100        0x0 build/task_charge.o
 .data          0x0000000000800100        0x0 build/task_safety.o
 .data          0x0000000000800100        0x0 build/task_config.o
 .data          0x0000000000800100        0x0 build/task_heartbeat.o
 .data          0x0000000000800100        0x0 build/tasklist.o
 .data          0x0000000000800100        0x0 build/atomport-asm.o
 .data          0x0000000000800100        0x0 build/atomkernel.o
 .data          0x0000000000800100        0x0 build/atomsem.o
 .data          0x0000000000800100        0x0 build/atommutex.o
 .data          0x0000000000800100        0x0 build/atomtimer.o
 .data          0x0000000000800100        0x0 build/atomqueue.o
 .data          0x0000000000800100        0x0 build/atomport.o
 .data          0x0000000000800100        0x1 build/atmel/TWI_Master.o
 .data          0x0000000000800101        0x0 build/atmel/can_lib.o
 .data          0x0000000000800101        0x0 build/atmel/can_drv.o
 .data          0x0000000000800101        0x0 /usr/lib/gcc/avr/4.9.2/avr51/libgcc.a(_mulsi3.o)
 .data          0x0000000000800101        0x0 /usr/lib/gcc/avr/4.9.2/avr51/libgcc.a(_udivmodqi4.o)
 .data          0x0000000000800101        0x0 /usr/lib/gcc/avr/4.9.2/avr51/libgcc.a(_divmodqi4.o)
 .data          0x0000000000800101        0x0 /usr/lib/gcc/avr/4.9.2/avr51/libgcc.a(_udivmodhi4.o)
 .data          0x0000000000800101        0x0 /usr/lib/gcc/avr/4.9.2/avr51/libgcc.a(_divmodhi4.o)
 .data          0x0000000000800101        0x0 /usr/lib/gcc/avr/4.9.2/avr51/libgcc.a(_udivmodsi4.o)
 .data          0x0000000000800101        0x0 /usr/lib/gcc/avr/4.9.2/avr51/libgcc.a(_divmodsi4.o)
 .data          0x0000000000800101        0x0 /usr/lib/gcc/avr/4.9.2/avr51/libgcc.a(_negsi2.o)
 .data          0x0000000000800101        0x0 /usr/lib/gcc/avr/4.9.2/avr51/libgcc.a(_exit.o)
 .data          0x0000000000800101        0x0 /usr/lib/gcc/avr/4.9.2/avr51/libgcc.a(_tablejump2.o)
 .data          0x0000000000800101        0x0 /usr/lib/gcc/avr/4.9.2/avr51/libgcc.a(_copy_data.o)
 .data          0x0000000000800101        0x0 /usr/lib/gcc/avr/4.9.2/avr51/libgcc.a(_clear_bss.o)
 .data          0x0000000000800101        0x0 /usr/lib/gcc/avr/4.9.2/avr51/libgcc.a(_muluhisi3.o)
 .data          0x0000000000800101        0x0 /usr/lib/gcc/avr/4.9.2/avr51/libgcc.a(_umulhisi3.o)
 .data          0x0000000000800101        0x0 /usr/lib/gcc/avr/4.9.2/../../../avr/lib/avr51/libm.a(addsf3.o)
 .data          0x0000000000800101        0x0 /usr/lib/gcc/avr/4.9.2/../../../avr/lib/avr51/libm.a(addsf3x.o)
 .data          0x0000000000800101        0x0 /usr/lib/gcc/avr/4.9.2/../../../avr/lib/avr51/libm.a(cmpsf2.o)
 .data          0x0000000000800101        0x0 /usr/lib/gcc/avr/4.9.2/../../../avr/lib/avr51/libm.a(divsf3.o)
 .data          0x0000000000800101        0x0 /usr/lib/gcc/avr/4.9.2/../../../avr/lib/avr51/libm.a(divsf3x.o)
 .data          0x0000000000800101        0x0 /usr/lib/gcc/avr/4.9.2/../../../avr/lib/avr51/libm.a(fixsfsi.o)
 .data          0x0000000000800101        0x0 /usr/lib/gcc/avr/4.9.2/../../../avr/lib/avr51/libm.a(fixunssfsi.o)
 .data          0x0000000000800101        0x0 /usr/lib/gcc/avr/4.9.2/../../../avr/lib/avr51/libm.a(floatsisf.o)
 .data          0x0000000000800101        0x0 /usr/lib/gcc/avr/4.9.2/../../../avr/lib/avr51/libm.a(fp_cmp.o)
 .data          0x0000000000800101        0x0 /usr/lib/gcc/avr/4.9.2/../../../avr/lib/avr51/libm.a(fp_inf.o)
 .data          0x0000000000800101        0x0 /usr/lib/gcc/avr/4.9.2/../../../avr/lib/avr51/libm.a(fp_nan.o)
 .data          0x0000000000800101        0x0 /usr/lib/gcc/avr/4.9.2/../../../avr/lib/avr51/libm.a(fp_pscA.o)
 .data          0x0000000000800101        0x0 /usr/lib/gcc/avr/4.9.2/../../../avr/lib/avr51/libm.a(fp_pscB.o)
 .data          0x0000000000800101        0x0 /usr/lib/gcc/avr/4.9.2/../../../avr/lib/avr51/libm.a(fp_round.o)
 .data          0x0000000000800101        0x0 /usr/lib/gcc/avr/4.9.2/../../../avr/lib/avr51/libm.a(fp_split3.o)
 .data          0x0000000000800101        0x0 /usr/lib/gcc/avr/4.9.2/../../../avr/lib/avr51/libm.a(fp_zero.o)
 .data          0x0000000000800101        0x0 /usr/lib/gcc/avr/4.9.2/../../../avr/lib/avr51/libm.a(gesf2.o)
 .data          0x0000000000800101        0x0 /usr/lib/gcc/avr/4.9.2/../../../avr/lib/avr51/libm.a(mulsf3.o)
 .data          0x0000000000800101        0x0 /usr/lib/gcc/avr/4.9.2/../../../avr/lib/avr51/libm.a(mulsf3x.o)
 .data          0x0000000000800101        0x0 /usr/lib/gcc/avr/4.9.2/../../../avr/lib/avr51/libc.a(memcpy.o)
 .data          0x0000000000800101        0x0 /usr/lib/gcc/avr/4.9.2/../../../avr/lib/avr51/libc.a(itoa_ncheck.o)
 .data          0x0000000000800101        0x0 /usr/lib/gcc/avr/4.9.2/../../../avr/lib/avr51/libc.a(utoa_ncheck.o)
 .data          0x0000000000800101        0x0 /usr/lib/gcc/avr/4.9.2/../../../avr/lib/avr51/libc.a(sprintf.o)
 .data          0x0000000000800101        0x0 /usr/lib/gcc/avr/4.9.2/../../../avr/lib/avr51/libc.a(vfprintf_std.o)
 .data          0x0000000000800101        0x0 /usr/lib/gcc/avr/4.9.2/../../../avr/lib/avr51/libc.a(strnlen_P.o)
 .data          0x0000000000800101        0x0 /usr/lib/gcc/avr/4.9.2/../../../avr/lib/avr51/libc.a(strnlen.o)
 .data          0x0000000000800101        0x0 /usr/lib/gcc/avr/4.9.2/../../../avr/lib/avr51/libc.a(strrev.o)
 .data          0x0000000000800101        0x0 /usr/lib/gcc/avr/4.9.2/../../../avr/lib/avr51/libc.a(fputc.o)
 .data          0x0000000000800101        0x0 /usr/lib/gcc/avr/4.9.2/../../../avr/lib/avr51/libc.a(ultoa_invert.o)
 .data          0x0000000000800101        0x0 /usr/lib/gcc/avr/4.9.2/../../../avr/lib/avr51/libat90can128.a(eerd_byte.o)
 .data          0x0000000000800101        0x0 /usr/lib/gcc/avr/4.9.2/../../../avr/lib/avr51/libat90can128.a(eewr_byte.o)
 *(.data*)
 *(.rodata)
 .rodata        0x0000000000800101       0x87 build/tasklist.o
                0x0000000000800101                task_list
 *(.rodata*)
 .rodata.str1.1
                0x0000000000800188      0x25d build/lcd.o
                                        0x264 (size before relaxing)
 *(.gnu.linkonce.d*)
                0x00000000008003e6                . = ALIGN (0x2)
 *fill*         0x00000000008003e5        0x1 
                0x00000000008003e6                _edata = .
                0x00000000008003e6                PROVIDE (__data_end, .)

.bss            0x00000000008003e6      0xbe3
                0x00000000008003e6                PROVIDE (__bss_start, .)
 *(.bss)
 .bss           0x00000000008003e6        0x0 /usr/lib/gcc/avr/4.9.2/../../../avr/lib/avr51/crtat90can128.o
 .bss           0x00000000008003e6      0x200 build/main.o
 .bss           0x00000000008005e6        0x0 build/i2c.o
 .bss           0x00000000008005e6        0x0 build/lcd.o
 .bss           0x00000000008005e6        0x0 build/task_button.o
 .bss           0x00000000008005e6        0x0 build/task_i2c.o
 .bss           0x00000000008005e6        0x0 build/task_can.o
 .bss           0x00000000008005e6        0x0 build/task_gui.o
 .bss           0x00000000008005e6        0x0 build/task_watchdog.o
 .bss           0x00000000008005e6        0x0 build/task_charge.o
 .bss           0x00000000008005e6        0x0 build/task_safety.o
 .bss           0x00000000008005e6        0x0 build/task_config.o
 .bss           0x00000000008005e6        0x0 build/task_heartbeat.o
 .bss           0x00000000008005e6      0x7a1 build/tasklist.o
 .bss           0x0000000000800d87        0x0 build/atomport-asm.o
 .bss           0x0000000000800d87       0x18 build/atomkernel.o
                0x0000000000800d87                atomOSStarted
                0x0000000000800d88                tcbReadyQ
 .bss           0x0000000000800d9f        0x0 build/atomsem.o
 .bss           0x0000000000800d9f        0x0 build/atommutex.o
 .bss           0x0000000000800d9f        0x6 build/atomtimer.o
 .bss           0x0000000000800da5        0x0 build/atomqueue.o
 .bss           0x0000000000800da5        0x0 build/atomport.o
 .bss           0x0000000000800da5        0x7 build/atmel/TWI_Master.o
                0x0000000000800da5                TWI_statusReg
 .bss           0x0000000000800dac        0x0 build/atmel/can_lib.o
 .bss           0x0000000000800dac        0x0 build/atmel/can_drv.o
 .bss           0x0000000000800dac        0x0 /usr/lib/gcc/avr/4.9.2/avr51/libgcc.a(_mulsi3.o)
 .bss           0x0000000000800dac        0x0 /usr/lib/gcc/avr/4.9.2/avr51/libgcc.a(_udivmodqi4.o)
 .bss           0x0000000000800dac        0x0 /usr/lib/gcc/avr/4.9.2/avr51/libgcc.a(_divmodqi4.o)
 .bss           0x0000000000800dac        0x0 /usr/lib/gcc/avr/4.9.2/avr51/libgcc.a(_udivmodhi4.o)
 .bss           0x0000000000800dac        0x0 /usr/lib/gcc/avr/4.9.2/avr51/libgcc.a(_divmodhi4.o)
 .bss           0x0000000000800dac        0x0 /usr/lib/gcc/avr/4.9.2/avr51/libgcc.a(_udivmodsi4.o)
 .bss           0x0000000000800dac        0x0 /usr/lib/gcc/avr/4.9.2/avr51/libgcc.a(_divmodsi4.o)
 .bss           0x0000000000800dac        0x0 /usr/lib/gcc/avr/4.9.2/avr51/libgcc.a(_negsi2.o)
 .bss           0x0000000000800dac        0x0 /usr/lib/gcc/avr/4.9.2/avr51/libgcc.a(_exit.o)
 .bss           0x0000000000800dac        0x0 /usr/lib/gcc/avr/4.9.2/avr51/libgcc.a(_tablejump2.o)
 .bss           0x0000000000800dac        0x0 /usr/lib/gcc/avr/4.9.2/avr51/libgcc.a(_copy_data.o)
 .bss           0x0000000000800dac        0x0 /usr/lib/gcc/avr/4.9.2/avr51/libgcc.a(_clear_bss.o)
 .bss           0x0000000000800dac        0x0 /usr/lib/gcc/avr/4.9.2/avr51/libgcc.a(_muluhisi3.o)
 .bss           0x0000000000800dac        0x0 /usr/lib/gcc/avr/4.9.2/avr51/libgcc.a(_umulhisi3.o)
 .bss           0x0000000000800dac        0x0 /usr/lib/gcc/avr/4.9.2/../../../avr/lib/avr51/libm.a(addsf3.o)
 .bss           0x0000000000800dac        0x0 /usr/lib/gcc/avr/4.9.2/../../../avr/lib/avr51/libm.a(addsf3x.o)
 .bss           0x0000000000800dac        0x0 /usr/lib/gcc/avr/4.9.2/../../../avr/lib/avr51/libm.a(cmpsf2.o)
 .bss           0x0000000000800dac        0x0 /usr/lib/gcc/avr/4.9.2/../../../avr/lib/avr51/libm.a(divsf3.o)
 .bss           0x0000000000800dac        0x0 /usr/lib/gcc/avr/4.9.2/../../../avr/lib/avr51/libm.a(divsf3x.o)
 .bss           0x0000000000800dac        0x0 /usr/lib/gcc/avr/4.9.2/../../../avr/lib/avr51/libm.a(fixsfsi.o)
 .bss           0x0000000000800dac        0x0 /usr/lib/gcc/avr/4.9.2/../../../avr/lib/avr51/libm.a(fixunssfsi.o)
 .bss           0x0000000000800dac        0x0 /usr/lib/gcc/avr/4.9.2/../../../avr/lib/avr51/libm.a(floatsisf.o)
 .bss           0x0000000000800dac        0x0 /usr/lib/gcc/avr/4.9.2/../../../avr/lib/avr51/libm.a(fp_cmp.o)
 .bss           0x0000000000800dac        0x0 /usr/lib/gcc/avr/4.9.2/../../../avr/lib/avr51/libm.a(fp_inf.o)
 .bss           0x0000000000800dac        0x0 /usr/lib/gcc/avr/4.9.2/../../../avr/lib/avr51/libm.a(fp_nan.o)
 .bss           0x0000000000800dac        0x0 /usr/lib/gcc/avr/4.9.2/../../../avr/lib/avr51/libm.a(fp_pscA.o)
 .bss           0x0000000000800dac        0x0 /usr/lib/gcc/avr/4.9.2/../../../avr/lib/avr51/libm.a(fp_pscB.o)
 .bss           0x0000000000800dac        0x0 /usr/lib/gcc/avr/4.9.2/../../../avr/lib/avr51/libm.a(fp_round.o)
 .bss           0x0000000000800dac        0x0 /usr/lib/gcc/avr/4.9.2/../../../avr/lib/avr51/libm.a(fp_split3.o)
 .bss           0x0000000000800dac        0x0 /usr/lib/gcc/avr/4.9.2/../../../avr/lib/avr51/libm.a(fp_zero.o)
 .bss           0x0000000000800dac        0x0 /usr/lib/gcc/avr/4.9.2/../../../avr/lib/avr51/libm.a(gesf2.o)
 .bss           0x0000000000800dac        0x0 /usr/lib/gcc/avr/4.9.2/../../../avr/lib/avr51/libm.a(mulsf3.o)
 .bss           0x0000000000800dac        0x0 /usr/lib/gcc/avr/4.9.2/../../../avr/lib/avr51/libm.a(mulsf3x.o)
 .bss           0x0000000000800dac        0x0 /usr/lib/gcc/avr/4.9.2/../../../avr/lib/avr51/libc.a(memcpy.o)
 .bss           0x0000000000800dac        0x0 /usr/lib/gcc/avr/4.9.2/../../../avr/lib/avr51/libc.a(itoa_ncheck.o)
 .bss           0x0000000000800dac        0x0 /usr/lib/gcc/avr/4.9.2/../../../avr/lib/avr51/libc.a(utoa_ncheck.o)
 .bss           0x0000000000800dac        0x0 /usr/lib/gcc/avr/4.9.2/../../../avr/lib/avr51/libc.a(sprintf.o)
 .bss           0x0000000000800dac        0x0 /usr/lib/gcc/avr/4.9.2/../../../avr/lib/avr51/libc.a(vfprintf_std.o)
 .bss           0x0000000000800dac        0x0 /usr/lib/gcc/avr/4.9.2/../../../avr/lib/avr51/libc.a(strnlen_P.o)
 .bss           0x0000000000800dac        0x0 /usr/lib/gcc/avr/4.9.2/../../../avr/lib/avr51/libc.a(strnlen.o)
 .bss           0x0000000000800dac        0x0 /usr/lib/gcc/avr/4.9.2/../../../avr/lib/avr51/libc.a(strrev.o)
 .bss           0x0000000000800dac        0x0 /usr/lib/gcc/avr/4.9.2/../../../avr/lib/avr51/libc.a(fputc.o)
 .bss           0x0000000000800dac        0x0 /usr/lib/gcc/avr/4.9.2/../../../avr/lib/avr51/libc.a(ultoa_invert.o)
 .bss           0x0000000000800dac        0x0 /usr/lib/gcc/avr/4.9.2/../../../avr/lib/avr51/libat90can128.a(eerd_byte.o)
 .bss           0x0000000000800dac        0x0 /usr/lib/gcc/avr/4.9.2/../../../avr/lib/avr51/libat90can128.a(eewr_byte.o)
 *(.bss*)
 *(COMMON)
 COMMON         0x0000000000800dac      0x216 build/main.o
                0x0000000000800dac                button_enter
                0x0000000000800dad                prev_button_up
                0x0000000000800dae                param_choice
                0x0000000000800daf                state_ts
                0x0000000000800dc3                Pack_State_Strings
                0x0000000000800dd1                ams_voltage
                0x0000000000800dd3                cell_status
                0x0000000000800dda                pack_SOC
                0x0000000000800ddb                display_2
                0x0000000000800def                cell_Tslp
                0x0000000000800e0b                address
                0x0000000000800e0f                lcd_flag
                0x0000000000800e10                CANADD_PACKINFO1
                0x0000000000800e12                ams_temp
                0x0000000000800e14                PACK_NUM
                0x0000000000800e15                ams_board_addr
                0x0000000000800e25                v_select
                0x0000000000800e27                pack_current
                0x0000000000800e2b                can_frame_ctrl
                0x0000000000800e2d                sloop_state
                0x0000000000800e2e                sloop_always_closed
                0x0000000000800e2f                CANADD_CELLINFO
                0x0000000000800e31                cell_T
                0x0000000000800e3f                val_buff
                0x0000000000800e41                watch_dog_list
                0x0000000000800e49                max_cell_temp
                0x0000000000800e4a                adc_value
                0x0000000000800e4e                pack_state
                0x0000000000800e50                cell_Voff
                0x0000000000800e5e                display_0
                0x0000000000800e72                prev_button_enter
                0x0000000000800e73                screen_sleep_time
                0x0000000000800e74                fault_code
                0x0000000000800e75                lcd_active
                0x0000000000800e76                pet_dog
                0x0000000000800e77                bypass_flag
                0x0000000000800e78                A_mutex
                0x0000000000800e7d                off_result
                0x0000000000800e82                can_frame
                0x0000000000800e8f                line0
                0x0000000000800ea3                locked
                0x0000000000800ea4                prev_button_down
                0x0000000000800ea5                flt_cnd
                0x0000000000800eaa                ams_serial_array
                0x0000000000800eea                display_1
                0x0000000000800efe                min_current
                0x0000000000800eff                sleep_time
                0x0000000000800f03                LOW_DET
                0x0000000000800f04                sel
                0x0000000000800f05                can_buff
                0x0000000000800f0d                line1
                0x0000000000800f21                next_buff
                0x0000000000800f23                prev_pack_SOC
                0x0000000000800f24                line3
                0x0000000000800f38                pack_voltage
                0x0000000000800f3a                pack_coulombs
                0x0000000000800f3e                button_down
                0x0000000000800f3f                cell
                0x0000000000800f40                line2
                0x0000000000800f54                slp_result
                0x0000000000800f59                ams_board_count
                0x0000000000800f5a                can_frame_id
                0x0000000000800f5e                min_cell_voltage
                0x0000000000800f5f                CHRG_DET
                0x0000000000800f60                max_cell_voltage
                0x0000000000800f61                cell_V
                0x0000000000800f6f                addr_choice
                0x0000000000800f71                CANADD_PACKINFO2
                0x0000000000800f73                curr_buff
                0x0000000000800f75                cell_Toff
                0x0000000000800f83                shunt_voltage
                0x0000000000800f85                wait_counter
                0x0000000000800f86                button_up
                0x0000000000800f87                num_cells
                0x0000000000800f88                cell_Vslp
                0x0000000000800f96                recent_states
                0x0000000000800fa0                display_3
                0x0000000000800fb4                screen_reset_time
                0x0000000000800fb5                config_addr
                0x0000000000800fc1                max_charge_cell_voltage
 COMMON         0x0000000000800fc2        0x5 build/i2c.o
                0x0000000000800fc2                i2c_mutex
 COMMON         0x0000000000800fc7        0x2 build/task_can.o
                0x0000000000800fc7                i
                0x0000000000800fc9                PROVIDE (__bss_end, .)
                0x00000000000071b4                __data_load_start = LOADADDR (.data)
                0x000000000000749a                __data_load_end = (__data_load_start + SIZEOF (.data))

.noinit         0x0000000000800fc9        0x0
                0x0000000000800fc9                PROVIDE (__noinit_start, .)
 *(.noinit*)
                0x0000000000800fc9                PROVIDE (__noinit_end, .)
                0x0000000000800fc9                _end = .
                0x0000000000800fc9                PROVIDE (__heap_start, .)

.eeprom         0x0000000000810000        0x0
 *(.eeprom*)
                0x0000000000810000                __eeprom_end = .

.fuse
 *(.fuse)
 *(.lfuse)
 *(.hfuse)
 *(.efuse)

.lock
 *(.lock*)

.signature
 *(.signature*)

.user_signatures
 *(.user_signatures*)

.stab           0x0000000000000000    0x11358
 *(.stab)
 .stab          0x0000000000000000      0xbc4 build/main.o
 .stab          0x0000000000000bc4     0x1b54 build/i2c.o
                                       0x1e3c (size before relaxing)
 .stab          0x0000000000002718     0x2a18 build/lcd.o
                                       0x2e08 (size before relaxing)
 .stab          0x0000000000005130      0x7d4 build/task_button.o
                                        0xb4c (size before relaxing)
 .stab          0x0000000000005904      0xbb8 build/task_i2c.o
                                        0xfb4 (size before relaxing)
 .stab          0x00000000000064bc      0xb7c build/task_can.o
                                        0xe64 (size before relaxing)
 .stab          0x0000000000007038      0xc30 build/task_gui.o
                                       0x1044 (size before relaxing)
 .stab          0x0000000000007c68      0x78c build/task_watchdog.o
                                        0xb04 (size before relaxing)
 .stab          0x00000000000083f4      0xab0 build/task_charge.o
                                        0xec4 (size before relaxing)
 .stab          0x0000000000008ea4      0x708 build/task_safety.o
                                        0xa80 (size before relaxing)
 .stab          0x00000000000095ac     0x1164 build/task_config.o
                                       0x1590 (size before relaxing)
 .stab          0x000000000000a710      0x708 build/task_heartbeat.o
                                        0xa80 (size before relaxing)
 .stab          0x000000000000ae18      0x894 build/tasklist.o
                                        0xca8 (size before relaxing)
 .stab          0x000000000000b6ac      0x390 build/atomport-asm.o
                                        0x39c (size before relaxing)
 .stab          0x000000000000ba3c      0xd68 build/atomkernel.o
                                        0xf30 (size before relaxing)
 .stab          0x000000000000c7a4      0xb70 build/atomsem.o
                                        0xd8c (size before relaxing)
 .stab          0x000000000000d314      0xaf8 build/atommutex.o
                                        0xd68 (size before relaxing)
 .stab          0x000000000000de0c      0x8dc build/atomtimer.o
                                        0xb4c (size before relaxing)
 .stab          0x000000000000e6e8      0xec4 build/atomqueue.o
                                       0x1134 (size before relaxing)
 .stab          0x000000000000f5ac      0x600 build/atomport.o
                                        0x84c (size before relaxing)
 .stab          0x000000000000fbac      0x6f0 build/atmel/TWI_Master.o
                                        0x8d0 (size before relaxing)
 .stab          0x000000000001029c      0xa08 build/atmel/can_lib.o
                                        0xc90 (size before relaxing)
 .stab          0x0000000000010ca4      0x6b4 build/atmel/can_drv.o
                                        0x8f4 (size before relaxing)

.stabstr        0x0000000000000000     0x5edb
 *(.stabstr)
 .stabstr       0x0000000000000000     0x5edb build/main.o

.stab.excl
 *(.stab.excl)

.stab.exclstr
 *(.stab.exclstr)

.stab.index
 *(.stab.index)

.stab.indexstr
 *(.stab.indexstr)

.comment        0x0000000000000000       0x11
 *(.comment)
 .comment       0x0000000000000000       0x11 build/main.o
                                         0x12 (size before relaxing)
 .comment       0x0000000000000011       0x12 build/i2c.o
 .comment       0x0000000000000011       0x12 build/lcd.o
 .comment       0x0000000000000011       0x12 build/task_button.o
 .comment       0x0000000000000011       0x12 build/task_i2c.o
 .comment       0x0000000000000011       0x12 build/task_can.o
 .comment       0x0000000000000011       0x12 build/task_gui.o
 .comment       0x0000000000000011       0x12 build/task_watchdog.o
 .comment       0x0000000000000011       0x12 build/task_charge.o
 .comment       0x0000000000000011       0x12 build/task_safety.o
 .comment       0x0000000000000011       0x12 build/task_config.o
 .comment       0x0000000000000011       0x12 build/task_heartbeat.o
 .comment       0x0000000000000011       0x12 build/tasklist.o
 .comment       0x0000000000000011       0x12 build/atomkernel.o
 .comment       0x0000000000000011       0x12 build/atomsem.o
 .comment       0x0000000000000011       0x12 build/atommutex.o
 .comment       0x0000000000000011       0x12 build/atomtimer.o
 .comment       0x0000000000000011       0x12 build/atomqueue.o
 .comment       0x0000000000000011       0x12 build/atomport.o
 .comment       0x0000000000000011       0x12 build/atmel/TWI_Master.o
 .comment       0x0000000000000011       0x12 build/atmel/can_lib.o
 .comment       0x0000000000000011       0x12 build/atmel/can_drv.o
 .comment       0x0000000000000011       0x12 /usr/lib/gcc/avr/4.9.2/../../../avr/lib/avr51/libc.a(sprintf.o)
 .comment       0x0000000000000011       0x12 /usr/lib/gcc/avr/4.9.2/../../../avr/lib/avr51/libc.a(vfprintf_std.o)
 .comment       0x0000000000000011       0x12 /usr/lib/gcc/avr/4.9.2/../../../avr/lib/avr51/libc.a(fputc.o)

.note.gnu.avr.deviceinfo
                0x0000000000000000       0x40
 .note.gnu.avr.deviceinfo
                0x0000000000000000       0x40 /usr/lib/gcc/avr/4.9.2/../../../avr/lib/avr51/crtat90can128.o

.note.gnu.build-id
 *(.note.gnu.build-id)

.debug
 *(.debug)

.line
 *(.line)

.debug_srcinfo
 *(.debug_srcinfo)

.debug_sfnames
 *(.debug_sfnames)

.debug_aranges
 *(.debug_aranges)

.debug_pubnames
 *(.debug_pubnames)

.debug_info
 *(.debug_info .gnu.linkonce.wi.*)

.debug_abbrev
 *(.debug_abbrev)

.debug_line
 *(.debug_line .debug_line.* .debug_line_end)

.debug_frame
 *(.debug_frame)

.debug_str
 *(.debug_str)

.debug_loc
 *(.debug_loc)

.debug_macinfo
 *(.debug_macinfo)

.debug_weaknames
 *(.debug_weaknames)

.debug_funcnames
 *(.debug_funcnames)

.debug_typenames
 *(.debug_typenames)

.debug_varnames
 *(.debug_varnames)

.debug_pubtypes
 *(.debug_pubtypes)

.debug_ranges
 *(.debug_ranges)

.debug_macro
 *(.debug_macro)
OUTPUT(build/pacman.elf elf32-avr)
LOAD linker stubs
