Archive member included because of file (symbol)

/usr/lib/gcc/avr/4.8.2/avr51/libgcc.a(_mulsi3.o)
                              build/task_charge.o (__mulsi3)
/usr/lib/gcc/avr/4.8.2/avr51/libgcc.a(_udivmodqi4.o)
                              build/lcd.o (__udivmodqi4)
/usr/lib/gcc/avr/4.8.2/avr51/libgcc.a(_divmodqi4.o)
                              build/lcd.o (__divmodqi4)
/usr/lib/gcc/avr/4.8.2/avr51/libgcc.a(_udivmodhi4.o)
                              build/lcd.o (__udivmodhi4)
/usr/lib/gcc/avr/4.8.2/avr51/libgcc.a(_divmodhi4.o)
                              build/lcd.o (__divmodhi4)
/usr/lib/gcc/avr/4.8.2/avr51/libgcc.a(_udivmodsi4.o)
                              build/lcd.o (__udivmodsi4)
/usr/lib/gcc/avr/4.8.2/avr51/libgcc.a(_divmodsi4.o)
                              build/lcd.o (__divmodsi4)
/usr/lib/gcc/avr/4.8.2/avr51/libgcc.a(_negsi2.o)
                              /usr/lib/gcc/avr/4.8.2/avr51/libgcc.a(_divmodsi4.o) (__negsi2)
/usr/lib/gcc/avr/4.8.2/avr51/libgcc.a(_exit.o)
                              /usr/lib/gcc/avr/4.8.2/../../../avr/lib/avr51/crtcan128.o (exit)
/usr/lib/gcc/avr/4.8.2/avr51/libgcc.a(_tablejump.o)
                              build/atmel/can_lib.o (__tablejump2__)
/usr/lib/gcc/avr/4.8.2/avr51/libgcc.a(_copy_data.o)
                              build/lcd.o (__do_copy_data)
/usr/lib/gcc/avr/4.8.2/avr51/libgcc.a(_clear_bss.o)
                              build/main.o (__do_clear_bss)
/usr/lib/gcc/avr/4.8.2/avr51/libgcc.a(_muluhisi3.o)
                              /usr/lib/gcc/avr/4.8.2/avr51/libgcc.a(_mulsi3.o) (__muluhisi3)
/usr/lib/gcc/avr/4.8.2/avr51/libgcc.a(_umulhisi3.o)
                              /usr/lib/gcc/avr/4.8.2/avr51/libgcc.a(_muluhisi3.o) (__umulhisi3)
/usr/lib/gcc/avr/4.8.2/../../../avr/lib/avr51/libm.a(addsf3.o)
                              build/task_i2c.o (__subsf3)
/usr/lib/gcc/avr/4.8.2/../../../avr/lib/avr51/libm.a(addsf3x.o)
                              /usr/lib/gcc/avr/4.8.2/../../../avr/lib/avr51/libm.a(addsf3.o) (__addsf3x)
/usr/lib/gcc/avr/4.8.2/../../../avr/lib/avr51/libm.a(cmpsf2.o)
                              build/lcd.o (__ltsf2)
/usr/lib/gcc/avr/4.8.2/../../../avr/lib/avr51/libm.a(divsf3.o)
                              build/task_i2c.o (__divsf3)
/usr/lib/gcc/avr/4.8.2/../../../avr/lib/avr51/libm.a(divsf3x.o)
                              /usr/lib/gcc/avr/4.8.2/../../../avr/lib/avr51/libm.a(divsf3.o) (__divsf3x)
/usr/lib/gcc/avr/4.8.2/../../../avr/lib/avr51/libm.a(fixsfsi.o)
                              build/lcd.o (__fixsfsi)
/usr/lib/gcc/avr/4.8.2/../../../avr/lib/avr51/libm.a(fixunssfsi.o)
                              build/task_i2c.o (__fixunssfsi)
/usr/lib/gcc/avr/4.8.2/../../../avr/lib/avr51/libm.a(floatsisf.o)
                              build/task_i2c.o (__floatunsisf)
/usr/lib/gcc/avr/4.8.2/../../../avr/lib/avr51/libm.a(fp_cmp.o)
                              /usr/lib/gcc/avr/4.8.2/../../../avr/lib/avr51/libm.a(cmpsf2.o) (__fp_cmp)
/usr/lib/gcc/avr/4.8.2/../../../avr/lib/avr51/libm.a(fp_inf.o)
                              /usr/lib/gcc/avr/4.8.2/../../../avr/lib/avr51/libm.a(addsf3x.o) (__fp_inf)
/usr/lib/gcc/avr/4.8.2/../../../avr/lib/avr51/libm.a(fp_nan.o)
                              /usr/lib/gcc/avr/4.8.2/../../../avr/lib/avr51/libm.a(addsf3x.o) (__fp_nan)
/usr/lib/gcc/avr/4.8.2/../../../avr/lib/avr51/libm.a(fp_pscA.o)
                              /usr/lib/gcc/avr/4.8.2/../../../avr/lib/avr51/libm.a(addsf3x.o) (__fp_pscA)
/usr/lib/gcc/avr/4.8.2/../../../avr/lib/avr51/libm.a(fp_pscB.o)
                              /usr/lib/gcc/avr/4.8.2/../../../avr/lib/avr51/libm.a(addsf3x.o) (__fp_pscB)
/usr/lib/gcc/avr/4.8.2/../../../avr/lib/avr51/libm.a(fp_round.o)
                              /usr/lib/gcc/avr/4.8.2/../../../avr/lib/avr51/libm.a(addsf3.o) (__fp_round)
/usr/lib/gcc/avr/4.8.2/../../../avr/lib/avr51/libm.a(fp_split3.o)
                              /usr/lib/gcc/avr/4.8.2/../../../avr/lib/avr51/libm.a(addsf3x.o) (__fp_split3)
/usr/lib/gcc/avr/4.8.2/../../../avr/lib/avr51/libm.a(fp_zero.o)
                              /usr/lib/gcc/avr/4.8.2/../../../avr/lib/avr51/libm.a(addsf3x.o) (__fp_zero)
/usr/lib/gcc/avr/4.8.2/../../../avr/lib/avr51/libm.a(gesf2.o)
                              build/task_charge.o (__gtsf2)
/usr/lib/gcc/avr/4.8.2/../../../avr/lib/avr51/libm.a(mulsf3.o)
                              build/lcd.o (__mulsf3)
/usr/lib/gcc/avr/4.8.2/../../../avr/lib/avr51/libm.a(mulsf3x.o)
                              /usr/lib/gcc/avr/4.8.2/../../../avr/lib/avr51/libm.a(mulsf3.o) (__mulsf3x)
/usr/lib/gcc/avr/4.8.2/../../../avr/lib/avr51/libc.a(memcpy.o)
                              build/lcd.o (memcpy)
/usr/lib/gcc/avr/4.8.2/../../../avr/lib/avr51/libc.a(itoa.o)
                              build/lcd.o (itoa)
/usr/lib/gcc/avr/4.8.2/../../../avr/lib/avr51/libc.a(sprintf.o)
                              build/lcd.o (sprintf)
/usr/lib/gcc/avr/4.8.2/../../../avr/lib/avr51/libc.a(vfprintf_std.o)
                              /usr/lib/gcc/avr/4.8.2/../../../avr/lib/avr51/libc.a(sprintf.o) (vfprintf)
/usr/lib/gcc/avr/4.8.2/../../../avr/lib/avr51/libc.a(eerd_byte_at90can128.o)
                              build/task_charge.o (__eerd_byte_can128)
/usr/lib/gcc/avr/4.8.2/../../../avr/lib/avr51/libc.a(eerd_word_at90can128.o)
                              build/lcd.o (__eerd_word_can128)
/usr/lib/gcc/avr/4.8.2/../../../avr/lib/avr51/libc.a(eewr_byte_at90can128.o)
                              build/task_charge.o (__eewr_byte_can128)
/usr/lib/gcc/avr/4.8.2/../../../avr/lib/avr51/libc.a(eewr_word_at90can128.o)
                              build/lcd.o (__eewr_word_can128)
/usr/lib/gcc/avr/4.8.2/../../../avr/lib/avr51/libc.a(strnlen_P.o)
                              /usr/lib/gcc/avr/4.8.2/../../../avr/lib/avr51/libc.a(vfprintf_std.o) (strnlen_P)
/usr/lib/gcc/avr/4.8.2/../../../avr/lib/avr51/libc.a(strnlen.o)
                              /usr/lib/gcc/avr/4.8.2/../../../avr/lib/avr51/libc.a(vfprintf_std.o) (strnlen)
/usr/lib/gcc/avr/4.8.2/../../../avr/lib/avr51/libc.a(strrev.o)
                              /usr/lib/gcc/avr/4.8.2/../../../avr/lib/avr51/libc.a(itoa.o) (strrev)
/usr/lib/gcc/avr/4.8.2/../../../avr/lib/avr51/libc.a(fputc.o)
                              /usr/lib/gcc/avr/4.8.2/../../../avr/lib/avr51/libc.a(vfprintf_std.o) (fputc)
/usr/lib/gcc/avr/4.8.2/../../../avr/lib/avr51/libc.a(ultoa_invert.o)
                              /usr/lib/gcc/avr/4.8.2/../../../avr/lib/avr51/libc.a(vfprintf_std.o) (__ultoa_invert)
/usr/lib/gcc/avr/4.8.2/../../../avr/lib/avr51/libc.a(eerd_block_at90can128.o)
                              /usr/lib/gcc/avr/4.8.2/../../../avr/lib/avr51/libc.a(eerd_word_at90can128.o) (__eerd_blraw_can128)

Allocating common symbols
Common symbol       size              file

button_enter        0x1               build/main.o
Pack_State_Strings  0xe               build/main.o
ams_voltage         0x2               build/main.o
cell_status         0x7               build/main.o
pack_SOC            0x1               build/main.o
display_2           0x14              build/main.o
cell_Tslp           0x1c              build/main.o
address             0x4               build/main.o
lcd_flag            0x1               build/main.o
CANADD_PACKINFO1    0x2               build/main.o
ams_temp            0x2               build/main.o
ams_board_addr      0x10              build/main.o
v_select            0x2               build/main.o
pack_current        0x4               build/main.o
can_frame_ctrl      0x2               build/main.o
sloop_state         0x1               build/main.o
CANADD_CELLINFO     0x2               build/main.o
cell_T              0xe               build/main.o
emilie_temp         0x2               build/main.o
adc_value           0x4               build/main.o
pack_state          0x2               build/main.o
cell_Voff           0xe               build/main.o
display_0           0x14              build/main.o
i                   0x2               build/task_can.o
fault_code          0x1               build/main.o
bypass_flag         0x1               build/main.o
A_mutex             0x5               build/main.o
off_result          0x5               build/main.o
can_frame           0xd               build/main.o
curr_can_addr       0x5               build/main.o
ams_serial_array    0x40              build/main.o
display_1           0x14              build/main.o
LOW_DET             0x1               build/main.o
sel                 0x1               build/main.o
can_buff            0x8               build/main.o
prev_pack_SOC       0x1               build/main.o
pack_voltage        0x2               build/main.o
pack_coulombs       0x4               build/main.o
button_down         0x1               build/main.o
cell                0x1               build/main.o
slp_result          0x5               build/main.o
ams_board_count     0x1               build/main.o
can_frame_id        0x4               build/main.o
CHRG_DET            0x1               build/main.o
cell_V              0xe               build/main.o
addr_choice         0x2               build/main.o
CANADD_PACKINFO2    0x2               build/main.o
i2c_mutex           0x5               build/i2c.o
cell_Toff           0xe               build/main.o
shunt_voltage       0x2               build/main.o
button_up           0x1               build/main.o
cell_Vslp           0xe               build/main.o
display_3           0x14              build/main.o
next_can_addr       0x5               build/main.o

Memory Configuration

Name             Origin             Length             Attributes
text             0x00000000         0x00020000         xr
data             0x00800100         0x0000ff00         rw !x
eeprom           0x00810000         0x00010000         rw !x
fuse             0x00820000         0x00000400         rw !x
lock             0x00830000         0x00000400         rw !x
signature        0x00840000         0x00000400         rw !x
user_signatures  0x00850000         0x00000400         rw !x
*default*        0x00000000         0xffffffff

Linker script and memory map

Address of section .data set to 0x800100
LOAD /usr/lib/gcc/avr/4.8.2/../../../avr/lib/avr51/crtcan128.o
LOAD build/main.o
LOAD build/i2c.o
LOAD build/lcd.o
LOAD build/task_button.o
LOAD build/task_i2c.o
LOAD build/task_can.o
LOAD build/task_gui.o
LOAD build/task_watchdog.o
LOAD build/task_charge.o
LOAD build/task_safety.o
LOAD build/task_config.o
LOAD build/task_heartbeat.o
LOAD build/tasklist.o
LOAD build/atomport-asm.o
LOAD build/atomkernel.o
LOAD build/atomsem.o
LOAD build/atommutex.o
LOAD build/atomtimer.o
LOAD build/atomqueue.o
LOAD build/atomport.o
LOAD build/atmel/TWI_Master.o
LOAD build/atmel/can_lib.o
LOAD build/atmel/can_drv.o
START GROUP
LOAD /usr/lib/gcc/avr/4.8.2/avr51/libgcc.a
LOAD /usr/lib/gcc/avr/4.8.2/../../../avr/lib/avr51/libm.a
LOAD /usr/lib/gcc/avr/4.8.2/../../../avr/lib/avr51/libc.a
END GROUP

.hash
 *(.hash)

.dynsym
 *(.dynsym)

.dynstr
 *(.dynstr)

.gnu.version
 *(.gnu.version)

.gnu.version_d
 *(.gnu.version_d)

.gnu.version_r
 *(.gnu.version_r)

.rel.init
 *(.rel.init)

.rela.init
 *(.rela.init)

.rel.text
 *(.rel.text)
 *(.rel.text.*)
 *(.rel.gnu.linkonce.t*)

.rela.text
 *(.rela.text)
 *(.rela.text.*)
 *(.rela.gnu.linkonce.t*)

.rel.fini
 *(.rel.fini)

.rela.fini
 *(.rela.fini)

.rel.rodata
 *(.rel.rodata)
 *(.rel.rodata.*)
 *(.rel.gnu.linkonce.r*)

.rela.rodata
 *(.rela.rodata)
 *(.rela.rodata.*)
 *(.rela.gnu.linkonce.r*)

.rel.data
 *(.rel.data)
 *(.rel.data.*)
 *(.rel.gnu.linkonce.d*)

.rela.data
 *(.rela.data)
 *(.rela.data.*)
 *(.rela.gnu.linkonce.d*)

.rel.ctors
 *(.rel.ctors)

.rela.ctors
 *(.rela.ctors)

.rel.dtors
 *(.rel.dtors)

.rela.dtors
 *(.rela.dtors)

.rel.got
 *(.rel.got)

.rela.got
 *(.rela.got)

.rel.bss
 *(.rel.bss)

.rela.bss
 *(.rela.bss)

.rel.plt
 *(.rel.plt)

.rela.plt
 *(.rela.plt)

.text           0x00000000     0x562c
 *(.vectors)
 .vectors       0x00000000       0x94 /usr/lib/gcc/avr/4.8.2/../../../avr/lib/avr51/crtcan128.o
                0x00000000                __vectors
 *(.vectors)
 *(.progmem.gcc*)
 .progmem.gcc_sw_table
                0x00000094       0x16 build/atmel/can_lib.o
 *(.progmem*)
                0x000000aa                . = ALIGN (0x2)
                0x000000aa                __trampolines_start = .
 *(.trampolines)
 .trampolines   0x000000aa        0x0 linker stubs
 *(.trampolines*)
                0x000000aa                __trampolines_end = .
 *(.jumptables)
 *(.jumptables*)
 *(.lowtext)
 *(.lowtext*)
                0x000000aa                __ctors_start = .
 *(.ctors)
                0x000000aa                __ctors_end = .
                0x000000aa                __dtors_start = .
 *(.dtors)
                0x000000aa                __dtors_end = .
 SORT(*)(.ctors)
 SORT(*)(.dtors)
 *(.init0)
 .init0         0x000000aa        0x0 /usr/lib/gcc/avr/4.8.2/../../../avr/lib/avr51/crtcan128.o
                0x000000aa                __init
 *(.init0)
 *(.init1)
 *(.init1)
 *(.init2)
 .init2         0x000000aa        0xc /usr/lib/gcc/avr/4.8.2/../../../avr/lib/avr51/crtcan128.o
 *(.init2)
 *(.init3)
 *(.init3)
 *(.init4)
 .init4         0x000000b6       0x1a /usr/lib/gcc/avr/4.8.2/avr51/libgcc.a(_copy_data.o)
                0x000000b6                __do_copy_data
 .init4         0x000000d0       0x10 /usr/lib/gcc/avr/4.8.2/avr51/libgcc.a(_clear_bss.o)
                0x000000d0                __do_clear_bss
 *(.init4)
 *(.init5)
 *(.init5)
 *(.init6)
 *(.init6)
 *(.init7)
 *(.init7)
 *(.init8)
 *(.init8)
 *(.init9)
 .init9         0x000000e0        0x8 /usr/lib/gcc/avr/4.8.2/../../../avr/lib/avr51/crtcan128.o
 *(.init9)
 *(.text)
 .text          0x000000e8        0x4 /usr/lib/gcc/avr/4.8.2/../../../avr/lib/avr51/crtcan128.o
                0x000000e8                __vector_22
                0x000000e8                __vector_28
                0x000000e8                __vector_1
                0x000000e8                __vector_32
                0x000000e8                __vector_34
                0x000000e8                __vector_24
                0x000000e8                __bad_interrupt
                0x000000e8                __vector_6
                0x000000e8                __vector_31
                0x000000e8                __vector_3
                0x000000e8                __vector_23
                0x000000e8                __vector_30
                0x000000e8                __vector_25
                0x000000e8                __vector_11
                0x000000e8                __vector_13
                0x000000e8                __vector_17
                0x000000e8                __vector_19
                0x000000e8                __vector_7
                0x000000e8                __vector_27
                0x000000e8                __vector_5
                0x000000e8                __vector_33
                0x000000e8                __vector_4
                0x000000e8                __vector_9
                0x000000e8                __vector_2
                0x000000e8                __vector_21
                0x000000e8                __vector_15
                0x000000e8                __vector_36
                0x000000e8                __vector_29
                0x000000e8                __vector_8
                0x000000e8                __vector_26
                0x000000e8                __vector_14
                0x000000e8                __vector_10
                0x000000e8                __vector_16
                0x000000e8                __vector_18
                0x000000e8                __vector_20
 .text          0x000000ec        0x0 build/main.o
 .text          0x000000ec      0x86e build/i2c.o
                0x000000ec                get_detect
                0x0000015c                adc_init
                0x000001be                power_init
                0x00000228                select_shunt_voltage
                0x00000264                get_shunt_voltage
                0x000002d2                select_pack_voltage
                0x0000030e                get_pack_voltage
                0x0000037c                get_adc_current
                0x000003e6                current_sensor_on
                0x00000422                current_sensor_off
                0x0000045e                lcd_transmit
                0x000004dc                lcd_reset
                0x000004fa                lcd_init
                0x00000570                lcd_message
                0x0000059c                ams_reset_bypass
                0x000005d6                ams_set_bypass
                0x00000612                ams_cell_status
                0x000006c2                ams_magic
                0x00000740                locate_ams_boards
                0x00000798                ams_cal
                0x0000083a                ams_serial
                0x000008ca                get_ams_serial
                0x00000920                i2c_init
 .text          0x0000095a      0xf3a build/lcd.o
                0x0000095a                write_lcd
                0x00000990                display_top
                0x00000e98                display_cal1
                0x00000f70                display_cell
                0x0000115e                display_cell_cal
                0x000014e8                set_can_address
 .text          0x00001894       0x4a build/task_button.o
                0x00001894                task_button_init
                0x000018a2                task_button
 .text          0x000018de      0x590 build/task_i2c.o
                0x000018de                bypass_selection
                0x00001a68                task_i2c
 .text          0x00001e6e      0x45c build/task_can.o
                0x00001e6e                task_can_init
                0x00001f94                task_can
 .text          0x000022ca       0xaa build/task_gui.o
                0x000022ca                task_gui_init
                0x000022ce                task_gui
 .text          0x00002374       0x20 build/task_watchdog.o
                0x00002374                task_watchdog
 .text          0x00002394      0x290 build/task_charge.o
                0x00002394                task_charge_init
                0x000023bc                read_SOC
                0x000023f4                save_SOC
                0x00002416                task_charge
 .text          0x00002624       0x3a build/task_safety.o
                0x00002624                safety_init
                0x00002632                task_safety
 .text          0x0000265e      0x358 build/task_config.o
                0x0000265e                task_config
 .text          0x000029b6       0x3c build/task_heartbeat.o
                0x000029b6                heartbeat_init
                0x000029be                task_heartbeat
 .text          0x000029f2       0x60 build/tasklist.o
                0x000029f2                atomThreadStartAll
 .text          0x00002a52       0x94 build/atomport-asm.o
                0x00002a52                archContextSwitch
                0x00002ab4                archFirstThreadRestore
 .text          0x00002ae6      0x34e build/atomkernel.o
                0x00002ae8                atomIntEnter
                0x00002afc                atomCurrentContext
                0x00002b18                tcbEnqueuePriority
                0x00002b90                tcbDequeueHead
                0x00002bce                tcbDequeueEntry
                0x00002c42                tcbDequeuePriority
                0x00002c82                atomSched
                0x00002d0e                atomThreadCreate
                0x00002daa                atomOSInit
                0x00002dfa                atomIntExit
                0x00002e12                atomOSStart
 .text          0x00002e34      0x280 build/atomsem.o
                0x00002e74                atomSemCreate
                0x00002e88                atomSemDelete
                0x00002f18                atomSemGet
                0x00003022                atomSemPut
                0x000030a4                atomSemResetCount
 .text          0x000030b4      0x2bc build/atommutex.o
                0x000030f4                atomMutexCreate
                0x0000310c                atomMutexDelete
                0x0000319c                atomMutexGet
                0x000032d0                atomMutexPut
 .text          0x00003370      0x224 build/atomtimer.o
                0x0000338e                atomTimerRegister
                0x000033d8                atomTimerCancel
                0x0000342a                atomTimeGet
                0x0000343c                atomTimeSet
                0x0000344e                atomTimerTick
                0x000034f8                atomTimerDelay
 .text          0x00003594      0x5a8 build/atomqueue.o
                0x00003758                atomQueueCreate
                0x000037c4                atomQueueDelete
                0x00003872                atomQueueGet
                0x000039da                atomQueuePut
 .text          0x00003b3c      0x134 build/atomport.o
                0x00003b64                archThreadContextInit
                0x00003be8                avrInitSystemTickTimer
                0x00003c02                __vector_12
                0x00003c5c                __vector_default
 .text          0x00003c70      0x1a4 build/atmel/TWI_Master.o
                0x00003c70                TWI_Master_Initialise
                0x00003c84                TWI_Transceiver_Busy
                0x00003c8c                TWI_Get_State_Info
                0x00003c9a                TWI_Start_Transceiver_With_Data
                0x00003cde                TWI_Start_Transceiver
                0x00003cf8                TWI_Get_Data_From_Transceiver
                0x00003d26                __vector_35
 .text          0x00003e14      0xb00 build/atmel/can_lib.o
                0x00003e14                can_init
                0x00003e32                can_cmd
                0x00004800                can_get_status
 .text          0x00004914       0xc8 build/atmel/can_drv.o
                0x00004914                can_clear_all_mob
                0x00004934                can_get_mob_free
                0x00004960                can_get_mob_status
                0x00004990                can_get_data
                0x000049b6                can_fixed_baudrate
                0x000049d2                Max
 .text          0x000049dc        0x0 /usr/lib/gcc/avr/4.8.2/avr51/libgcc.a(_mulsi3.o)
 .text          0x000049dc        0x0 /usr/lib/gcc/avr/4.8.2/avr51/libgcc.a(_udivmodqi4.o)
 .text          0x000049dc        0x0 /usr/lib/gcc/avr/4.8.2/avr51/libgcc.a(_divmodqi4.o)
 .text          0x000049dc        0x0 /usr/lib/gcc/avr/4.8.2/avr51/libgcc.a(_udivmodhi4.o)
 .text          0x000049dc        0x0 /usr/lib/gcc/avr/4.8.2/avr51/libgcc.a(_divmodhi4.o)
 .text          0x000049dc        0x0 /usr/lib/gcc/avr/4.8.2/avr51/libgcc.a(_udivmodsi4.o)
 .text          0x000049dc        0x0 /usr/lib/gcc/avr/4.8.2/avr51/libgcc.a(_divmodsi4.o)
 .text          0x000049dc        0x0 /usr/lib/gcc/avr/4.8.2/avr51/libgcc.a(_negsi2.o)
 .text          0x000049dc        0x0 /usr/lib/gcc/avr/4.8.2/avr51/libgcc.a(_exit.o)
 .text          0x000049dc        0x0 /usr/lib/gcc/avr/4.8.2/avr51/libgcc.a(_tablejump.o)
 .text          0x000049dc        0x0 /usr/lib/gcc/avr/4.8.2/avr51/libgcc.a(_copy_data.o)
 .text          0x000049dc        0x0 /usr/lib/gcc/avr/4.8.2/avr51/libgcc.a(_clear_bss.o)
 .text          0x000049dc        0x0 /usr/lib/gcc/avr/4.8.2/avr51/libgcc.a(_muluhisi3.o)
 .text          0x000049dc        0x0 /usr/lib/gcc/avr/4.8.2/avr51/libgcc.a(_umulhisi3.o)
 .text          0x000049dc        0x0 /usr/lib/gcc/avr/4.8.2/../../../avr/lib/avr51/libm.a(addsf3.o)
 .text          0x000049dc        0x0 /usr/lib/gcc/avr/4.8.2/../../../avr/lib/avr51/libm.a(addsf3x.o)
 .text          0x000049dc        0x0 /usr/lib/gcc/avr/4.8.2/../../../avr/lib/avr51/libm.a(cmpsf2.o)
 .text          0x000049dc        0x0 /usr/lib/gcc/avr/4.8.2/../../../avr/lib/avr51/libm.a(divsf3.o)
 .text          0x000049dc        0x0 /usr/lib/gcc/avr/4.8.2/../../../avr/lib/avr51/libm.a(divsf3x.o)
 .text          0x000049dc        0x0 /usr/lib/gcc/avr/4.8.2/../../../avr/lib/avr51/libm.a(fixsfsi.o)
 .text          0x000049dc        0x0 /usr/lib/gcc/avr/4.8.2/../../../avr/lib/avr51/libm.a(fixunssfsi.o)
 .text          0x000049dc        0x0 /usr/lib/gcc/avr/4.8.2/../../../avr/lib/avr51/libm.a(floatsisf.o)
 .text          0x000049dc        0x0 /usr/lib/gcc/avr/4.8.2/../../../avr/lib/avr51/libm.a(fp_cmp.o)
 .text          0x000049dc        0x0 /usr/lib/gcc/avr/4.8.2/../../../avr/lib/avr51/libm.a(fp_inf.o)
 .text          0x000049dc        0x0 /usr/lib/gcc/avr/4.8.2/../../../avr/lib/avr51/libm.a(fp_nan.o)
 .text          0x000049dc        0x0 /usr/lib/gcc/avr/4.8.2/../../../avr/lib/avr51/libm.a(fp_pscA.o)
 .text          0x000049dc        0x0 /usr/lib/gcc/avr/4.8.2/../../../avr/lib/avr51/libm.a(fp_pscB.o)
 .text          0x000049dc        0x0 /usr/lib/gcc/avr/4.8.2/../../../avr/lib/avr51/libm.a(fp_round.o)
 .text          0x000049dc        0x0 /usr/lib/gcc/avr/4.8.2/../../../avr/lib/avr51/libm.a(fp_split3.o)
 .text          0x000049dc        0x0 /usr/lib/gcc/avr/4.8.2/../../../avr/lib/avr51/libm.a(fp_zero.o)
 .text          0x000049dc        0x0 /usr/lib/gcc/avr/4.8.2/../../../avr/lib/avr51/libm.a(gesf2.o)
 .text          0x000049dc        0x0 /usr/lib/gcc/avr/4.8.2/../../../avr/lib/avr51/libm.a(mulsf3.o)
 .text          0x000049dc        0x0 /usr/lib/gcc/avr/4.8.2/../../../avr/lib/avr51/libm.a(mulsf3x.o)
 .text          0x000049dc        0x0 /usr/lib/gcc/avr/4.8.2/../../../avr/lib/avr51/libc.a(memcpy.o)
 .text          0x000049dc        0x0 /usr/lib/gcc/avr/4.8.2/../../../avr/lib/avr51/libc.a(itoa.o)
 .text          0x000049dc        0x0 /usr/lib/gcc/avr/4.8.2/../../../avr/lib/avr51/libc.a(sprintf.o)
 .text          0x000049dc        0x0 /usr/lib/gcc/avr/4.8.2/../../../avr/lib/avr51/libc.a(vfprintf_std.o)
 .text          0x000049dc        0x0 /usr/lib/gcc/avr/4.8.2/../../../avr/lib/avr51/libc.a(eerd_byte_at90can128.o)
 .text          0x000049dc        0x0 /usr/lib/gcc/avr/4.8.2/../../../avr/lib/avr51/libc.a(eerd_word_at90can128.o)
 .text          0x000049dc        0x0 /usr/lib/gcc/avr/4.8.2/../../../avr/lib/avr51/libc.a(eewr_byte_at90can128.o)
 .text          0x000049dc        0x0 /usr/lib/gcc/avr/4.8.2/../../../avr/lib/avr51/libc.a(eewr_word_at90can128.o)
 .text          0x000049dc        0x0 /usr/lib/gcc/avr/4.8.2/../../../avr/lib/avr51/libc.a(strnlen_P.o)
 .text          0x000049dc        0x0 /usr/lib/gcc/avr/4.8.2/../../../avr/lib/avr51/libc.a(strnlen.o)
 .text          0x000049dc        0x0 /usr/lib/gcc/avr/4.8.2/../../../avr/lib/avr51/libc.a(strrev.o)
 .text          0x000049dc        0x0 /usr/lib/gcc/avr/4.8.2/../../../avr/lib/avr51/libc.a(fputc.o)
 .text          0x000049dc        0x0 /usr/lib/gcc/avr/4.8.2/../../../avr/lib/avr51/libc.a(ultoa_invert.o)
 .text          0x000049dc        0x0 /usr/lib/gcc/avr/4.8.2/../../../avr/lib/avr51/libc.a(eerd_block_at90can128.o)
                0x000049dc                . = ALIGN (0x2)
 *(.text.*)
 .text.startup  0x000049dc       0x3c build/main.o
                0x000049dc                main
 .text.libgcc.mul
                0x00004a18       0x20 /usr/lib/gcc/avr/4.8.2/avr51/libgcc.a(_mulsi3.o)
                0x00004a18                __mulsi3
 .text.libgcc.div
                0x00004a38        0x0 /usr/lib/gcc/avr/4.8.2/avr51/libgcc.a(_mulsi3.o)
 .text.libgcc   0x00004a38        0x0 /usr/lib/gcc/avr/4.8.2/avr51/libgcc.a(_mulsi3.o)
 .text.libgcc.prologue
                0x00004a38        0x0 /usr/lib/gcc/avr/4.8.2/avr51/libgcc.a(_mulsi3.o)
 .text.libgcc.builtins
                0x00004a38        0x0 /usr/lib/gcc/avr/4.8.2/avr51/libgcc.a(_mulsi3.o)
 .text.libgcc.fmul
                0x00004a38        0x0 /usr/lib/gcc/avr/4.8.2/avr51/libgcc.a(_mulsi3.o)
 .text.libgcc.fixed
                0x00004a38        0x0 /usr/lib/gcc/avr/4.8.2/avr51/libgcc.a(_mulsi3.o)
 .text.libgcc.mul
                0x00004a38        0x0 /usr/lib/gcc/avr/4.8.2/avr51/libgcc.a(_udivmodqi4.o)
 .text.libgcc.div
                0x00004a38       0x18 /usr/lib/gcc/avr/4.8.2/avr51/libgcc.a(_udivmodqi4.o)
                0x00004a38                __udivmodqi4
 .text.libgcc   0x00004a50        0x0 /usr/lib/gcc/avr/4.8.2/avr51/libgcc.a(_udivmodqi4.o)
 .text.libgcc.prologue
                0x00004a50        0x0 /usr/lib/gcc/avr/4.8.2/avr51/libgcc.a(_udivmodqi4.o)
 .text.libgcc.builtins
                0x00004a50        0x0 /usr/lib/gcc/avr/4.8.2/avr51/libgcc.a(_udivmodqi4.o)
 .text.libgcc.fmul
                0x00004a50        0x0 /usr/lib/gcc/avr/4.8.2/avr51/libgcc.a(_udivmodqi4.o)
 .text.libgcc.fixed
                0x00004a50        0x0 /usr/lib/gcc/avr/4.8.2/avr51/libgcc.a(_udivmodqi4.o)
 .text.libgcc.mul
                0x00004a50        0x0 /usr/lib/gcc/avr/4.8.2/avr51/libgcc.a(_divmodqi4.o)
 .text.libgcc.div
                0x00004a50       0x1c /usr/lib/gcc/avr/4.8.2/avr51/libgcc.a(_divmodqi4.o)
                0x00004a50                __divmodqi4
 .text.libgcc   0x00004a6c        0x0 /usr/lib/gcc/avr/4.8.2/avr51/libgcc.a(_divmodqi4.o)
 .text.libgcc.prologue
                0x00004a6c        0x0 /usr/lib/gcc/avr/4.8.2/avr51/libgcc.a(_divmodqi4.o)
 .text.libgcc.builtins
                0x00004a6c        0x0 /usr/lib/gcc/avr/4.8.2/avr51/libgcc.a(_divmodqi4.o)
 .text.libgcc.fmul
                0x00004a6c        0x0 /usr/lib/gcc/avr/4.8.2/avr51/libgcc.a(_divmodqi4.o)
 .text.libgcc.fixed
                0x00004a6c        0x0 /usr/lib/gcc/avr/4.8.2/avr51/libgcc.a(_divmodqi4.o)
 .text.libgcc.mul
                0x00004a6c        0x0 /usr/lib/gcc/avr/4.8.2/avr51/libgcc.a(_udivmodhi4.o)
 .text.libgcc.div
                0x00004a6c       0x28 /usr/lib/gcc/avr/4.8.2/avr51/libgcc.a(_udivmodhi4.o)
                0x00004a6c                __udivmodhi4
 .text.libgcc   0x00004a94        0x0 /usr/lib/gcc/avr/4.8.2/avr51/libgcc.a(_udivmodhi4.o)
 .text.libgcc.prologue
                0x00004a94        0x0 /usr/lib/gcc/avr/4.8.2/avr51/libgcc.a(_udivmodhi4.o)
 .text.libgcc.builtins
                0x00004a94        0x0 /usr/lib/gcc/avr/4.8.2/avr51/libgcc.a(_udivmodhi4.o)
 .text.libgcc.fmul
                0x00004a94        0x0 /usr/lib/gcc/avr/4.8.2/avr51/libgcc.a(_udivmodhi4.o)
 .text.libgcc.fixed
                0x00004a94        0x0 /usr/lib/gcc/avr/4.8.2/avr51/libgcc.a(_udivmodhi4.o)
 .text.libgcc.mul
                0x00004a94        0x0 /usr/lib/gcc/avr/4.8.2/avr51/libgcc.a(_divmodhi4.o)
 .text.libgcc.div
                0x00004a94       0x28 /usr/lib/gcc/avr/4.8.2/avr51/libgcc.a(_divmodhi4.o)
                0x00004a94                __divmodhi4
                0x00004a94                _div
 .text.libgcc   0x00004abc        0x0 /usr/lib/gcc/avr/4.8.2/avr51/libgcc.a(_divmodhi4.o)
 .text.libgcc.prologue
                0x00004abc        0x0 /usr/lib/gcc/avr/4.8.2/avr51/libgcc.a(_divmodhi4.o)
 .text.libgcc.builtins
                0x00004abc        0x0 /usr/lib/gcc/avr/4.8.2/avr51/libgcc.a(_divmodhi4.o)
 .text.libgcc.fmul
                0x00004abc        0x0 /usr/lib/gcc/avr/4.8.2/avr51/libgcc.a(_divmodhi4.o)
 .text.libgcc.fixed
                0x00004abc        0x0 /usr/lib/gcc/avr/4.8.2/avr51/libgcc.a(_divmodhi4.o)
 .text.libgcc.mul
                0x00004abc        0x0 /usr/lib/gcc/avr/4.8.2/avr51/libgcc.a(_udivmodsi4.o)
 .text.libgcc.div
                0x00004abc       0x44 /usr/lib/gcc/avr/4.8.2/avr51/libgcc.a(_udivmodsi4.o)
                0x00004abc                __udivmodsi4
 .text.libgcc   0x00004b00        0x0 /usr/lib/gcc/avr/4.8.2/avr51/libgcc.a(_udivmodsi4.o)
 .text.libgcc.prologue
                0x00004b00        0x0 /usr/lib/gcc/avr/4.8.2/avr51/libgcc.a(_udivmodsi4.o)
 .text.libgcc.builtins
                0x00004b00        0x0 /usr/lib/gcc/avr/4.8.2/avr51/libgcc.a(_udivmodsi4.o)
 .text.libgcc.fmul
                0x00004b00        0x0 /usr/lib/gcc/avr/4.8.2/avr51/libgcc.a(_udivmodsi4.o)
 .text.libgcc.fixed
                0x00004b00        0x0 /usr/lib/gcc/avr/4.8.2/avr51/libgcc.a(_udivmodsi4.o)
 .text.libgcc.mul
                0x00004b00        0x0 /usr/lib/gcc/avr/4.8.2/avr51/libgcc.a(_divmodsi4.o)
 .text.libgcc.div
                0x00004b00       0x2e /usr/lib/gcc/avr/4.8.2/avr51/libgcc.a(_divmodsi4.o)
                0x00004b00                __divmodsi4
 .text.libgcc   0x00004b2e        0x0 /usr/lib/gcc/avr/4.8.2/avr51/libgcc.a(_divmodsi4.o)
 .text.libgcc.prologue
                0x00004b2e        0x0 /usr/lib/gcc/avr/4.8.2/avr51/libgcc.a(_divmodsi4.o)
 .text.libgcc.builtins
                0x00004b2e        0x0 /usr/lib/gcc/avr/4.8.2/avr51/libgcc.a(_divmodsi4.o)
 .text.libgcc.fmul
                0x00004b2e        0x0 /usr/lib/gcc/avr/4.8.2/avr51/libgcc.a(_divmodsi4.o)
 .text.libgcc.fixed
                0x00004b2e        0x0 /usr/lib/gcc/avr/4.8.2/avr51/libgcc.a(_divmodsi4.o)
 .text.libgcc.mul
                0x00004b2e        0x0 /usr/lib/gcc/avr/4.8.2/avr51/libgcc.a(_negsi2.o)
 .text.libgcc.div
                0x00004b2e       0x10 /usr/lib/gcc/avr/4.8.2/avr51/libgcc.a(_negsi2.o)
                0x00004b2e                __negsi2
 .text.libgcc   0x00004b3e        0x0 /usr/lib/gcc/avr/4.8.2/avr51/libgcc.a(_negsi2.o)
 .text.libgcc.prologue
                0x00004b3e        0x0 /usr/lib/gcc/avr/4.8.2/avr51/libgcc.a(_negsi2.o)
 .text.libgcc.builtins
                0x00004b3e        0x0 /usr/lib/gcc/avr/4.8.2/avr51/libgcc.a(_negsi2.o)
 .text.libgcc.fmul
                0x00004b3e        0x0 /usr/lib/gcc/avr/4.8.2/avr51/libgcc.a(_negsi2.o)
 .text.libgcc.fixed
                0x00004b3e        0x0 /usr/lib/gcc/avr/4.8.2/avr51/libgcc.a(_negsi2.o)
 .text.libgcc.mul
                0x00004b3e        0x0 /usr/lib/gcc/avr/4.8.2/avr51/libgcc.a(_exit.o)
 .text.libgcc.div
                0x00004b3e        0x0 /usr/lib/gcc/avr/4.8.2/avr51/libgcc.a(_exit.o)
 .text.libgcc   0x00004b3e        0x0 /usr/lib/gcc/avr/4.8.2/avr51/libgcc.a(_exit.o)
 .text.libgcc.prologue
                0x00004b3e        0x0 /usr/lib/gcc/avr/4.8.2/avr51/libgcc.a(_exit.o)
 .text.libgcc.builtins
                0x00004b3e        0x0 /usr/lib/gcc/avr/4.8.2/avr51/libgcc.a(_exit.o)
 .text.libgcc.fmul
                0x00004b3e        0x0 /usr/lib/gcc/avr/4.8.2/avr51/libgcc.a(_exit.o)
 .text.libgcc.fixed
                0x00004b3e        0x0 /usr/lib/gcc/avr/4.8.2/avr51/libgcc.a(_exit.o)
 .text.libgcc.mul
                0x00004b3e        0x0 /usr/lib/gcc/avr/4.8.2/avr51/libgcc.a(_tablejump.o)
 .text.libgcc.div
                0x00004b3e        0x0 /usr/lib/gcc/avr/4.8.2/avr51/libgcc.a(_tablejump.o)
 .text.libgcc   0x00004b3e        0xc /usr/lib/gcc/avr/4.8.2/avr51/libgcc.a(_tablejump.o)
                0x00004b3e                __tablejump2__
                0x00004b42                __tablejump__
 .text.libgcc.prologue
                0x00004b4a        0x0 /usr/lib/gcc/avr/4.8.2/avr51/libgcc.a(_tablejump.o)
 .text.libgcc.builtins
                0x00004b4a        0x0 /usr/lib/gcc/avr/4.8.2/avr51/libgcc.a(_tablejump.o)
 .text.libgcc.fmul
                0x00004b4a        0x0 /usr/lib/gcc/avr/4.8.2/avr51/libgcc.a(_tablejump.o)
 .text.libgcc.fixed
                0x00004b4a        0x0 /usr/lib/gcc/avr/4.8.2/avr51/libgcc.a(_tablejump.o)
 .text.libgcc.mul
                0x00004b4a        0x0 /usr/lib/gcc/avr/4.8.2/avr51/libgcc.a(_copy_data.o)
 .text.libgcc.div
                0x00004b4a        0x0 /usr/lib/gcc/avr/4.8.2/avr51/libgcc.a(_copy_data.o)
 .text.libgcc   0x00004b4a        0x0 /usr/lib/gcc/avr/4.8.2/avr51/libgcc.a(_copy_data.o)
 .text.libgcc.prologue
                0x00004b4a        0x0 /usr/lib/gcc/avr/4.8.2/avr51/libgcc.a(_copy_data.o)
 .text.libgcc.builtins
                0x00004b4a        0x0 /usr/lib/gcc/avr/4.8.2/avr51/libgcc.a(_copy_data.o)
 .text.libgcc.fmul
                0x00004b4a        0x0 /usr/lib/gcc/avr/4.8.2/avr51/libgcc.a(_copy_data.o)
 .text.libgcc.fixed
                0x00004b4a        0x0 /usr/lib/gcc/avr/4.8.2/avr51/libgcc.a(_copy_data.o)
 .text.libgcc.mul
                0x00004b4a        0x0 /usr/lib/gcc/avr/4.8.2/avr51/libgcc.a(_clear_bss.o)
 .text.libgcc.div
                0x00004b4a        0x0 /usr/lib/gcc/avr/4.8.2/avr51/libgcc.a(_clear_bss.o)
 .text.libgcc   0x00004b4a        0x0 /usr/lib/gcc/avr/4.8.2/avr51/libgcc.a(_clear_bss.o)
 .text.libgcc.prologue
                0x00004b4a        0x0 /usr/lib/gcc/avr/4.8.2/avr51/libgcc.a(_clear_bss.o)
 .text.libgcc.builtins
                0x00004b4a        0x0 /usr/lib/gcc/avr/4.8.2/avr51/libgcc.a(_clear_bss.o)
 .text.libgcc.fmul
                0x00004b4a        0x0 /usr/lib/gcc/avr/4.8.2/avr51/libgcc.a(_clear_bss.o)
 .text.libgcc.fixed
                0x00004b4a        0x0 /usr/lib/gcc/avr/4.8.2/avr51/libgcc.a(_clear_bss.o)
 .text.libgcc.mul
                0x00004b4a       0x16 /usr/lib/gcc/avr/4.8.2/avr51/libgcc.a(_muluhisi3.o)
                0x00004b4a                __muluhisi3
 .text.libgcc.div
                0x00004b60        0x0 /usr/lib/gcc/avr/4.8.2/avr51/libgcc.a(_muluhisi3.o)
 .text.libgcc   0x00004b60        0x0 /usr/lib/gcc/avr/4.8.2/avr51/libgcc.a(_muluhisi3.o)
 .text.libgcc.prologue
                0x00004b60        0x0 /usr/lib/gcc/avr/4.8.2/avr51/libgcc.a(_muluhisi3.o)
 .text.libgcc.builtins
                0x00004b60        0x0 /usr/lib/gcc/avr/4.8.2/avr51/libgcc.a(_muluhisi3.o)
 .text.libgcc.fmul
                0x00004b60        0x0 /usr/lib/gcc/avr/4.8.2/avr51/libgcc.a(_muluhisi3.o)
 .text.libgcc.fixed
                0x00004b60        0x0 /usr/lib/gcc/avr/4.8.2/avr51/libgcc.a(_muluhisi3.o)
 .text.libgcc.mul
                0x00004b60       0x1e /usr/lib/gcc/avr/4.8.2/avr51/libgcc.a(_umulhisi3.o)
                0x00004b60                __umulhisi3
 .text.libgcc.div
                0x00004b7e        0x0 /usr/lib/gcc/avr/4.8.2/avr51/libgcc.a(_umulhisi3.o)
 .text.libgcc   0x00004b7e        0x0 /usr/lib/gcc/avr/4.8.2/avr51/libgcc.a(_umulhisi3.o)
 .text.libgcc.prologue
                0x00004b7e        0x0 /usr/lib/gcc/avr/4.8.2/avr51/libgcc.a(_umulhisi3.o)
 .text.libgcc.builtins
                0x00004b7e        0x0 /usr/lib/gcc/avr/4.8.2/avr51/libgcc.a(_umulhisi3.o)
 .text.libgcc.fmul
                0x00004b7e        0x0 /usr/lib/gcc/avr/4.8.2/avr51/libgcc.a(_umulhisi3.o)
 .text.libgcc.fixed
                0x00004b7e        0x0 /usr/lib/gcc/avr/4.8.2/avr51/libgcc.a(_umulhisi3.o)
 .text.avr-libc.fplib
                0x00004b7e        0xa /usr/lib/gcc/avr/4.8.2/../../../avr/lib/avr51/libm.a(addsf3.o)
                0x00004b7e                __subsf3
                0x00004b80                __addsf3
 .text.avr-libc.fplib
                0x00004b88       0xc0 /usr/lib/gcc/avr/4.8.2/../../../avr/lib/avr51/libm.a(addsf3x.o)
                0x00004ba2                __addsf3x
 .text.avr-libc.fplib
                0x00004c48        0x8 /usr/lib/gcc/avr/4.8.2/../../../avr/lib/avr51/libm.a(cmpsf2.o)
                0x00004c48                __lesf2
                0x00004c48                __nesf2
                0x00004c48                __eqsf2
                0x00004c48                __cmpsf2
                0x00004c48                __ltsf2
 .text.avr-libc.fplib
                0x00004c50        0x4 /usr/lib/gcc/avr/4.8.2/../../../avr/lib/avr51/libm.a(divsf3.o)
                0x00004c50                __divsf3
 .text.avr-libc.fplib
                0x00004c54       0xcc /usr/lib/gcc/avr/4.8.2/../../../avr/lib/avr51/libm.a(divsf3x.o)
                0x00004c6a                __divsf3x
                0x00004c6e                __divsf3_pse
 .text.avr-libc.fplib
                0x00004d20        0xa /usr/lib/gcc/avr/4.8.2/../../../avr/lib/avr51/libm.a(fixsfsi.o)
                0x00004d20                __fixsfsi
 .text.avr-libc.fplib
                0x00004d2a       0x58 /usr/lib/gcc/avr/4.8.2/../../../avr/lib/avr51/libm.a(fixunssfsi.o)
                0x00004d2a                __fixunssfsi
 .text.avr-libc.fplib
                0x00004d82       0x7a /usr/lib/gcc/avr/4.8.2/../../../avr/lib/avr51/libm.a(floatsisf.o)
                0x00004d82                __floatunsisf
                0x00004d86                __floatsisf
 .text.avr-libc.fplib
                0x00004dfc       0x48 /usr/lib/gcc/avr/4.8.2/../../../avr/lib/avr51/libm.a(fp_cmp.o)
                0x00004dfc                __fp_cmp
 .text.avr-libc.fplib
                0x00004e44        0xc /usr/lib/gcc/avr/4.8.2/../../../avr/lib/avr51/libm.a(fp_inf.o)
                0x00004e44                __fp_inf
 .text.avr-libc.fplib
                0x00004e50        0x6 /usr/lib/gcc/avr/4.8.2/../../../avr/lib/avr51/libm.a(fp_nan.o)
                0x00004e50                __fp_nan
 .text.avr-libc.fplib
                0x00004e56        0xe /usr/lib/gcc/avr/4.8.2/../../../avr/lib/avr51/libm.a(fp_pscA.o)
                0x00004e56                __fp_pscA
 .text.avr-libc.fplib
                0x00004e64        0xe /usr/lib/gcc/avr/4.8.2/../../../avr/lib/avr51/libm.a(fp_pscB.o)
                0x00004e64                __fp_pscB
 .text.avr-libc.fplib
                0x00004e72       0x22 /usr/lib/gcc/avr/4.8.2/../../../avr/lib/avr51/libm.a(fp_round.o)
                0x00004e72                __fp_round
 .text.avr-libc.fplib
                0x00004e94       0x44 /usr/lib/gcc/avr/4.8.2/../../../avr/lib/avr51/libm.a(fp_split3.o)
                0x00004e94                __fp_split3
                0x00004ea4                __fp_splitA
 .text.avr-libc.fplib
                0x00004ed8        0xe /usr/lib/gcc/avr/4.8.2/../../../avr/lib/avr51/libm.a(fp_zero.o)
                0x00004ed8                __fp_zero
                0x00004eda                __fp_szero
 .text.avr-libc.fplib
                0x00004ee6        0x8 /usr/lib/gcc/avr/4.8.2/../../../avr/lib/avr51/libm.a(gesf2.o)
                0x00004ee6                __gtsf2
                0x00004ee6                __gesf2
 .text.avr-libc.fplib
                0x00004eee        0x4 /usr/lib/gcc/avr/4.8.2/../../../avr/lib/avr51/libm.a(mulsf3.o)
                0x00004eee                __mulsf3
 .text.avr-libc.fplib
                0x00004ef2       0xc2 /usr/lib/gcc/avr/4.8.2/../../../avr/lib/avr51/libm.a(mulsf3x.o)
                0x00004f06                __mulsf3x
                0x00004f0a                __mulsf3_pse
 .text.avr-libc
                0x00004fb4       0x12 /usr/lib/gcc/avr/4.8.2/../../../avr/lib/avr51/libc.a(memcpy.o)
                0x00004fb4                memcpy
 .text.avr-libc
                0x00004fc6       0x42 /usr/lib/gcc/avr/4.8.2/../../../avr/lib/avr51/libc.a(itoa.o)
                0x00004fc6                itoa
 .text.avr-libc
                0x00005008       0x5e /usr/lib/gcc/avr/4.8.2/../../../avr/lib/avr51/libc.a(sprintf.o)
                0x00005008                sprintf
 .text.avr-libc
                0x00005066      0x3f6 /usr/lib/gcc/avr/4.8.2/../../../avr/lib/avr51/libc.a(vfprintf_std.o)
                0x00005066                vfprintf
 .text.avr-libc
                0x0000545c       0x10 /usr/lib/gcc/avr/4.8.2/../../../avr/lib/avr51/libc.a(eerd_byte_at90can128.o)
                0x0000545c                __eerd_byte_can128
 .text.avr-libc
                0x0000546c        0xc /usr/lib/gcc/avr/4.8.2/../../../avr/lib/avr51/libc.a(eerd_word_at90can128.o)
                0x0000546c                __eerd_word_can128
 .text.avr-libc
                0x00005478       0x1a /usr/lib/gcc/avr/4.8.2/../../../avr/lib/avr51/libc.a(eewr_byte_at90can128.o)
                0x00005478                __eewr_byte_can128
                0x0000547a                __eewr_r18_can128
 .text.avr-libc
                0x00005492        0xa /usr/lib/gcc/avr/4.8.2/../../../avr/lib/avr51/libc.a(eewr_word_at90can128.o)
                0x00005492                __eewr_word_can128
 .text.avr-libc
                0x0000549c       0x16 /usr/lib/gcc/avr/4.8.2/../../../avr/lib/avr51/libc.a(strnlen_P.o)
                0x0000549c                strnlen_P
 .text.avr-libc
                0x000054b2       0x16 /usr/lib/gcc/avr/4.8.2/../../../avr/lib/avr51/libc.a(strnlen.o)
                0x000054b2                strnlen
 .text.avr-libc
                0x000054c8       0x20 /usr/lib/gcc/avr/4.8.2/../../../avr/lib/avr51/libc.a(strrev.o)
                0x000054c8                strrev
 .text.avr-libc
                0x000054e8       0x64 /usr/lib/gcc/avr/4.8.2/../../../avr/lib/avr51/libc.a(fputc.o)
                0x000054e8                fputc
 .text.avr-libc
                0x0000554c       0xbc /usr/lib/gcc/avr/4.8.2/../../../avr/lib/avr51/libc.a(ultoa_invert.o)
                0x0000554c                __ultoa_invert
 .text.avr-libc
                0x00005608       0x20 /usr/lib/gcc/avr/4.8.2/../../../avr/lib/avr51/libc.a(eerd_block_at90can128.o)
                0x00005608                __eerd_block_can128
                0x0000560c                __eerd_blraw_can128
                0x00005628                . = ALIGN (0x2)
 *(.fini9)
 .fini9         0x00005628        0x0 /usr/lib/gcc/avr/4.8.2/avr51/libgcc.a(_exit.o)
                0x00005628                exit
                0x00005628                _exit
 *(.fini9)
 *(.fini8)
 *(.fini8)
 *(.fini7)
 *(.fini7)
 *(.fini6)
 *(.fini6)
 *(.fini5)
 *(.fini5)
 *(.fini4)
 *(.fini4)
 *(.fini3)
 *(.fini3)
 *(.fini2)
 *(.fini2)
 *(.fini1)
 *(.fini1)
 *(.fini0)
 .fini0         0x00005628        0x4 /usr/lib/gcc/avr/4.8.2/avr51/libgcc.a(_exit.o)
 *(.fini0)
                0x0000562c                _etext = .

.data           0x00800100      0x1e0 load address 0x0000562c
                0x00800100                PROVIDE (__data_start, .)
 *(.data)
 .data          0x00800100        0x0 /usr/lib/gcc/avr/4.8.2/../../../avr/lib/avr51/crtcan128.o
 .data          0x00800100        0x0 build/main.o
 .data          0x00800100        0x0 build/i2c.o
 .data          0x00800100        0x0 build/lcd.o
 .data          0x00800100        0x0 build/task_button.o
 .data          0x00800100        0x0 build/task_i2c.o
 .data          0x00800100        0x0 build/task_can.o
 .data          0x00800100        0x0 build/task_gui.o
 .data          0x00800100        0x0 build/task_watchdog.o
 .data          0x00800100        0x0 build/task_charge.o
 .data          0x00800100        0x0 build/task_safety.o
 .data          0x00800100        0x0 build/task_config.o
 .data          0x00800100        0x0 build/task_heartbeat.o
 .data          0x00800100        0x0 build/tasklist.o
 .data          0x00800100        0x0 build/atomport-asm.o
 .data          0x00800100        0x0 build/atomkernel.o
 .data          0x00800100        0x0 build/atomsem.o
 .data          0x00800100        0x0 build/atommutex.o
 .data          0x00800100        0x0 build/atomtimer.o
 .data          0x00800100        0x0 build/atomqueue.o
 .data          0x00800100        0x0 build/atomport.o
 .data          0x00800100        0x1 build/atmel/TWI_Master.o
 .data          0x00800101        0x0 build/atmel/can_lib.o
 .data          0x00800101        0x0 build/atmel/can_drv.o
 .data          0x00800101        0x0 /usr/lib/gcc/avr/4.8.2/avr51/libgcc.a(_mulsi3.o)
 .data          0x00800101        0x0 /usr/lib/gcc/avr/4.8.2/avr51/libgcc.a(_udivmodqi4.o)
 .data          0x00800101        0x0 /usr/lib/gcc/avr/4.8.2/avr51/libgcc.a(_divmodqi4.o)
 .data          0x00800101        0x0 /usr/lib/gcc/avr/4.8.2/avr51/libgcc.a(_udivmodhi4.o)
 .data          0x00800101        0x0 /usr/lib/gcc/avr/4.8.2/avr51/libgcc.a(_divmodhi4.o)
 .data          0x00800101        0x0 /usr/lib/gcc/avr/4.8.2/avr51/libgcc.a(_udivmodsi4.o)
 .data          0x00800101        0x0 /usr/lib/gcc/avr/4.8.2/avr51/libgcc.a(_divmodsi4.o)
 .data          0x00800101        0x0 /usr/lib/gcc/avr/4.8.2/avr51/libgcc.a(_negsi2.o)
 .data          0x00800101        0x0 /usr/lib/gcc/avr/4.8.2/avr51/libgcc.a(_exit.o)
 .data          0x00800101        0x0 /usr/lib/gcc/avr/4.8.2/avr51/libgcc.a(_tablejump.o)
 .data          0x00800101        0x0 /usr/lib/gcc/avr/4.8.2/avr51/libgcc.a(_copy_data.o)
 .data          0x00800101        0x0 /usr/lib/gcc/avr/4.8.2/avr51/libgcc.a(_clear_bss.o)
 .data          0x00800101        0x0 /usr/lib/gcc/avr/4.8.2/avr51/libgcc.a(_muluhisi3.o)
 .data          0x00800101        0x0 /usr/lib/gcc/avr/4.8.2/avr51/libgcc.a(_umulhisi3.o)
 .data          0x00800101        0x0 /usr/lib/gcc/avr/4.8.2/../../../avr/lib/avr51/libm.a(addsf3.o)
 .data          0x00800101        0x0 /usr/lib/gcc/avr/4.8.2/../../../avr/lib/avr51/libm.a(addsf3x.o)
 .data          0x00800101        0x0 /usr/lib/gcc/avr/4.8.2/../../../avr/lib/avr51/libm.a(cmpsf2.o)
 .data          0x00800101        0x0 /usr/lib/gcc/avr/4.8.2/../../../avr/lib/avr51/libm.a(divsf3.o)
 .data          0x00800101        0x0 /usr/lib/gcc/avr/4.8.2/../../../avr/lib/avr51/libm.a(divsf3x.o)
 .data          0x00800101        0x0 /usr/lib/gcc/avr/4.8.2/../../../avr/lib/avr51/libm.a(fixsfsi.o)
 .data          0x00800101        0x0 /usr/lib/gcc/avr/4.8.2/../../../avr/lib/avr51/libm.a(fixunssfsi.o)
 .data          0x00800101        0x0 /usr/lib/gcc/avr/4.8.2/../../../avr/lib/avr51/libm.a(floatsisf.o)
 .data          0x00800101        0x0 /usr/lib/gcc/avr/4.8.2/../../../avr/lib/avr51/libm.a(fp_cmp.o)
 .data          0x00800101        0x0 /usr/lib/gcc/avr/4.8.2/../../../avr/lib/avr51/libm.a(fp_inf.o)
 .data          0x00800101        0x0 /usr/lib/gcc/avr/4.8.2/../../../avr/lib/avr51/libm.a(fp_nan.o)
 .data          0x00800101        0x0 /usr/lib/gcc/avr/4.8.2/../../../avr/lib/avr51/libm.a(fp_pscA.o)
 .data          0x00800101        0x0 /usr/lib/gcc/avr/4.8.2/../../../avr/lib/avr51/libm.a(fp_pscB.o)
 .data          0x00800101        0x0 /usr/lib/gcc/avr/4.8.2/../../../avr/lib/avr51/libm.a(fp_round.o)
 .data          0x00800101        0x0 /usr/lib/gcc/avr/4.8.2/../../../avr/lib/avr51/libm.a(fp_split3.o)
 .data          0x00800101        0x0 /usr/lib/gcc/avr/4.8.2/../../../avr/lib/avr51/libm.a(fp_zero.o)
 .data          0x00800101        0x0 /usr/lib/gcc/avr/4.8.2/../../../avr/lib/avr51/libm.a(gesf2.o)
 .data          0x00800101        0x0 /usr/lib/gcc/avr/4.8.2/../../../avr/lib/avr51/libm.a(mulsf3.o)
 .data          0x00800101        0x0 /usr/lib/gcc/avr/4.8.2/../../../avr/lib/avr51/libm.a(mulsf3x.o)
 .data          0x00800101        0x0 /usr/lib/gcc/avr/4.8.2/../../../avr/lib/avr51/libc.a(memcpy.o)
 .data          0x00800101        0x0 /usr/lib/gcc/avr/4.8.2/../../../avr/lib/avr51/libc.a(itoa.o)
 .data          0x00800101        0x0 /usr/lib/gcc/avr/4.8.2/../../../avr/lib/avr51/libc.a(sprintf.o)
 .data          0x00800101        0x0 /usr/lib/gcc/avr/4.8.2/../../../avr/lib/avr51/libc.a(vfprintf_std.o)
 .data          0x00800101        0x0 /usr/lib/gcc/avr/4.8.2/../../../avr/lib/avr51/libc.a(eerd_byte_at90can128.o)
 .data          0x00800101        0x0 /usr/lib/gcc/avr/4.8.2/../../../avr/lib/avr51/libc.a(eerd_word_at90can128.o)
 .data          0x00800101        0x0 /usr/lib/gcc/avr/4.8.2/../../../avr/lib/avr51/libc.a(eewr_byte_at90can128.o)
 .data          0x00800101        0x0 /usr/lib/gcc/avr/4.8.2/../../../avr/lib/avr51/libc.a(eewr_word_at90can128.o)
 .data          0x00800101        0x0 /usr/lib/gcc/avr/4.8.2/../../../avr/lib/avr51/libc.a(strnlen_P.o)
 .data          0x00800101        0x0 /usr/lib/gcc/avr/4.8.2/../../../avr/lib/avr51/libc.a(strnlen.o)
 .data          0x00800101        0x0 /usr/lib/gcc/avr/4.8.2/../../../avr/lib/avr51/libc.a(strrev.o)
 .data          0x00800101        0x0 /usr/lib/gcc/avr/4.8.2/../../../avr/lib/avr51/libc.a(fputc.o)
 .data          0x00800101        0x0 /usr/lib/gcc/avr/4.8.2/../../../avr/lib/avr51/libc.a(ultoa_invert.o)
 .data          0x00800101        0x0 /usr/lib/gcc/avr/4.8.2/../../../avr/lib/avr51/libc.a(eerd_block_at90can128.o)
 *(.data*)
 *(.rodata)
 .rodata        0x00800101      0x12c build/lcd.o
 .rodata        0x0080022d       0x87 build/tasklist.o
                0x0080022d                task_list
 *(.rodata*)
 .rodata.str1.1
                0x008002b4       0x2b build/lcd.o
 *(.gnu.linkonce.d*)
                0x008002e0                . = ALIGN (0x2)
 *fill*         0x008002df        0x1 
                0x008002e0                _edata = .
                0x008002e0                PROVIDE (__data_end, .)

.bss            0x008002e0      0xb4c
                0x008002e0                PROVIDE (__bss_start, .)
 *(.bss)
 .bss           0x008002e0        0x0 /usr/lib/gcc/avr/4.8.2/../../../avr/lib/avr51/crtcan128.o
 .bss           0x008002e0      0x200 build/main.o
 .bss           0x008004e0        0x0 build/i2c.o
 .bss           0x008004e0        0x0 build/lcd.o
 .bss           0x008004e0        0x0 build/task_button.o
 .bss           0x008004e0        0x0 build/task_i2c.o
 .bss           0x008004e0        0x0 build/task_can.o
 .bss           0x008004e0        0x0 build/task_gui.o
 .bss           0x008004e0        0x0 build/task_watchdog.o
 .bss           0x008004e0        0x0 build/task_charge.o
 .bss           0x008004e0        0x0 build/task_safety.o
 .bss           0x008004e0        0x0 build/task_config.o
 .bss           0x008004e0        0x0 build/task_heartbeat.o
 .bss           0x008004e0      0x7a1 build/tasklist.o
 .bss           0x00800c81        0x0 build/atomport-asm.o
 .bss           0x00800c81       0x18 build/atomkernel.o
                0x00800c81                atomOSStarted
                0x00800c82                tcbReadyQ
 .bss           0x00800c99        0x0 build/atomsem.o
 .bss           0x00800c99        0x0 build/atommutex.o
 .bss           0x00800c99        0x6 build/atomtimer.o
 .bss           0x00800c9f        0x0 build/atomqueue.o
 .bss           0x00800c9f        0x0 build/atomport.o
 .bss           0x00800c9f        0x7 build/atmel/TWI_Master.o
                0x00800c9f                TWI_statusReg
 .bss           0x00800ca6        0x0 build/atmel/can_lib.o
 .bss           0x00800ca6        0x0 build/atmel/can_drv.o
 .bss           0x00800ca6        0x0 /usr/lib/gcc/avr/4.8.2/avr51/libgcc.a(_mulsi3.o)
 .bss           0x00800ca6        0x0 /usr/lib/gcc/avr/4.8.2/avr51/libgcc.a(_udivmodqi4.o)
 .bss           0x00800ca6        0x0 /usr/lib/gcc/avr/4.8.2/avr51/libgcc.a(_divmodqi4.o)
 .bss           0x00800ca6        0x0 /usr/lib/gcc/avr/4.8.2/avr51/libgcc.a(_udivmodhi4.o)
 .bss           0x00800ca6        0x0 /usr/lib/gcc/avr/4.8.2/avr51/libgcc.a(_divmodhi4.o)
 .bss           0x00800ca6        0x0 /usr/lib/gcc/avr/4.8.2/avr51/libgcc.a(_udivmodsi4.o)
 .bss           0x00800ca6        0x0 /usr/lib/gcc/avr/4.8.2/avr51/libgcc.a(_divmodsi4.o)
 .bss           0x00800ca6        0x0 /usr/lib/gcc/avr/4.8.2/avr51/libgcc.a(_negsi2.o)
 .bss           0x00800ca6        0x0 /usr/lib/gcc/avr/4.8.2/avr51/libgcc.a(_exit.o)
 .bss           0x00800ca6        0x0 /usr/lib/gcc/avr/4.8.2/avr51/libgcc.a(_tablejump.o)
 .bss           0x00800ca6        0x0 /usr/lib/gcc/avr/4.8.2/avr51/libgcc.a(_copy_data.o)
 .bss           0x00800ca6        0x0 /usr/lib/gcc/avr/4.8.2/avr51/libgcc.a(_clear_bss.o)
 .bss           0x00800ca6        0x0 /usr/lib/gcc/avr/4.8.2/avr51/libgcc.a(_muluhisi3.o)
 .bss           0x00800ca6        0x0 /usr/lib/gcc/avr/4.8.2/avr51/libgcc.a(_umulhisi3.o)
 .bss           0x00800ca6        0x0 /usr/lib/gcc/avr/4.8.2/../../../avr/lib/avr51/libm.a(addsf3.o)
 .bss           0x00800ca6        0x0 /usr/lib/gcc/avr/4.8.2/../../../avr/lib/avr51/libm.a(addsf3x.o)
 .bss           0x00800ca6        0x0 /usr/lib/gcc/avr/4.8.2/../../../avr/lib/avr51/libm.a(cmpsf2.o)
 .bss           0x00800ca6        0x0 /usr/lib/gcc/avr/4.8.2/../../../avr/lib/avr51/libm.a(divsf3.o)
 .bss           0x00800ca6        0x0 /usr/lib/gcc/avr/4.8.2/../../../avr/lib/avr51/libm.a(divsf3x.o)
 .bss           0x00800ca6        0x0 /usr/lib/gcc/avr/4.8.2/../../../avr/lib/avr51/libm.a(fixsfsi.o)
 .bss           0x00800ca6        0x0 /usr/lib/gcc/avr/4.8.2/../../../avr/lib/avr51/libm.a(fixunssfsi.o)
 .bss           0x00800ca6        0x0 /usr/lib/gcc/avr/4.8.2/../../../avr/lib/avr51/libm.a(floatsisf.o)
 .bss           0x00800ca6        0x0 /usr/lib/gcc/avr/4.8.2/../../../avr/lib/avr51/libm.a(fp_cmp.o)
 .bss           0x00800ca6        0x0 /usr/lib/gcc/avr/4.8.2/../../../avr/lib/avr51/libm.a(fp_inf.o)
 .bss           0x00800ca6        0x0 /usr/lib/gcc/avr/4.8.2/../../../avr/lib/avr51/libm.a(fp_nan.o)
 .bss           0x00800ca6        0x0 /usr/lib/gcc/avr/4.8.2/../../../avr/lib/avr51/libm.a(fp_pscA.o)
 .bss           0x00800ca6        0x0 /usr/lib/gcc/avr/4.8.2/../../../avr/lib/avr51/libm.a(fp_pscB.o)
 .bss           0x00800ca6        0x0 /usr/lib/gcc/avr/4.8.2/../../../avr/lib/avr51/libm.a(fp_round.o)
 .bss           0x00800ca6        0x0 /usr/lib/gcc/avr/4.8.2/../../../avr/lib/avr51/libm.a(fp_split3.o)
 .bss           0x00800ca6        0x0 /usr/lib/gcc/avr/4.8.2/../../../avr/lib/avr51/libm.a(fp_zero.o)
 .bss           0x00800ca6        0x0 /usr/lib/gcc/avr/4.8.2/../../../avr/lib/avr51/libm.a(gesf2.o)
 .bss           0x00800ca6        0x0 /usr/lib/gcc/avr/4.8.2/../../../avr/lib/avr51/libm.a(mulsf3.o)
 .bss           0x00800ca6        0x0 /usr/lib/gcc/avr/4.8.2/../../../avr/lib/avr51/libm.a(mulsf3x.o)
 .bss           0x00800ca6        0x0 /usr/lib/gcc/avr/4.8.2/../../../avr/lib/avr51/libc.a(memcpy.o)
 .bss           0x00800ca6        0x0 /usr/lib/gcc/avr/4.8.2/../../../avr/lib/avr51/libc.a(itoa.o)
 .bss           0x00800ca6        0x0 /usr/lib/gcc/avr/4.8.2/../../../avr/lib/avr51/libc.a(sprintf.o)
 .bss           0x00800ca6        0x0 /usr/lib/gcc/avr/4.8.2/../../../avr/lib/avr51/libc.a(vfprintf_std.o)
 .bss           0x00800ca6        0x0 /usr/lib/gcc/avr/4.8.2/../../../avr/lib/avr51/libc.a(eerd_byte_at90can128.o)
 .bss           0x00800ca6        0x0 /usr/lib/gcc/avr/4.8.2/../../../avr/lib/avr51/libc.a(eerd_word_at90can128.o)
 .bss           0x00800ca6        0x0 /usr/lib/gcc/avr/4.8.2/../../../avr/lib/avr51/libc.a(eewr_byte_at90can128.o)
 .bss           0x00800ca6        0x0 /usr/lib/gcc/avr/4.8.2/../../../avr/lib/avr51/libc.a(eewr_word_at90can128.o)
 .bss           0x00800ca6        0x0 /usr/lib/gcc/avr/4.8.2/../../../avr/lib/avr51/libc.a(strnlen_P.o)
 .bss           0x00800ca6        0x0 /usr/lib/gcc/avr/4.8.2/../../../avr/lib/avr51/libc.a(strnlen.o)
 .bss           0x00800ca6        0x0 /usr/lib/gcc/avr/4.8.2/../../../avr/lib/avr51/libc.a(strrev.o)
 .bss           0x00800ca6        0x0 /usr/lib/gcc/avr/4.8.2/../../../avr/lib/avr51/libc.a(fputc.o)
 .bss           0x00800ca6        0x0 /usr/lib/gcc/avr/4.8.2/../../../avr/lib/avr51/libc.a(ultoa_invert.o)
 .bss           0x00800ca6        0x0 /usr/lib/gcc/avr/4.8.2/../../../avr/lib/avr51/libc.a(eerd_block_at90can128.o)
 *(.bss*)
 *(COMMON)
 COMMON         0x00800ca6      0x17f build/main.o
                0x00800ca6                button_enter
                0x00800ca7                Pack_State_Strings
                0x00800cb5                ams_voltage
                0x00800cb7                cell_status
                0x00800cbe                pack_SOC
                0x00800cbf                display_2
                0x00800cd3                cell_Tslp
                0x00800cef                address
                0x00800cf3                lcd_flag
                0x00800cf4                CANADD_PACKINFO1
                0x00800cf6                ams_temp
                0x00800cf8                ams_board_addr
                0x00800d08                v_select
                0x00800d0a                pack_current
                0x00800d0e                can_frame_ctrl
                0x00800d10                sloop_state
                0x00800d11                CANADD_CELLINFO
                0x00800d13                cell_T
                0x00800d21                emilie_temp
                0x00800d23                adc_value
                0x00800d27                pack_state
                0x00800d29                cell_Voff
                0x00800d37                display_0
                0x00800d4b                fault_code
                0x00800d4c                bypass_flag
                0x00800d4d                A_mutex
                0x00800d52                off_result
                0x00800d57                can_frame
                0x00800d64                curr_can_addr
                0x00800d69                ams_serial_array
                0x00800da9                display_1
                0x00800dbd                LOW_DET
                0x00800dbe                sel
                0x00800dbf                can_buff
                0x00800dc7                prev_pack_SOC
                0x00800dc8                pack_voltage
                0x00800dca                pack_coulombs
                0x00800dce                button_down
                0x00800dcf                cell
                0x00800dd0                slp_result
                0x00800dd5                ams_board_count
                0x00800dd6                can_frame_id
                0x00800dda                CHRG_DET
                0x00800ddb                cell_V
                0x00800de9                addr_choice
                0x00800deb                CANADD_PACKINFO2
                0x00800ded                cell_Toff
                0x00800dfb                shunt_voltage
                0x00800dfd                button_up
                0x00800dfe                cell_Vslp
                0x00800e0c                display_3
                0x00800e20                next_can_addr
 COMMON         0x00800e25        0x5 build/i2c.o
                0x00800e25                i2c_mutex
 COMMON         0x00800e2a        0x2 build/task_can.o
                0x00800e2a                i
                0x00800e2c                PROVIDE (__bss_end, .)
                0x0000562c                __data_load_start = LOADADDR (.data)
                0x0000580c                __data_load_end = (__data_load_start + SIZEOF (.data))

.noinit         0x00800e2c        0x0
                0x00800e2c                PROVIDE (__noinit_start, .)
 *(.noinit*)
                0x00800e2c                PROVIDE (__noinit_end, .)
                0x00800e2c                _end = .
                0x00800e2c                PROVIDE (__heap_start, .)

.eeprom         0x00810000        0x0
 *(.eeprom*)
                0x00810000                __eeprom_end = .

.fuse
 *(.fuse)
 *(.lfuse)
 *(.hfuse)
 *(.efuse)

.lock
 *(.lock*)

.signature
 *(.signature*)

.user_signatures
 *(.user_signatures*)

.stab           0x00000000    0x12390
 *(.stab)
 .stab          0x00000000      0x6cc /usr/lib/gcc/avr/4.8.2/../../../avr/lib/avr51/crtcan128.o
 .stab          0x000006cc      0xa5c build/main.o
                                0xa68 (size before relaxing)
 .stab          0x00001128     0x1920 build/i2c.o
                               0x1bfc (size before relaxing)
 .stab          0x00002a48     0x132c build/lcd.o
                               0x1710 (size before relaxing)
 .stab          0x00003d74      0x60c build/task_button.o
                                0x978 (size before relaxing)
 .stab          0x00004380      0xa5c build/task_i2c.o
                                0xe4c (size before relaxing)
 .stab          0x00004ddc      0xa20 build/task_can.o
                                0xcfc (size before relaxing)
 .stab          0x000057fc      0x798 build/task_gui.o
                                0xb7c (size before relaxing)
 .stab          0x00005f94      0x36c build/task_watchdog.o
                                0x5b8 (size before relaxing)
 .stab          0x00006300      0x96c build/task_charge.o
                                0xd74 (size before relaxing)
 .stab          0x00006c6c      0x5e8 build/task_safety.o
                                0x954 (size before relaxing)
 .stab          0x00007254      0xa38 build/task_config.o
                                0xe58 (size before relaxing)
 .stab          0x00007c8c      0x5f4 build/task_heartbeat.o
                                0x960 (size before relaxing)
 .stab          0x00008280      0x750 build/tasklist.o
                                0xb58 (size before relaxing)
 .stab          0x000089d0      0x390 build/atomport-asm.o
                                0x39c (size before relaxing)
 .stab          0x00008d60      0xd38 build/atomkernel.o
                                0xf00 (size before relaxing)
 .stab          0x00009a98      0xb70 build/atomsem.o
                                0xd8c (size before relaxing)
 .stab          0x0000a608      0xaf8 build/atommutex.o
                                0xd68 (size before relaxing)
 .stab          0x0000b100      0x8d0 build/atomtimer.o
                                0xb40 (size before relaxing)
 .stab          0x0000b9d0      0xec4 build/atomqueue.o
                               0x1134 (size before relaxing)
 .stab          0x0000c894      0x600 build/atomport.o
                                0x84c (size before relaxing)
 .stab          0x0000ce94      0x6f0 build/atmel/TWI_Master.o
                                0x8d0 (size before relaxing)
 .stab          0x0000d584      0x9fc build/atmel/can_lib.o
                                0xc84 (size before relaxing)
 .stab          0x0000df80      0x6b4 build/atmel/can_drv.o
                                0x8f4 (size before relaxing)
 .stab          0x0000e634       0x78 /usr/lib/gcc/avr/4.8.2/../../../avr/lib/avr51/libm.a(addsf3.o)
                                 0x84 (size before relaxing)
 .stab          0x0000e6ac      0x4bc /usr/lib/gcc/avr/4.8.2/../../../avr/lib/avr51/libm.a(addsf3x.o)
                                0x4c8 (size before relaxing)
 .stab          0x0000eb68       0x90 /usr/lib/gcc/avr/4.8.2/../../../avr/lib/avr51/libm.a(cmpsf2.o)
                                 0x9c (size before relaxing)
 .stab          0x0000ebf8       0x48 /usr/lib/gcc/avr/4.8.2/../../../avr/lib/avr51/libm.a(divsf3.o)
                                 0x54 (size before relaxing)
 .stab          0x0000ec40      0x510 /usr/lib/gcc/avr/4.8.2/../../../avr/lib/avr51/libm.a(divsf3x.o)
                                0x51c (size before relaxing)
 .stab          0x0000f150       0x6c /usr/lib/gcc/avr/4.8.2/../../../avr/lib/avr51/libm.a(fixsfsi.o)
                                 0x78 (size before relaxing)
 .stab          0x0000f1bc      0x240 /usr/lib/gcc/avr/4.8.2/../../../avr/lib/avr51/libm.a(fixunssfsi.o)
                                0x24c (size before relaxing)
 .stab          0x0000f3fc      0x318 /usr/lib/gcc/avr/4.8.2/../../../avr/lib/avr51/libm.a(floatsisf.o)
                                0x324 (size before relaxing)
 .stab          0x0000f714      0x1e0 /usr/lib/gcc/avr/4.8.2/../../../avr/lib/avr51/libm.a(fp_cmp.o)
                                0x1ec (size before relaxing)
 .stab          0x0000f8f4       0x78 /usr/lib/gcc/avr/4.8.2/../../../avr/lib/avr51/libm.a(fp_inf.o)
                                 0x84 (size before relaxing)
 .stab          0x0000f96c       0x54 /usr/lib/gcc/avr/4.8.2/../../../avr/lib/avr51/libm.a(fp_nan.o)
                                 0x60 (size before relaxing)
 .stab          0x0000f9c0       0x84 /usr/lib/gcc/avr/4.8.2/../../../avr/lib/avr51/libm.a(fp_pscA.o)
                                 0x90 (size before relaxing)
 .stab          0x0000fa44       0x84 /usr/lib/gcc/avr/4.8.2/../../../avr/lib/avr51/libm.a(fp_pscB.o)
                                 0x90 (size before relaxing)
 .stab          0x0000fac8       0xfc /usr/lib/gcc/avr/4.8.2/../../../avr/lib/avr51/libm.a(fp_round.o)
                                0x108 (size before relaxing)
 .stab          0x0000fbc4      0x1d4 /usr/lib/gcc/avr/4.8.2/../../../avr/lib/avr51/libm.a(fp_split3.o)
                                0x1e0 (size before relaxing)
 .stab          0x0000fd98       0x90 /usr/lib/gcc/avr/4.8.2/../../../avr/lib/avr51/libm.a(fp_zero.o)
                                 0x9c (size before relaxing)
 .stab          0x0000fe28       0x6c /usr/lib/gcc/avr/4.8.2/../../../avr/lib/avr51/libm.a(gesf2.o)
                                 0x78 (size before relaxing)
 .stab          0x0000fe94       0x48 /usr/lib/gcc/avr/4.8.2/../../../avr/lib/avr51/libm.a(mulsf3.o)
                                 0x54 (size before relaxing)
 .stab          0x0000fedc      0x4d4 /usr/lib/gcc/avr/4.8.2/../../../avr/lib/avr51/libm.a(mulsf3x.o)
                                0x4e0 (size before relaxing)
 .stab          0x000103b0       0x84 /usr/lib/gcc/avr/4.8.2/../../../avr/lib/avr51/libc.a(memcpy.o)
                                 0x90 (size before relaxing)
 .stab          0x00010434      0x1b0 /usr/lib/gcc/avr/4.8.2/../../../avr/lib/avr51/libc.a(itoa.o)
                                0x1bc (size before relaxing)
 .stab          0x000105e4      0x528 /usr/lib/gcc/avr/4.8.2/../../../avr/lib/avr51/libc.a(sprintf.o)
                                0x54c (size before relaxing)
 .stab          0x00010b0c      0xb70 /usr/lib/gcc/avr/4.8.2/../../../avr/lib/avr51/libc.a(vfprintf_std.o)
                                0xd80 (size before relaxing)
 .stab          0x0001167c       0x90 /usr/lib/gcc/avr/4.8.2/../../../avr/lib/avr51/libc.a(eerd_byte_at90can128.o)
                                 0x9c (size before relaxing)
 .stab          0x0001170c       0x6c /usr/lib/gcc/avr/4.8.2/../../../avr/lib/avr51/libc.a(eerd_word_at90can128.o)
                                 0x78 (size before relaxing)
 .stab          0x00011778       0xd8 /usr/lib/gcc/avr/4.8.2/../../../avr/lib/avr51/libc.a(eewr_byte_at90can128.o)
                                 0xe4 (size before relaxing)
 .stab          0x00011850       0x54 /usr/lib/gcc/avr/4.8.2/../../../avr/lib/avr51/libc.a(eewr_word_at90can128.o)
                                 0x60 (size before relaxing)
 .stab          0x000118a4       0x9c /usr/lib/gcc/avr/4.8.2/../../../avr/lib/avr51/libc.a(strnlen_P.o)
                                 0xa8 (size before relaxing)
 .stab          0x00011940       0x9c /usr/lib/gcc/avr/4.8.2/../../../avr/lib/avr51/libc.a(strnlen.o)
                                 0xa8 (size before relaxing)
 .stab          0x000119dc       0xd8 /usr/lib/gcc/avr/4.8.2/../../../avr/lib/avr51/libc.a(strrev.o)
                                 0xe4 (size before relaxing)
 .stab          0x00011ab4      0x354 /usr/lib/gcc/avr/4.8.2/../../../avr/lib/avr51/libc.a(fputc.o)
                                0x534 (size before relaxing)
 .stab          0x00011e08      0x480 /usr/lib/gcc/avr/4.8.2/../../../avr/lib/avr51/libc.a(ultoa_invert.o)
                                0x48c (size before relaxing)
 .stab          0x00012288      0x108 /usr/lib/gcc/avr/4.8.2/../../../avr/lib/avr51/libc.a(eerd_block_at90can128.o)
                                0x114 (size before relaxing)

.stabstr        0x00000000     0x622e
 *(.stabstr)
 .stabstr       0x00000000     0x622e /usr/lib/gcc/avr/4.8.2/../../../avr/lib/avr51/crtcan128.o

.stab.excl
 *(.stab.excl)

.stab.exclstr
 *(.stab.exclstr)

.stab.index
 *(.stab.index)

.stab.indexstr
 *(.stab.indexstr)

.comment        0x00000000       0x11
 *(.comment)
 .comment       0x00000000       0x11 build/main.o
                                 0x12 (size before relaxing)
 .comment       0x00000000       0x12 build/i2c.o
 .comment       0x00000000       0x12 build/lcd.o
 .comment       0x00000000       0x12 build/task_button.o
 .comment       0x00000000       0x12 build/task_i2c.o
 .comment       0x00000000       0x12 build/task_can.o
 .comment       0x00000000       0x12 build/task_gui.o
 .comment       0x00000000       0x12 build/task_watchdog.o
 .comment       0x00000000       0x12 build/task_charge.o
 .comment       0x00000000       0x12 build/task_safety.o
 .comment       0x00000000       0x12 build/task_config.o
 .comment       0x00000000       0x12 build/task_heartbeat.o
 .comment       0x00000000       0x12 build/tasklist.o
 .comment       0x00000000       0x12 build/atomkernel.o
 .comment       0x00000000       0x12 build/atomsem.o
 .comment       0x00000000       0x12 build/atommutex.o
 .comment       0x00000000       0x12 build/atomtimer.o
 .comment       0x00000000       0x12 build/atomqueue.o
 .comment       0x00000000       0x12 build/atomport.o
 .comment       0x00000000       0x12 build/atmel/TWI_Master.o
 .comment       0x00000000       0x12 build/atmel/can_lib.o
 .comment       0x00000000       0x12 build/atmel/can_drv.o
 .comment       0x00000000       0x12 /usr/lib/gcc/avr/4.8.2/../../../avr/lib/avr51/libc.a(sprintf.o)
 .comment       0x00000000       0x12 /usr/lib/gcc/avr/4.8.2/../../../avr/lib/avr51/libc.a(vfprintf_std.o)
 .comment       0x00000000       0x12 /usr/lib/gcc/avr/4.8.2/../../../avr/lib/avr51/libc.a(fputc.o)

.debug
 *(.debug)

.line
 *(.line)

.debug_srcinfo
 *(.debug_srcinfo)

.debug_sfnames
 *(.debug_sfnames)

.debug_aranges
 *(.debug_aranges)

.debug_pubnames
 *(.debug_pubnames)

.debug_info
 *(.debug_info)
 *(.gnu.linkonce.wi.*)

.debug_abbrev
 *(.debug_abbrev)

.debug_line
 *(.debug_line)

.debug_frame
 *(.debug_frame)

.debug_str
 *(.debug_str)

.debug_loc
 *(.debug_loc)

.debug_macinfo
 *(.debug_macinfo)

.debug_pubtypes
 *(.debug_pubtypes)

.debug_ranges
 *(.debug_ranges)

.debug_macro
 *(.debug_macro)
OUTPUT(build/pacman.elf elf32-avr)
LOAD linker stubs
