Archive member included to satisfy reference by file (symbol)

/usr/lib/gcc/avr/6.2.0/avr51/libgcc.a(_mulsi3.o)
                              build/task_charge.o (__mulsi3)
/usr/lib/gcc/avr/6.2.0/avr51/libgcc.a(_udivmodqi4.o)
                              build/lcd.o (__udivmodqi4)
/usr/lib/gcc/avr/6.2.0/avr51/libgcc.a(_divmodqi4.o)
                              build/lcd.o (__divmodqi4)
/usr/lib/gcc/avr/6.2.0/avr51/libgcc.a(_udivmodhi4.o)
                              build/lcd.o (__udivmodhi4)
/usr/lib/gcc/avr/6.2.0/avr51/libgcc.a(_divmodhi4.o)
                              build/lcd.o (__divmodhi4)
/usr/lib/gcc/avr/6.2.0/avr51/libgcc.a(_udivmodsi4.o)
                              build/lcd.o (__udivmodsi4)
/usr/lib/gcc/avr/6.2.0/avr51/libgcc.a(_divmodsi4.o)
                              build/lcd.o (__divmodsi4)
/usr/lib/gcc/avr/6.2.0/avr51/libgcc.a(_negsi2.o)
                              /usr/lib/gcc/avr/6.2.0/avr51/libgcc.a(_divmodsi4.o) (__negsi2)
/usr/lib/gcc/avr/6.2.0/avr51/libgcc.a(_exit.o)
                              /usr/lib/gcc/avr/6.2.0/../../../../avr/lib/avr51/crtat90can128.o (exit)
/usr/lib/gcc/avr/6.2.0/avr51/libgcc.a(_tablejump2.o)
                              build/atmel/can_lib.o (__tablejump2__)
/usr/lib/gcc/avr/6.2.0/avr51/libgcc.a(_copy_data.o)
                              build/i2c.o (__do_copy_data)
/usr/lib/gcc/avr/6.2.0/avr51/libgcc.a(_clear_bss.o)
                              build/main.o (__do_clear_bss)
/usr/lib/gcc/avr/6.2.0/avr51/libgcc.a(_muluhisi3.o)
                              /usr/lib/gcc/avr/6.2.0/avr51/libgcc.a(_mulsi3.o) (__muluhisi3)
/usr/lib/gcc/avr/6.2.0/avr51/libgcc.a(_umulhisi3.o)
                              /usr/lib/gcc/avr/6.2.0/avr51/libgcc.a(_muluhisi3.o) (__umulhisi3)
/usr/lib/gcc/avr/6.2.0/../../../../avr/lib/avr51/libm.a(addsf3.o)
                              build/task_i2c.o (__subsf3)
/usr/lib/gcc/avr/6.2.0/../../../../avr/lib/avr51/libm.a(addsf3x.o)
                              /usr/lib/gcc/avr/6.2.0/../../../../avr/lib/avr51/libm.a(addsf3.o) (__addsf3x)
/usr/lib/gcc/avr/6.2.0/../../../../avr/lib/avr51/libm.a(cmpsf2.o)
                              build/lcd.o (__ltsf2)
/usr/lib/gcc/avr/6.2.0/../../../../avr/lib/avr51/libm.a(divsf3.o)
                              build/task_i2c.o (__divsf3)
/usr/lib/gcc/avr/6.2.0/../../../../avr/lib/avr51/libm.a(divsf3x.o)
                              /usr/lib/gcc/avr/6.2.0/../../../../avr/lib/avr51/libm.a(divsf3.o) (__divsf3x)
/usr/lib/gcc/avr/6.2.0/../../../../avr/lib/avr51/libm.a(fixsfsi.o)
                              build/lcd.o (__fixsfsi)
/usr/lib/gcc/avr/6.2.0/../../../../avr/lib/avr51/libm.a(fixunssfsi.o)
                              build/task_i2c.o (__fixunssfsi)
/usr/lib/gcc/avr/6.2.0/../../../../avr/lib/avr51/libm.a(floatsisf.o)
                              build/task_i2c.o (__floatunsisf)
/usr/lib/gcc/avr/6.2.0/../../../../avr/lib/avr51/libm.a(fp_cmp.o)
                              /usr/lib/gcc/avr/6.2.0/../../../../avr/lib/avr51/libm.a(cmpsf2.o) (__fp_cmp)
/usr/lib/gcc/avr/6.2.0/../../../../avr/lib/avr51/libm.a(fp_inf.o)
                              /usr/lib/gcc/avr/6.2.0/../../../../avr/lib/avr51/libm.a(addsf3x.o) (__fp_inf)
/usr/lib/gcc/avr/6.2.0/../../../../avr/lib/avr51/libm.a(fp_nan.o)
                              /usr/lib/gcc/avr/6.2.0/../../../../avr/lib/avr51/libm.a(addsf3x.o) (__fp_nan)
/usr/lib/gcc/avr/6.2.0/../../../../avr/lib/avr51/libm.a(fp_pscA.o)
                              /usr/lib/gcc/avr/6.2.0/../../../../avr/lib/avr51/libm.a(addsf3x.o) (__fp_pscA)
/usr/lib/gcc/avr/6.2.0/../../../../avr/lib/avr51/libm.a(fp_pscB.o)
                              /usr/lib/gcc/avr/6.2.0/../../../../avr/lib/avr51/libm.a(addsf3x.o) (__fp_pscB)
/usr/lib/gcc/avr/6.2.0/../../../../avr/lib/avr51/libm.a(fp_round.o)
                              /usr/lib/gcc/avr/6.2.0/../../../../avr/lib/avr51/libm.a(addsf3.o) (__fp_round)
/usr/lib/gcc/avr/6.2.0/../../../../avr/lib/avr51/libm.a(fp_split3.o)
                              /usr/lib/gcc/avr/6.2.0/../../../../avr/lib/avr51/libm.a(addsf3x.o) (__fp_split3)
/usr/lib/gcc/avr/6.2.0/../../../../avr/lib/avr51/libm.a(fp_zero.o)
                              /usr/lib/gcc/avr/6.2.0/../../../../avr/lib/avr51/libm.a(addsf3x.o) (__fp_zero)
/usr/lib/gcc/avr/6.2.0/../../../../avr/lib/avr51/libm.a(gesf2.o)
                              build/task_charge.o (__gtsf2)
/usr/lib/gcc/avr/6.2.0/../../../../avr/lib/avr51/libm.a(mulsf3.o)
                              build/lcd.o (__mulsf3)
/usr/lib/gcc/avr/6.2.0/../../../../avr/lib/avr51/libm.a(mulsf3x.o)
                              /usr/lib/gcc/avr/6.2.0/../../../../avr/lib/avr51/libm.a(mulsf3.o) (__mulsf3x)
/usr/lib/gcc/avr/6.2.0/../../../../avr/lib/avr51/libc.a(memcpy.o)
                              build/lcd.o (memcpy)
/usr/lib/gcc/avr/6.2.0/../../../../avr/lib/avr51/libc.a(itoa_ncheck.o)
                              build/lcd.o (__itoa_ncheck)
/usr/lib/gcc/avr/6.2.0/../../../../avr/lib/avr51/libc.a(utoa_ncheck.o)
                              /usr/lib/gcc/avr/6.2.0/../../../../avr/lib/avr51/libc.a(itoa_ncheck.o) (__utoa_common)
/usr/lib/gcc/avr/6.2.0/../../../../avr/lib/avr51/libc.a(sprintf.o)
                              build/lcd.o (sprintf)
/usr/lib/gcc/avr/6.2.0/../../../../avr/lib/avr51/libc.a(vfprintf_std.o)
                              /usr/lib/gcc/avr/6.2.0/../../../../avr/lib/avr51/libc.a(sprintf.o) (vfprintf)
/usr/lib/gcc/avr/6.2.0/../../../../avr/lib/avr51/libc.a(strnlen_P.o)
                              /usr/lib/gcc/avr/6.2.0/../../../../avr/lib/avr51/libc.a(vfprintf_std.o) (strnlen_P)
/usr/lib/gcc/avr/6.2.0/../../../../avr/lib/avr51/libc.a(strnlen.o)
                              /usr/lib/gcc/avr/6.2.0/../../../../avr/lib/avr51/libc.a(vfprintf_std.o) (strnlen)
/usr/lib/gcc/avr/6.2.0/../../../../avr/lib/avr51/libc.a(strrev.o)
                              /usr/lib/gcc/avr/6.2.0/../../../../avr/lib/avr51/libc.a(utoa_ncheck.o) (strrev)
/usr/lib/gcc/avr/6.2.0/../../../../avr/lib/avr51/libc.a(fputc.o)
                              /usr/lib/gcc/avr/6.2.0/../../../../avr/lib/avr51/libc.a(vfprintf_std.o) (fputc)
/usr/lib/gcc/avr/6.2.0/../../../../avr/lib/avr51/libc.a(ultoa_invert.o)
                              /usr/lib/gcc/avr/6.2.0/../../../../avr/lib/avr51/libc.a(vfprintf_std.o) (__ultoa_invert)
/usr/lib/gcc/avr/6.2.0/../../../../avr/lib/avr51/libat90can128.a(eerd_byte.o)
                              build/lcd.o (eeprom_read_byte)
/usr/lib/gcc/avr/6.2.0/../../../../avr/lib/avr51/libat90can128.a(eerd_word.o)
                              build/lcd.o (eeprom_read_word)
/usr/lib/gcc/avr/6.2.0/../../../../avr/lib/avr51/libat90can128.a(eewr_byte.o)
                              build/lcd.o (eeprom_write_byte)
/usr/lib/gcc/avr/6.2.0/../../../../avr/lib/avr51/libat90can128.a(eewr_word.o)
                              build/lcd.o (eeprom_write_word)
/usr/lib/gcc/avr/6.2.0/../../../../avr/lib/avr51/libat90can128.a(eerd_block.o)
                              /usr/lib/gcc/avr/6.2.0/../../../../avr/lib/avr51/libat90can128.a(eerd_word.o) (eeprom_read_blraw)

Allocating common symbols
Common symbol       size              file

button_enter        0x1               build/main.o
state_ts            0x14              build/main.o
Pack_State_Strings  0xe               build/main.o
ams_voltage         0x2               build/main.o
cell_status         0x7               build/main.o
pack_SOC            0x1               build/main.o
display_2           0x14              build/main.o
cell_Tslp           0x1c              build/main.o
address             0x4               build/main.o
lcd_flag            0x1               build/main.o
CANADD_PACKINFO1    0x2               build/main.o
ams_temp            0x2               build/main.o
PACK_NUM            0x1               build/main.o
ams_board_addr      0x10              build/main.o
v_select            0x2               build/main.o
pack_current        0x4               build/main.o
can_frame_ctrl      0x2               build/main.o
sloop_state         0x1               build/main.o
CANADD_CELLINFO     0x2               build/main.o
cell_T              0xe               build/main.o
adc_value           0x4               build/main.o
pack_state          0x2               build/main.o
cell_Voff           0xe               build/main.o
display_0           0x14              build/main.o
curr_pack_id        0x2               build/main.o
i                   0x2               build/task_can.o
fault_code          0x1               build/main.o
bypass_flag         0x1               build/main.o
A_mutex             0x5               build/main.o
off_result          0x5               build/main.o
can_frame           0xd               build/main.o
curr_can_addr       0x5               build/main.o
curr_num_cells      0x2               build/main.o
next_num_cells      0x2               build/main.o
pack_num_choice     0x1               build/main.o
flt_cnd             0x5               build/main.o
ams_serial_array    0x40              build/main.o
display_1           0x14              build/main.o
cell_num_choice     0x1               build/main.o
LOW_DET             0x1               build/main.o
sel                 0x1               build/main.o
can_buff            0x8               build/main.o
prev_pack_SOC       0x1               build/main.o
pack_voltage        0x2               build/main.o
pack_coulombs       0x4               build/main.o
button_down         0x1               build/main.o
cell                0x1               build/main.o
slp_result          0x5               build/main.o
ams_board_count     0x1               build/main.o
can_frame_id        0x4               build/main.o
CHRG_DET            0x1               build/main.o
cell_V              0xe               build/main.o
addr_choice         0x2               build/main.o
CANADD_PACKINFO2    0x2               build/main.o
i2c_mutex           0x5               build/i2c.o
cell_Toff           0xe               build/main.o
shunt_voltage       0x2               build/main.o
button_up           0x1               build/main.o
num_cells           0x1               build/main.o
cell_Vslp           0xe               build/main.o
recent_states       0xa               build/main.o
display_3           0x14              build/main.o
next_pack_id        0x2               build/main.o
next_can_addr       0x5               build/main.o

Memory Configuration

Name             Origin             Length             Attributes
text             0x0000000000000000 0x0000000000020000 xr
data             0x0000000000800100 0x000000000000ff00 rw !x
eeprom           0x0000000000810000 0x0000000000010000 rw !x
fuse             0x0000000000820000 0x0000000000000003 rw !x
lock             0x0000000000830000 0x0000000000000400 rw !x
signature        0x0000000000840000 0x0000000000000400 rw !x
user_signatures  0x0000000000850000 0x0000000000000400 rw !x
*default*        0x0000000000000000 0xffffffffffffffff

Linker script and memory map

Address of section .data set to 0x800100
LOAD /usr/lib/gcc/avr/6.2.0/../../../../avr/lib/avr51/crtat90can128.o
LOAD build/main.o
LOAD build/i2c.o
LOAD build/lcd.o
LOAD build/task_button.o
LOAD build/task_i2c.o
LOAD build/task_can.o
LOAD build/task_gui.o
LOAD build/task_watchdog.o
LOAD build/task_charge.o
LOAD build/task_safety.o
LOAD build/task_config.o
LOAD build/task_heartbeat.o
LOAD build/tasklist.o
LOAD build/atomport-asm.o
LOAD build/atomkernel.o
LOAD build/atomsem.o
LOAD build/atommutex.o
LOAD build/atomtimer.o
LOAD build/atomqueue.o
LOAD build/atomport.o
LOAD build/atmel/TWI_Master.o
LOAD build/atmel/can_lib.o
LOAD build/atmel/can_drv.o
START GROUP
LOAD /usr/lib/gcc/avr/6.2.0/avr51/libgcc.a
LOAD /usr/lib/gcc/avr/6.2.0/../../../../avr/lib/avr51/libm.a
LOAD /usr/lib/gcc/avr/6.2.0/../../../../avr/lib/avr51/libc.a
LOAD /usr/lib/gcc/avr/6.2.0/../../../../avr/lib/avr51/libat90can128.a
END GROUP
                0x0000000000020000                __TEXT_REGION_LENGTH__ = DEFINED (__TEXT_REGION_LENGTH__)?__TEXT_REGION_LENGTH__:0x20000
                0x000000000000ff00                __DATA_REGION_LENGTH__ = DEFINED (__DATA_REGION_LENGTH__)?__DATA_REGION_LENGTH__:0xff00
                0x0000000000010000                __EEPROM_REGION_LENGTH__ = DEFINED (__EEPROM_REGION_LENGTH__)?__EEPROM_REGION_LENGTH__:0x10000
                [0x0000000000000003]                __FUSE_REGION_LENGTH__ = DEFINED (__FUSE_REGION_LENGTH__)?__FUSE_REGION_LENGTH__:0x400
                0x0000000000000400                __LOCK_REGION_LENGTH__ = DEFINED (__LOCK_REGION_LENGTH__)?__LOCK_REGION_LENGTH__:0x400
                0x0000000000000400                __SIGNATURE_REGION_LENGTH__ = DEFINED (__SIGNATURE_REGION_LENGTH__)?__SIGNATURE_REGION_LENGTH__:0x400
                0x0000000000000400                __USER_SIGNATURE_REGION_LENGTH__ = DEFINED (__USER_SIGNATURE_REGION_LENGTH__)?__USER_SIGNATURE_REGION_LENGTH__:0x400

.hash
 *(.hash)

.dynsym
 *(.dynsym)

.dynstr
 *(.dynstr)

.gnu.version
 *(.gnu.version)

.gnu.version_d
 *(.gnu.version_d)

.gnu.version_r
 *(.gnu.version_r)

.rel.init
 *(.rel.init)

.rela.init
 *(.rela.init)

.rel.text
 *(.rel.text)
 *(.rel.text.*)
 *(.rel.gnu.linkonce.t*)

.rela.text
 *(.rela.text)
 *(.rela.text.*)
 *(.rela.gnu.linkonce.t*)

.rel.fini
 *(.rel.fini)

.rela.fini
 *(.rela.fini)

.rel.rodata
 *(.rel.rodata)
 *(.rel.rodata.*)
 *(.rel.gnu.linkonce.r*)

.rela.rodata
 *(.rela.rodata)
 *(.rela.rodata.*)
 *(.rela.gnu.linkonce.r*)

.rel.data
 *(.rel.data)
 *(.rel.data.*)
 *(.rel.gnu.linkonce.d*)

.rela.data
 *(.rela.data)
 *(.rela.data.*)
 *(.rela.gnu.linkonce.d*)

.rel.ctors
 *(.rel.ctors)

.rela.ctors
 *(.rela.ctors)

.rel.dtors
 *(.rel.dtors)

.rela.dtors
 *(.rela.dtors)

.rel.got
 *(.rel.got)

.rela.got
 *(.rela.got)

.rel.bss
 *(.rel.bss)

.rela.bss
 *(.rela.bss)

.rel.plt
 *(.rel.plt)

.rela.plt
 *(.rela.plt)

.text           0x0000000000000000     0x65ea
 *(.vectors)
 .vectors       0x0000000000000000       0x94 /usr/lib/gcc/avr/6.2.0/../../../../avr/lib/avr51/crtat90can128.o
                0x0000000000000000                __vectors
 *(.vectors)
 *(.progmem.gcc*)
                0x0000000000000094                . = ALIGN (0x2)
                0x0000000000000094                __trampolines_start = .
 *(.trampolines)
 .trampolines   0x0000000000000094        0x0 linker stubs
 *(.trampolines*)
                0x0000000000000094                __trampolines_end = .
 *libprintf_flt.a:*(.progmem.data)
 *libc.a:*(.progmem.data)
 *(.progmem*)
                0x0000000000000094                . = ALIGN (0x2)
 *(.jumptables)
 *(.jumptables*)
 *(.lowtext)
 *(.lowtext*)
                0x0000000000000094                __ctors_start = .
 *(.ctors)
                0x0000000000000094                __ctors_end = .
                0x0000000000000094                __dtors_start = .
 *(.dtors)
                0x0000000000000094                __dtors_end = .
 SORT(*)(.ctors)
 SORT(*)(.dtors)
 *(.init0)
 .init0         0x0000000000000094        0x0 /usr/lib/gcc/avr/6.2.0/../../../../avr/lib/avr51/crtat90can128.o
                0x0000000000000094                __init
 *(.init0)
 *(.init1)
 *(.init1)
 *(.init2)
 .init2         0x0000000000000094        0xc /usr/lib/gcc/avr/6.2.0/../../../../avr/lib/avr51/crtat90can128.o
 *(.init2)
 *(.init3)
 *(.init3)
 *(.init4)
 .init4         0x00000000000000a0       0x1a /usr/lib/gcc/avr/6.2.0/avr51/libgcc.a(_copy_data.o)
                0x00000000000000a0                __do_copy_data
 .init4         0x00000000000000ba       0x10 /usr/lib/gcc/avr/6.2.0/avr51/libgcc.a(_clear_bss.o)
                0x00000000000000ba                __do_clear_bss
 *(.init4)
 *(.init5)
 *(.init5)
 *(.init6)
 *(.init6)
 *(.init7)
 *(.init7)
 *(.init8)
 *(.init8)
 *(.init9)
 .init9         0x00000000000000ca        0x8 /usr/lib/gcc/avr/6.2.0/../../../../avr/lib/avr51/crtat90can128.o
 *(.init9)
 *(.text)
 .text          0x00000000000000d2        0x4 /usr/lib/gcc/avr/6.2.0/../../../../avr/lib/avr51/crtat90can128.o
                0x00000000000000d2                __vector_22
                0x00000000000000d2                __vector_28
                0x00000000000000d2                __vector_1
                0x00000000000000d2                __vector_32
                0x00000000000000d2                __vector_34
                0x00000000000000d2                __vector_24
                0x00000000000000d2                __bad_interrupt
                0x00000000000000d2                __vector_6
                0x00000000000000d2                __vector_31
                0x00000000000000d2                __vector_3
                0x00000000000000d2                __vector_23
                0x00000000000000d2                __vector_30
                0x00000000000000d2                __vector_25
                0x00000000000000d2                __vector_11
                0x00000000000000d2                __vector_13
                0x00000000000000d2                __vector_17
                0x00000000000000d2                __vector_19
                0x00000000000000d2                __vector_7
                0x00000000000000d2                __vector_27
                0x00000000000000d2                __vector_5
                0x00000000000000d2                __vector_33
                0x00000000000000d2                __vector_4
                0x00000000000000d2                __vector_9
                0x00000000000000d2                __vector_2
                0x00000000000000d2                __vector_21
                0x00000000000000d2                __vector_15
                0x00000000000000d2                __vector_36
                0x00000000000000d2                __vector_29
                0x00000000000000d2                __vector_8
                0x00000000000000d2                __vector_26
                0x00000000000000d2                __vector_14
                0x00000000000000d2                __vector_10
                0x00000000000000d2                __vector_16
                0x00000000000000d2                __vector_18
                0x00000000000000d2                __vector_20
 .text          0x00000000000000d6        0x0 build/main.o
 .text          0x00000000000000d6      0x876 build/i2c.o
                0x00000000000000d6                get_detect
                0x0000000000000146                adc_init
                0x00000000000001ae                power_init
                0x0000000000000220                select_shunt_voltage
                0x000000000000025c                get_shunt_voltage
                0x00000000000002ca                select_pack_voltage
                0x0000000000000306                get_pack_voltage
                0x0000000000000374                get_adc_current
                0x00000000000003de                current_sensor_on
                0x000000000000041a                current_sensor_off
                0x0000000000000456                lcd_transmit
                0x00000000000004d4                lcd_reset
                0x00000000000004f2                lcd_init
                0x0000000000000568                lcd_message
                0x0000000000000594                ams_reset_bypass
                0x00000000000005ce                ams_set_bypass
                0x000000000000060a                ams_cell_status
                0x00000000000006ba                ams_magic
                0x0000000000000734                locate_ams_boards
                0x000000000000078c                ams_cal
                0x000000000000082a                ams_serial
                0x00000000000008bc                get_ams_serial
                0x0000000000000912                i2c_init
 .text          0x000000000000094c     0x1d2c build/lcd.o
                0x000000000000094c                write_lcd
                0x0000000000000982                display_top
                0x0000000000000ec0                display_cal1
                0x0000000000000f98                display_cell
                0x0000000000001186                display_cell_cal
                0x000000000000151c                set_pack_num
                0x00000000000018da                set_num_cells
                0x0000000000001c8a                display_error
                0x0000000000001d4e                disp_cell_info_screen
                0x0000000000001e08                disp_cell_cal_screen
                0x0000000000001ec2                disp_logged_states_screen
                0x0000000000001f7c                display_logged_states
                0x00000000000022da                set_can_address
 .text          0x0000000000002678       0x4a build/task_button.o
                0x0000000000002678                task_button_init
                0x0000000000002686                task_button
 .text          0x00000000000026c2      0x57e build/task_i2c.o
                0x00000000000026c2                bypass_selection
                0x000000000000284a                task_i2c
 .text          0x0000000000002c40      0x372 build/task_can.o
                0x0000000000002c40                task_can_init
                0x0000000000002ccc                task_can
 .text          0x0000000000002fb2      0x11c build/task_gui.o
                0x0000000000002fb2                task_gui_init
                0x0000000000002fb6                task_gui
 .text          0x00000000000030ce       0x20 build/task_watchdog.o
                0x00000000000030ce                task_watchdog
 .text          0x00000000000030ee      0x2ac build/task_charge.o
                0x00000000000030ee                task_charge_init
                0x0000000000003116                read_SOC
                0x000000000000314e                save_SOC
                0x0000000000003170                task_charge
 .text          0x000000000000339a       0x3c build/task_safety.o
                0x000000000000339a                safety_init
                0x00000000000033a8                task_safety
 .text          0x00000000000033d6      0x534 build/task_config.o
                0x00000000000033d6                task_config
 .text          0x000000000000390a       0x3c build/task_heartbeat.o
                0x000000000000390a                heartbeat_init
                0x0000000000003912                task_heartbeat
 .text          0x0000000000003946       0x5e build/tasklist.o
                0x0000000000003946                atomThreadStartAll
 .text          0x00000000000039a4       0x94 build/atomport-asm.o
                0x00000000000039a4                archContextSwitch
                0x0000000000003a06                archFirstThreadRestore
 .text          0x0000000000003a38      0x376 build/atomkernel.o
                0x0000000000003a3a                atomIntEnter
                0x0000000000003a4e                atomCurrentContext
                0x0000000000003a6a                tcbEnqueuePriority
                0x0000000000003afe                tcbDequeueHead
                0x0000000000003b3c                tcbDequeueEntry
                0x0000000000003bb8                tcbDequeuePriority
                0x0000000000003bf8                atomSched
                0x0000000000003c86                atomThreadCreate
                0x0000000000003d24                atomOSInit
                0x0000000000003d74                atomIntExit
                0x0000000000003d8c                atomOSStart
 .text          0x0000000000003dae      0x27c build/atomsem.o
                0x0000000000003dea                atomSemCreate
                0x0000000000003dfe                atomSemDelete
                0x0000000000003e8a                atomSemGet
                0x0000000000003f90                atomSemPut
                0x000000000000401a                atomSemResetCount
 .text          0x000000000000402a      0x2c0 build/atommutex.o
                0x0000000000004066                atomMutexCreate
                0x000000000000407e                atomMutexDelete
                0x000000000000410a                atomMutexGet
                0x000000000000423a                atomMutexPut
 .text          0x00000000000042ea      0x228 build/atomtimer.o
                0x0000000000004308                atomTimerRegister
                0x0000000000004352                atomTimerCancel
                0x00000000000043a6                atomTimeGet
                0x00000000000043b8                atomTimeSet
                0x00000000000043ca                atomTimerTick
                0x0000000000004472                atomTimerDelay
 .text          0x0000000000004512      0x5c4 build/atomqueue.o
                0x00000000000046f2                atomQueueCreate
                0x000000000000475e                atomQueueDelete
                0x0000000000004808                atomQueueGet
                0x0000000000004972                atomQueuePut
 .text          0x0000000000004ad6      0x110 build/atomport.o
                0x0000000000004afe                archThreadContextInit
                0x0000000000004b5e                avrInitSystemTickTimer
                0x0000000000004b78                __vector_12
                0x0000000000004bd2                __vector_default
 .text          0x0000000000004be6      0x198 build/atmel/TWI_Master.o
                0x0000000000004be6                TWI_Master_Initialise
                0x0000000000004bfa                TWI_Transceiver_Busy
                0x0000000000004c02                TWI_Get_State_Info
                0x0000000000004c10                TWI_Start_Transceiver_With_Data
                0x0000000000004c50                TWI_Start_Transceiver
                0x0000000000004c6a                TWI_Get_Data_From_Transceiver
                0x0000000000004c98                __vector_35
 .text          0x0000000000004d7e      0xade build/atmel/can_lib.o
                0x0000000000004d7e                can_init
                0x0000000000004d98                can_cmd
                0x000000000000574e                can_get_status
 .text          0x000000000000585c       0xb8 build/atmel/can_drv.o
                0x000000000000585c                can_clear_all_mob
                0x0000000000005876                can_get_mob_free
                0x00000000000058a0                can_get_mob_status
                0x00000000000058c6                can_get_data
                0x00000000000058ee                can_fixed_baudrate
                0x000000000000590a                Max
 .text          0x0000000000005914        0x0 /usr/lib/gcc/avr/6.2.0/avr51/libgcc.a(_mulsi3.o)
 .text          0x0000000000005914        0x0 /usr/lib/gcc/avr/6.2.0/avr51/libgcc.a(_udivmodqi4.o)
 .text          0x0000000000005914        0x0 /usr/lib/gcc/avr/6.2.0/avr51/libgcc.a(_divmodqi4.o)
 .text          0x0000000000005914        0x0 /usr/lib/gcc/avr/6.2.0/avr51/libgcc.a(_udivmodhi4.o)
 .text          0x0000000000005914        0x0 /usr/lib/gcc/avr/6.2.0/avr51/libgcc.a(_divmodhi4.o)
 .text          0x0000000000005914        0x0 /usr/lib/gcc/avr/6.2.0/avr51/libgcc.a(_udivmodsi4.o)
 .text          0x0000000000005914        0x0 /usr/lib/gcc/avr/6.2.0/avr51/libgcc.a(_divmodsi4.o)
 .text          0x0000000000005914        0x0 /usr/lib/gcc/avr/6.2.0/avr51/libgcc.a(_negsi2.o)
 .text          0x0000000000005914        0x0 /usr/lib/gcc/avr/6.2.0/avr51/libgcc.a(_exit.o)
 .text          0x0000000000005914        0x0 /usr/lib/gcc/avr/6.2.0/avr51/libgcc.a(_tablejump2.o)
 .text          0x0000000000005914        0x0 /usr/lib/gcc/avr/6.2.0/avr51/libgcc.a(_copy_data.o)
 .text          0x0000000000005914        0x0 /usr/lib/gcc/avr/6.2.0/avr51/libgcc.a(_clear_bss.o)
 .text          0x0000000000005914        0x0 /usr/lib/gcc/avr/6.2.0/avr51/libgcc.a(_muluhisi3.o)
 .text          0x0000000000005914        0x0 /usr/lib/gcc/avr/6.2.0/avr51/libgcc.a(_umulhisi3.o)
 .text          0x0000000000005914        0x0 /usr/lib/gcc/avr/6.2.0/../../../../avr/lib/avr51/libm.a(addsf3.o)
 .text          0x0000000000005914        0x0 /usr/lib/gcc/avr/6.2.0/../../../../avr/lib/avr51/libm.a(addsf3x.o)
 .text          0x0000000000005914        0x0 /usr/lib/gcc/avr/6.2.0/../../../../avr/lib/avr51/libm.a(cmpsf2.o)
 .text          0x0000000000005914        0x0 /usr/lib/gcc/avr/6.2.0/../../../../avr/lib/avr51/libm.a(divsf3.o)
 .text          0x0000000000005914        0x0 /usr/lib/gcc/avr/6.2.0/../../../../avr/lib/avr51/libm.a(divsf3x.o)
 .text          0x0000000000005914        0x0 /usr/lib/gcc/avr/6.2.0/../../../../avr/lib/avr51/libm.a(fixsfsi.o)
 .text          0x0000000000005914        0x0 /usr/lib/gcc/avr/6.2.0/../../../../avr/lib/avr51/libm.a(fixunssfsi.o)
 .text          0x0000000000005914        0x0 /usr/lib/gcc/avr/6.2.0/../../../../avr/lib/avr51/libm.a(floatsisf.o)
 .text          0x0000000000005914        0x0 /usr/lib/gcc/avr/6.2.0/../../../../avr/lib/avr51/libm.a(fp_cmp.o)
 .text          0x0000000000005914        0x0 /usr/lib/gcc/avr/6.2.0/../../../../avr/lib/avr51/libm.a(fp_inf.o)
 .text          0x0000000000005914        0x0 /usr/lib/gcc/avr/6.2.0/../../../../avr/lib/avr51/libm.a(fp_nan.o)
 .text          0x0000000000005914        0x0 /usr/lib/gcc/avr/6.2.0/../../../../avr/lib/avr51/libm.a(fp_pscA.o)
 .text          0x0000000000005914        0x0 /usr/lib/gcc/avr/6.2.0/../../../../avr/lib/avr51/libm.a(fp_pscB.o)
 .text          0x0000000000005914        0x0 /usr/lib/gcc/avr/6.2.0/../../../../avr/lib/avr51/libm.a(fp_round.o)
 .text          0x0000000000005914        0x0 /usr/lib/gcc/avr/6.2.0/../../../../avr/lib/avr51/libm.a(fp_split3.o)
 .text          0x0000000000005914        0x0 /usr/lib/gcc/avr/6.2.0/../../../../avr/lib/avr51/libm.a(fp_zero.o)
 .text          0x0000000000005914        0x0 /usr/lib/gcc/avr/6.2.0/../../../../avr/lib/avr51/libm.a(gesf2.o)
 .text          0x0000000000005914        0x0 /usr/lib/gcc/avr/6.2.0/../../../../avr/lib/avr51/libm.a(mulsf3.o)
 .text          0x0000000000005914        0x0 /usr/lib/gcc/avr/6.2.0/../../../../avr/lib/avr51/libm.a(mulsf3x.o)
 .text          0x0000000000005914        0x0 /usr/lib/gcc/avr/6.2.0/../../../../avr/lib/avr51/libc.a(memcpy.o)
 .text          0x0000000000005914        0x0 /usr/lib/gcc/avr/6.2.0/../../../../avr/lib/avr51/libc.a(itoa_ncheck.o)
 .text          0x0000000000005914        0x0 /usr/lib/gcc/avr/6.2.0/../../../../avr/lib/avr51/libc.a(utoa_ncheck.o)
 .text          0x0000000000005914        0x0 /usr/lib/gcc/avr/6.2.0/../../../../avr/lib/avr51/libc.a(sprintf.o)
 .text          0x0000000000005914        0x0 /usr/lib/gcc/avr/6.2.0/../../../../avr/lib/avr51/libc.a(vfprintf_std.o)
 .text          0x0000000000005914        0x0 /usr/lib/gcc/avr/6.2.0/../../../../avr/lib/avr51/libc.a(strnlen_P.o)
 .text          0x0000000000005914        0x0 /usr/lib/gcc/avr/6.2.0/../../../../avr/lib/avr51/libc.a(strnlen.o)
 .text          0x0000000000005914        0x0 /usr/lib/gcc/avr/6.2.0/../../../../avr/lib/avr51/libc.a(strrev.o)
 .text          0x0000000000005914        0x0 /usr/lib/gcc/avr/6.2.0/../../../../avr/lib/avr51/libc.a(fputc.o)
 .text          0x0000000000005914        0x0 /usr/lib/gcc/avr/6.2.0/../../../../avr/lib/avr51/libc.a(ultoa_invert.o)
 .text          0x0000000000005914        0x0 /usr/lib/gcc/avr/6.2.0/../../../../avr/lib/avr51/libat90can128.a(eerd_byte.o)
 .text          0x0000000000005914        0x0 /usr/lib/gcc/avr/6.2.0/../../../../avr/lib/avr51/libat90can128.a(eerd_word.o)
 .text          0x0000000000005914        0x0 /usr/lib/gcc/avr/6.2.0/../../../../avr/lib/avr51/libat90can128.a(eewr_byte.o)
 .text          0x0000000000005914        0x0 /usr/lib/gcc/avr/6.2.0/../../../../avr/lib/avr51/libat90can128.a(eewr_word.o)
 .text          0x0000000000005914        0x0 /usr/lib/gcc/avr/6.2.0/../../../../avr/lib/avr51/libat90can128.a(eerd_block.o)
                0x0000000000005914                . = ALIGN (0x2)
 *(.text.*)
 .text.startup  0x0000000000005914       0x3c build/main.o
                0x0000000000005914                main
 .text.libgcc.mul
                0x0000000000005950       0x20 /usr/lib/gcc/avr/6.2.0/avr51/libgcc.a(_mulsi3.o)
                0x0000000000005950                __mulsi3
 .text.libgcc.div
                0x0000000000005970        0x0 /usr/lib/gcc/avr/6.2.0/avr51/libgcc.a(_mulsi3.o)
 .text.libgcc   0x0000000000005970        0x0 /usr/lib/gcc/avr/6.2.0/avr51/libgcc.a(_mulsi3.o)
 .text.libgcc.prologue
                0x0000000000005970        0x0 /usr/lib/gcc/avr/6.2.0/avr51/libgcc.a(_mulsi3.o)
 .text.libgcc.builtins
                0x0000000000005970        0x0 /usr/lib/gcc/avr/6.2.0/avr51/libgcc.a(_mulsi3.o)
 .text.libgcc.fmul
                0x0000000000005970        0x0 /usr/lib/gcc/avr/6.2.0/avr51/libgcc.a(_mulsi3.o)
 .text.libgcc.fixed
                0x0000000000005970        0x0 /usr/lib/gcc/avr/6.2.0/avr51/libgcc.a(_mulsi3.o)
 .text.libgcc.mul
                0x0000000000005970        0x0 /usr/lib/gcc/avr/6.2.0/avr51/libgcc.a(_udivmodqi4.o)
 .text.libgcc.div
                0x0000000000005970       0x18 /usr/lib/gcc/avr/6.2.0/avr51/libgcc.a(_udivmodqi4.o)
                0x0000000000005970                __udivmodqi4
 .text.libgcc   0x0000000000005988        0x0 /usr/lib/gcc/avr/6.2.0/avr51/libgcc.a(_udivmodqi4.o)
 .text.libgcc.prologue
                0x0000000000005988        0x0 /usr/lib/gcc/avr/6.2.0/avr51/libgcc.a(_udivmodqi4.o)
 .text.libgcc.builtins
                0x0000000000005988        0x0 /usr/lib/gcc/avr/6.2.0/avr51/libgcc.a(_udivmodqi4.o)
 .text.libgcc.fmul
                0x0000000000005988        0x0 /usr/lib/gcc/avr/6.2.0/avr51/libgcc.a(_udivmodqi4.o)
 .text.libgcc.fixed
                0x0000000000005988        0x0 /usr/lib/gcc/avr/6.2.0/avr51/libgcc.a(_udivmodqi4.o)
 .text.libgcc.mul
                0x0000000000005988        0x0 /usr/lib/gcc/avr/6.2.0/avr51/libgcc.a(_divmodqi4.o)
 .text.libgcc.div
                0x0000000000005988       0x1c /usr/lib/gcc/avr/6.2.0/avr51/libgcc.a(_divmodqi4.o)
                0x0000000000005988                __divmodqi4
 .text.libgcc   0x00000000000059a4        0x0 /usr/lib/gcc/avr/6.2.0/avr51/libgcc.a(_divmodqi4.o)
 .text.libgcc.prologue
                0x00000000000059a4        0x0 /usr/lib/gcc/avr/6.2.0/avr51/libgcc.a(_divmodqi4.o)
 .text.libgcc.builtins
                0x00000000000059a4        0x0 /usr/lib/gcc/avr/6.2.0/avr51/libgcc.a(_divmodqi4.o)
 .text.libgcc.fmul
                0x00000000000059a4        0x0 /usr/lib/gcc/avr/6.2.0/avr51/libgcc.a(_divmodqi4.o)
 .text.libgcc.fixed
                0x00000000000059a4        0x0 /usr/lib/gcc/avr/6.2.0/avr51/libgcc.a(_divmodqi4.o)
 .text.libgcc.mul
                0x00000000000059a4        0x0 /usr/lib/gcc/avr/6.2.0/avr51/libgcc.a(_udivmodhi4.o)
 .text.libgcc.div
                0x00000000000059a4       0x28 /usr/lib/gcc/avr/6.2.0/avr51/libgcc.a(_udivmodhi4.o)
                0x00000000000059a4                __udivmodhi4
 .text.libgcc   0x00000000000059cc        0x0 /usr/lib/gcc/avr/6.2.0/avr51/libgcc.a(_udivmodhi4.o)
 .text.libgcc.prologue
                0x00000000000059cc        0x0 /usr/lib/gcc/avr/6.2.0/avr51/libgcc.a(_udivmodhi4.o)
 .text.libgcc.builtins
                0x00000000000059cc        0x0 /usr/lib/gcc/avr/6.2.0/avr51/libgcc.a(_udivmodhi4.o)
 .text.libgcc.fmul
                0x00000000000059cc        0x0 /usr/lib/gcc/avr/6.2.0/avr51/libgcc.a(_udivmodhi4.o)
 .text.libgcc.fixed
                0x00000000000059cc        0x0 /usr/lib/gcc/avr/6.2.0/avr51/libgcc.a(_udivmodhi4.o)
 .text.libgcc.mul
                0x00000000000059cc        0x0 /usr/lib/gcc/avr/6.2.0/avr51/libgcc.a(_divmodhi4.o)
 .text.libgcc.div
                0x00000000000059cc       0x28 /usr/lib/gcc/avr/6.2.0/avr51/libgcc.a(_divmodhi4.o)
                0x00000000000059cc                __divmodhi4
                0x00000000000059cc                _div
 .text.libgcc   0x00000000000059f4        0x0 /usr/lib/gcc/avr/6.2.0/avr51/libgcc.a(_divmodhi4.o)
 .text.libgcc.prologue
                0x00000000000059f4        0x0 /usr/lib/gcc/avr/6.2.0/avr51/libgcc.a(_divmodhi4.o)
 .text.libgcc.builtins
                0x00000000000059f4        0x0 /usr/lib/gcc/avr/6.2.0/avr51/libgcc.a(_divmodhi4.o)
 .text.libgcc.fmul
                0x00000000000059f4        0x0 /usr/lib/gcc/avr/6.2.0/avr51/libgcc.a(_divmodhi4.o)
 .text.libgcc.fixed
                0x00000000000059f4        0x0 /usr/lib/gcc/avr/6.2.0/avr51/libgcc.a(_divmodhi4.o)
 .text.libgcc.mul
                0x00000000000059f4        0x0 /usr/lib/gcc/avr/6.2.0/avr51/libgcc.a(_udivmodsi4.o)
 .text.libgcc.div
                0x00000000000059f4       0x44 /usr/lib/gcc/avr/6.2.0/avr51/libgcc.a(_udivmodsi4.o)
                0x00000000000059f4                __udivmodsi4
 .text.libgcc   0x0000000000005a38        0x0 /usr/lib/gcc/avr/6.2.0/avr51/libgcc.a(_udivmodsi4.o)
 .text.libgcc.prologue
                0x0000000000005a38        0x0 /usr/lib/gcc/avr/6.2.0/avr51/libgcc.a(_udivmodsi4.o)
 .text.libgcc.builtins
                0x0000000000005a38        0x0 /usr/lib/gcc/avr/6.2.0/avr51/libgcc.a(_udivmodsi4.o)
 .text.libgcc.fmul
                0x0000000000005a38        0x0 /usr/lib/gcc/avr/6.2.0/avr51/libgcc.a(_udivmodsi4.o)
 .text.libgcc.fixed
                0x0000000000005a38        0x0 /usr/lib/gcc/avr/6.2.0/avr51/libgcc.a(_udivmodsi4.o)
 .text.libgcc.mul
                0x0000000000005a38        0x0 /usr/lib/gcc/avr/6.2.0/avr51/libgcc.a(_divmodsi4.o)
 .text.libgcc.div
                0x0000000000005a38       0x2e /usr/lib/gcc/avr/6.2.0/avr51/libgcc.a(_divmodsi4.o)
                0x0000000000005a38                __divmodsi4
 .text.libgcc   0x0000000000005a66        0x0 /usr/lib/gcc/avr/6.2.0/avr51/libgcc.a(_divmodsi4.o)
 .text.libgcc.prologue
                0x0000000000005a66        0x0 /usr/lib/gcc/avr/6.2.0/avr51/libgcc.a(_divmodsi4.o)
 .text.libgcc.builtins
                0x0000000000005a66        0x0 /usr/lib/gcc/avr/6.2.0/avr51/libgcc.a(_divmodsi4.o)
 .text.libgcc.fmul
                0x0000000000005a66        0x0 /usr/lib/gcc/avr/6.2.0/avr51/libgcc.a(_divmodsi4.o)
 .text.libgcc.fixed
                0x0000000000005a66        0x0 /usr/lib/gcc/avr/6.2.0/avr51/libgcc.a(_divmodsi4.o)
 .text.libgcc.mul
                0x0000000000005a66        0x0 /usr/lib/gcc/avr/6.2.0/avr51/libgcc.a(_negsi2.o)
 .text.libgcc.div
                0x0000000000005a66       0x10 /usr/lib/gcc/avr/6.2.0/avr51/libgcc.a(_negsi2.o)
                0x0000000000005a66                __negsi2
 .text.libgcc   0x0000000000005a76        0x0 /usr/lib/gcc/avr/6.2.0/avr51/libgcc.a(_negsi2.o)
 .text.libgcc.prologue
                0x0000000000005a76        0x0 /usr/lib/gcc/avr/6.2.0/avr51/libgcc.a(_negsi2.o)
 .text.libgcc.builtins
                0x0000000000005a76        0x0 /usr/lib/gcc/avr/6.2.0/avr51/libgcc.a(_negsi2.o)
 .text.libgcc.fmul
                0x0000000000005a76        0x0 /usr/lib/gcc/avr/6.2.0/avr51/libgcc.a(_negsi2.o)
 .text.libgcc.fixed
                0x0000000000005a76        0x0 /usr/lib/gcc/avr/6.2.0/avr51/libgcc.a(_negsi2.o)
 .text.libgcc.mul
                0x0000000000005a76        0x0 /usr/lib/gcc/avr/6.2.0/avr51/libgcc.a(_exit.o)
 .text.libgcc.div
                0x0000000000005a76        0x0 /usr/lib/gcc/avr/6.2.0/avr51/libgcc.a(_exit.o)
 .text.libgcc   0x0000000000005a76        0x0 /usr/lib/gcc/avr/6.2.0/avr51/libgcc.a(_exit.o)
 .text.libgcc.prologue
                0x0000000000005a76        0x0 /usr/lib/gcc/avr/6.2.0/avr51/libgcc.a(_exit.o)
 .text.libgcc.builtins
                0x0000000000005a76        0x0 /usr/lib/gcc/avr/6.2.0/avr51/libgcc.a(_exit.o)
 .text.libgcc.fmul
                0x0000000000005a76        0x0 /usr/lib/gcc/avr/6.2.0/avr51/libgcc.a(_exit.o)
 .text.libgcc.fixed
                0x0000000000005a76        0x0 /usr/lib/gcc/avr/6.2.0/avr51/libgcc.a(_exit.o)
 .text.libgcc.mul
                0x0000000000005a76        0x0 /usr/lib/gcc/avr/6.2.0/avr51/libgcc.a(_tablejump2.o)
 .text.libgcc.div
                0x0000000000005a76        0x0 /usr/lib/gcc/avr/6.2.0/avr51/libgcc.a(_tablejump2.o)
 .text.libgcc   0x0000000000005a76       0x12 /usr/lib/gcc/avr/6.2.0/avr51/libgcc.a(_tablejump2.o)
                0x0000000000005a76                __tablejump2__
 .text.libgcc.prologue
                0x0000000000005a88        0x0 /usr/lib/gcc/avr/6.2.0/avr51/libgcc.a(_tablejump2.o)
 .text.libgcc.builtins
                0x0000000000005a88        0x0 /usr/lib/gcc/avr/6.2.0/avr51/libgcc.a(_tablejump2.o)
 .text.libgcc.fmul
                0x0000000000005a88        0x0 /usr/lib/gcc/avr/6.2.0/avr51/libgcc.a(_tablejump2.o)
 .text.libgcc.fixed
                0x0000000000005a88        0x0 /usr/lib/gcc/avr/6.2.0/avr51/libgcc.a(_tablejump2.o)
 .text.libgcc.mul
                0x0000000000005a88        0x0 /usr/lib/gcc/avr/6.2.0/avr51/libgcc.a(_copy_data.o)
 .text.libgcc.div
                0x0000000000005a88        0x0 /usr/lib/gcc/avr/6.2.0/avr51/libgcc.a(_copy_data.o)
 .text.libgcc   0x0000000000005a88        0x0 /usr/lib/gcc/avr/6.2.0/avr51/libgcc.a(_copy_data.o)
 .text.libgcc.prologue
                0x0000000000005a88        0x0 /usr/lib/gcc/avr/6.2.0/avr51/libgcc.a(_copy_data.o)
 .text.libgcc.builtins
                0x0000000000005a88        0x0 /usr/lib/gcc/avr/6.2.0/avr51/libgcc.a(_copy_data.o)
 .text.libgcc.fmul
                0x0000000000005a88        0x0 /usr/lib/gcc/avr/6.2.0/avr51/libgcc.a(_copy_data.o)
 .text.libgcc.fixed
                0x0000000000005a88        0x0 /usr/lib/gcc/avr/6.2.0/avr51/libgcc.a(_copy_data.o)
 .text.libgcc.mul
                0x0000000000005a88        0x0 /usr/lib/gcc/avr/6.2.0/avr51/libgcc.a(_clear_bss.o)
 .text.libgcc.div
                0x0000000000005a88        0x0 /usr/lib/gcc/avr/6.2.0/avr51/libgcc.a(_clear_bss.o)
 .text.libgcc   0x0000000000005a88        0x0 /usr/lib/gcc/avr/6.2.0/avr51/libgcc.a(_clear_bss.o)
 .text.libgcc.prologue
                0x0000000000005a88        0x0 /usr/lib/gcc/avr/6.2.0/avr51/libgcc.a(_clear_bss.o)
 .text.libgcc.builtins
                0x0000000000005a88        0x0 /usr/lib/gcc/avr/6.2.0/avr51/libgcc.a(_clear_bss.o)
 .text.libgcc.fmul
                0x0000000000005a88        0x0 /usr/lib/gcc/avr/6.2.0/avr51/libgcc.a(_clear_bss.o)
 .text.libgcc.fixed
                0x0000000000005a88        0x0 /usr/lib/gcc/avr/6.2.0/avr51/libgcc.a(_clear_bss.o)
 .text.libgcc.mul
                0x0000000000005a88       0x16 /usr/lib/gcc/avr/6.2.0/avr51/libgcc.a(_muluhisi3.o)
                0x0000000000005a88                __muluhisi3
 .text.libgcc.div
                0x0000000000005a9e        0x0 /usr/lib/gcc/avr/6.2.0/avr51/libgcc.a(_muluhisi3.o)
 .text.libgcc   0x0000000000005a9e        0x0 /usr/lib/gcc/avr/6.2.0/avr51/libgcc.a(_muluhisi3.o)
 .text.libgcc.prologue
                0x0000000000005a9e        0x0 /usr/lib/gcc/avr/6.2.0/avr51/libgcc.a(_muluhisi3.o)
 .text.libgcc.builtins
                0x0000000000005a9e        0x0 /usr/lib/gcc/avr/6.2.0/avr51/libgcc.a(_muluhisi3.o)
 .text.libgcc.fmul
                0x0000000000005a9e        0x0 /usr/lib/gcc/avr/6.2.0/avr51/libgcc.a(_muluhisi3.o)
 .text.libgcc.fixed
                0x0000000000005a9e        0x0 /usr/lib/gcc/avr/6.2.0/avr51/libgcc.a(_muluhisi3.o)
 .text.libgcc.mul
                0x0000000000005a9e       0x1e /usr/lib/gcc/avr/6.2.0/avr51/libgcc.a(_umulhisi3.o)
                0x0000000000005a9e                __umulhisi3
 .text.libgcc.div
                0x0000000000005abc        0x0 /usr/lib/gcc/avr/6.2.0/avr51/libgcc.a(_umulhisi3.o)
 .text.libgcc   0x0000000000005abc        0x0 /usr/lib/gcc/avr/6.2.0/avr51/libgcc.a(_umulhisi3.o)
 .text.libgcc.prologue
                0x0000000000005abc        0x0 /usr/lib/gcc/avr/6.2.0/avr51/libgcc.a(_umulhisi3.o)
 .text.libgcc.builtins
                0x0000000000005abc        0x0 /usr/lib/gcc/avr/6.2.0/avr51/libgcc.a(_umulhisi3.o)
 .text.libgcc.fmul
                0x0000000000005abc        0x0 /usr/lib/gcc/avr/6.2.0/avr51/libgcc.a(_umulhisi3.o)
 .text.libgcc.fixed
                0x0000000000005abc        0x0 /usr/lib/gcc/avr/6.2.0/avr51/libgcc.a(_umulhisi3.o)
 .text.avr-libc.fplib
                0x0000000000005abc        0xe /usr/lib/gcc/avr/6.2.0/../../../../avr/lib/avr51/libm.a(addsf3.o)
                0x0000000000005abc                __subsf3
                0x0000000000005abe                __addsf3
 .text.avr-libc.fplib
                0x0000000000005aca       0xcc /usr/lib/gcc/avr/6.2.0/../../../../avr/lib/avr51/libm.a(addsf3x.o)
                0x0000000000005aec                __addsf3x
 .text.avr-libc.fplib
                0x0000000000005b96        0xa /usr/lib/gcc/avr/6.2.0/../../../../avr/lib/avr51/libm.a(cmpsf2.o)
                0x0000000000005b96                __lesf2
                0x0000000000005b96                __nesf2
                0x0000000000005b96                __eqsf2
                0x0000000000005b96                __cmpsf2
                0x0000000000005b96                __ltsf2
 .text.avr-libc.fplib
                0x0000000000005ba0        0x8 /usr/lib/gcc/avr/6.2.0/../../../../avr/lib/avr51/libm.a(divsf3.o)
                0x0000000000005ba0                __divsf3
 .text.avr-libc.fplib
                0x0000000000005ba8       0xdc /usr/lib/gcc/avr/6.2.0/../../../../avr/lib/avr51/libm.a(divsf3x.o)
                0x0000000000005bc8                __divsf3x
                0x0000000000005bce                __divsf3_pse
 .text.avr-libc.fplib
                0x0000000000005c84        0xe /usr/lib/gcc/avr/6.2.0/../../../../avr/lib/avr51/libm.a(fixsfsi.o)
                0x0000000000005c84                __fixsfsi
 .text.avr-libc.fplib
                0x0000000000005c92       0x5e /usr/lib/gcc/avr/6.2.0/../../../../avr/lib/avr51/libm.a(fixunssfsi.o)
                0x0000000000005c92                __fixunssfsi
 .text.avr-libc.fplib
                0x0000000000005cf0       0x7a /usr/lib/gcc/avr/6.2.0/../../../../avr/lib/avr51/libm.a(floatsisf.o)
                0x0000000000005cf0                __floatunsisf
                0x0000000000005cf4                __floatsisf
 .text.avr-libc.fplib
                0x0000000000005d6a       0x48 /usr/lib/gcc/avr/6.2.0/../../../../avr/lib/avr51/libm.a(fp_cmp.o)
                0x0000000000005d6a                __fp_cmp
 .text.avr-libc.fplib
                0x0000000000005db2        0xc /usr/lib/gcc/avr/6.2.0/../../../../avr/lib/avr51/libm.a(fp_inf.o)
                0x0000000000005db2                __fp_inf
 .text.avr-libc.fplib
                0x0000000000005dbe        0x6 /usr/lib/gcc/avr/6.2.0/../../../../avr/lib/avr51/libm.a(fp_nan.o)
                0x0000000000005dbe                __fp_nan
 .text.avr-libc.fplib
                0x0000000000005dc4        0xe /usr/lib/gcc/avr/6.2.0/../../../../avr/lib/avr51/libm.a(fp_pscA.o)
                0x0000000000005dc4                __fp_pscA
 .text.avr-libc.fplib
                0x0000000000005dd2        0xe /usr/lib/gcc/avr/6.2.0/../../../../avr/lib/avr51/libm.a(fp_pscB.o)
                0x0000000000005dd2                __fp_pscB
 .text.avr-libc.fplib
                0x0000000000005de0       0x22 /usr/lib/gcc/avr/6.2.0/../../../../avr/lib/avr51/libm.a(fp_round.o)
                0x0000000000005de0                __fp_round
 .text.avr-libc.fplib
                0x0000000000005e02       0x44 /usr/lib/gcc/avr/6.2.0/../../../../avr/lib/avr51/libm.a(fp_split3.o)
                0x0000000000005e02                __fp_split3
                0x0000000000005e12                __fp_splitA
 .text.avr-libc.fplib
                0x0000000000005e46        0xe /usr/lib/gcc/avr/6.2.0/../../../../avr/lib/avr51/libm.a(fp_zero.o)
                0x0000000000005e46                __fp_zero
                0x0000000000005e48                __fp_szero
 .text.avr-libc.fplib
                0x0000000000005e54        0xa /usr/lib/gcc/avr/6.2.0/../../../../avr/lib/avr51/libm.a(gesf2.o)
                0x0000000000005e54                __gtsf2
                0x0000000000005e54                __gesf2
 .text.avr-libc.fplib
                0x0000000000005e5e        0x8 /usr/lib/gcc/avr/6.2.0/../../../../avr/lib/avr51/libm.a(mulsf3.o)
                0x0000000000005e5e                __mulsf3
 .text.avr-libc.fplib
                0x0000000000005e66       0xd2 /usr/lib/gcc/avr/6.2.0/../../../../avr/lib/avr51/libm.a(mulsf3x.o)
                0x0000000000005e84                __mulsf3x
                0x0000000000005e8a                __mulsf3_pse
 .text.avr-libc
                0x0000000000005f38       0x12 /usr/lib/gcc/avr/6.2.0/../../../../avr/lib/avr51/libc.a(memcpy.o)
                0x0000000000005f38                memcpy
 .text.avr-libc
                0x0000000000005f4a       0x16 /usr/lib/gcc/avr/6.2.0/../../../../avr/lib/avr51/libc.a(itoa_ncheck.o)
                0x0000000000005f4a                __itoa_ncheck
 .text.avr-libc
                0x0000000000005f60       0x34 /usr/lib/gcc/avr/6.2.0/../../../../avr/lib/avr51/libc.a(utoa_ncheck.o)
                0x0000000000005f60                __utoa_ncheck
                0x0000000000005f62                __utoa_common
 .text.avr-libc
                0x0000000000005f94       0x60 /usr/lib/gcc/avr/6.2.0/../../../../avr/lib/avr51/libc.a(sprintf.o)
                0x0000000000005f94                sprintf
 .text.avr-libc
                0x0000000000005ff4      0x42a /usr/lib/gcc/avr/6.2.0/../../../../avr/lib/avr51/libc.a(vfprintf_std.o)
                0x0000000000005ff4                vfprintf
 .text.avr-libc
                0x000000000000641e       0x16 /usr/lib/gcc/avr/6.2.0/../../../../avr/lib/avr51/libc.a(strnlen_P.o)
                0x000000000000641e                strnlen_P
 .text.avr-libc
                0x0000000000006434       0x16 /usr/lib/gcc/avr/6.2.0/../../../../avr/lib/avr51/libc.a(strnlen.o)
                0x0000000000006434                strnlen
 .text.avr-libc
                0x000000000000644a       0x20 /usr/lib/gcc/avr/6.2.0/../../../../avr/lib/avr51/libc.a(strrev.o)
                0x000000000000644a                strrev
 .text.avr-libc
                0x000000000000646a       0x60 /usr/lib/gcc/avr/6.2.0/../../../../avr/lib/avr51/libc.a(fputc.o)
                0x000000000000646a                fputc
 .text.avr-libc
                0x00000000000064ca       0xbc /usr/lib/gcc/avr/6.2.0/../../../../avr/lib/avr51/libc.a(ultoa_invert.o)
                0x00000000000064ca                __ultoa_invert
 .text.avr-libc
                0x0000000000006586       0x10 /usr/lib/gcc/avr/6.2.0/../../../../avr/lib/avr51/libat90can128.a(eerd_byte.o)
                0x0000000000006586                eeprom_read_byte
 .text.avr-libc
                0x0000000000006596        0xc /usr/lib/gcc/avr/6.2.0/../../../../avr/lib/avr51/libat90can128.a(eerd_word.o)
                0x0000000000006596                eeprom_read_word
 .text.avr-libc
                0x00000000000065a2       0x1a /usr/lib/gcc/avr/6.2.0/../../../../avr/lib/avr51/libat90can128.a(eewr_byte.o)
                0x00000000000065a2                eeprom_write_byte
                0x00000000000065a4                eeprom_write_r18
 .text.avr-libc
                0x00000000000065bc        0xa /usr/lib/gcc/avr/6.2.0/../../../../avr/lib/avr51/libat90can128.a(eewr_word.o)
                0x00000000000065bc                eeprom_write_word
 .text.avr-libc
                0x00000000000065c6       0x20 /usr/lib/gcc/avr/6.2.0/../../../../avr/lib/avr51/libat90can128.a(eerd_block.o)
                0x00000000000065c6                eeprom_read_block
                0x00000000000065ca                eeprom_read_blraw
                0x00000000000065e6                . = ALIGN (0x2)
 *(.fini9)
 .fini9         0x00000000000065e6        0x0 /usr/lib/gcc/avr/6.2.0/avr51/libgcc.a(_exit.o)
                0x00000000000065e6                exit
                0x00000000000065e6                _exit
 *(.fini9)
 *(.fini8)
 *(.fini8)
 *(.fini7)
 *(.fini7)
 *(.fini6)
 *(.fini6)
 *(.fini5)
 *(.fini5)
 *(.fini4)
 *(.fini4)
 *(.fini3)
 *(.fini3)
 *(.fini2)
 *(.fini2)
 *(.fini1)
 *(.fini1)
 *(.fini0)
 .fini0         0x00000000000065e6        0x4 /usr/lib/gcc/avr/6.2.0/avr51/libgcc.a(_exit.o)
 *(.fini0)
                0x00000000000065ea                _etext = .

.data           0x0000000000800100      0x2fe load address 0x00000000000065ea
                0x0000000000800100                PROVIDE (__data_start, .)
 *(.data)
 .data          0x0000000000800100        0x0 /usr/lib/gcc/avr/6.2.0/../../../../avr/lib/avr51/crtat90can128.o
 .data          0x0000000000800100        0x0 build/main.o
 .data          0x0000000000800100        0x0 build/i2c.o
 .data          0x0000000000800100        0x0 build/lcd.o
 .data          0x0000000000800100        0x0 build/task_button.o
 .data          0x0000000000800100        0x0 build/task_i2c.o
 .data          0x0000000000800100        0x0 build/task_can.o
 .data          0x0000000000800100        0x0 build/task_gui.o
 .data          0x0000000000800100        0x0 build/task_watchdog.o
 .data          0x0000000000800100        0x0 build/task_charge.o
 .data          0x0000000000800100        0x0 build/task_safety.o
 .data          0x0000000000800100        0x0 build/task_config.o
 .data          0x0000000000800100        0x0 build/task_heartbeat.o
 .data          0x0000000000800100        0x0 build/tasklist.o
 .data          0x0000000000800100        0x0 build/atomport-asm.o
 .data          0x0000000000800100        0x0 build/atomkernel.o
 .data          0x0000000000800100        0x0 build/atomsem.o
 .data          0x0000000000800100        0x0 build/atommutex.o
 .data          0x0000000000800100        0x0 build/atomtimer.o
 .data          0x0000000000800100        0x0 build/atomqueue.o
 .data          0x0000000000800100        0x0 build/atomport.o
 .data          0x0000000000800100        0x1 build/atmel/TWI_Master.o
 .data          0x0000000000800101        0x0 build/atmel/can_lib.o
 .data          0x0000000000800101        0x0 build/atmel/can_drv.o
 .data          0x0000000000800101        0x0 /usr/lib/gcc/avr/6.2.0/avr51/libgcc.a(_mulsi3.o)
 .data          0x0000000000800101        0x0 /usr/lib/gcc/avr/6.2.0/avr51/libgcc.a(_udivmodqi4.o)
 .data          0x0000000000800101        0x0 /usr/lib/gcc/avr/6.2.0/avr51/libgcc.a(_divmodqi4.o)
 .data          0x0000000000800101        0x0 /usr/lib/gcc/avr/6.2.0/avr51/libgcc.a(_udivmodhi4.o)
 .data          0x0000000000800101        0x0 /usr/lib/gcc/avr/6.2.0/avr51/libgcc.a(_divmodhi4.o)
 .data          0x0000000000800101        0x0 /usr/lib/gcc/avr/6.2.0/avr51/libgcc.a(_udivmodsi4.o)
 .data          0x0000000000800101        0x0 /usr/lib/gcc/avr/6.2.0/avr51/libgcc.a(_divmodsi4.o)
 .data          0x0000000000800101        0x0 /usr/lib/gcc/avr/6.2.0/avr51/libgcc.a(_negsi2.o)
 .data          0x0000000000800101        0x0 /usr/lib/gcc/avr/6.2.0/avr51/libgcc.a(_exit.o)
 .data          0x0000000000800101        0x0 /usr/lib/gcc/avr/6.2.0/avr51/libgcc.a(_tablejump2.o)
 .data          0x0000000000800101        0x0 /usr/lib/gcc/avr/6.2.0/avr51/libgcc.a(_copy_data.o)
 .data          0x0000000000800101        0x0 /usr/lib/gcc/avr/6.2.0/avr51/libgcc.a(_clear_bss.o)
 .data          0x0000000000800101        0x0 /usr/lib/gcc/avr/6.2.0/avr51/libgcc.a(_muluhisi3.o)
 .data          0x0000000000800101        0x0 /usr/lib/gcc/avr/6.2.0/avr51/libgcc.a(_umulhisi3.o)
 .data          0x0000000000800101        0x0 /usr/lib/gcc/avr/6.2.0/../../../../avr/lib/avr51/libm.a(addsf3.o)
 .data          0x0000000000800101        0x0 /usr/lib/gcc/avr/6.2.0/../../../../avr/lib/avr51/libm.a(addsf3x.o)
 .data          0x0000000000800101        0x0 /usr/lib/gcc/avr/6.2.0/../../../../avr/lib/avr51/libm.a(cmpsf2.o)
 .data          0x0000000000800101        0x0 /usr/lib/gcc/avr/6.2.0/../../../../avr/lib/avr51/libm.a(divsf3.o)
 .data          0x0000000000800101        0x0 /usr/lib/gcc/avr/6.2.0/../../../../avr/lib/avr51/libm.a(divsf3x.o)
 .data          0x0000000000800101        0x0 /usr/lib/gcc/avr/6.2.0/../../../../avr/lib/avr51/libm.a(fixsfsi.o)
 .data          0x0000000000800101        0x0 /usr/lib/gcc/avr/6.2.0/../../../../avr/lib/avr51/libm.a(fixunssfsi.o)
 .data          0x0000000000800101        0x0 /usr/lib/gcc/avr/6.2.0/../../../../avr/lib/avr51/libm.a(floatsisf.o)
 .data          0x0000000000800101        0x0 /usr/lib/gcc/avr/6.2.0/../../../../avr/lib/avr51/libm.a(fp_cmp.o)
 .data          0x0000000000800101        0x0 /usr/lib/gcc/avr/6.2.0/../../../../avr/lib/avr51/libm.a(fp_inf.o)
 .data          0x0000000000800101        0x0 /usr/lib/gcc/avr/6.2.0/../../../../avr/lib/avr51/libm.a(fp_nan.o)
 .data          0x0000000000800101        0x0 /usr/lib/gcc/avr/6.2.0/../../../../avr/lib/avr51/libm.a(fp_pscA.o)
 .data          0x0000000000800101        0x0 /usr/lib/gcc/avr/6.2.0/../../../../avr/lib/avr51/libm.a(fp_pscB.o)
 .data          0x0000000000800101        0x0 /usr/lib/gcc/avr/6.2.0/../../../../avr/lib/avr51/libm.a(fp_round.o)
 .data          0x0000000000800101        0x0 /usr/lib/gcc/avr/6.2.0/../../../../avr/lib/avr51/libm.a(fp_split3.o)
 .data          0x0000000000800101        0x0 /usr/lib/gcc/avr/6.2.0/../../../../avr/lib/avr51/libm.a(fp_zero.o)
 .data          0x0000000000800101        0x0 /usr/lib/gcc/avr/6.2.0/../../../../avr/lib/avr51/libm.a(gesf2.o)
 .data          0x0000000000800101        0x0 /usr/lib/gcc/avr/6.2.0/../../../../avr/lib/avr51/libm.a(mulsf3.o)
 .data          0x0000000000800101        0x0 /usr/lib/gcc/avr/6.2.0/../../../../avr/lib/avr51/libm.a(mulsf3x.o)
 .data          0x0000000000800101        0x0 /usr/lib/gcc/avr/6.2.0/../../../../avr/lib/avr51/libc.a(memcpy.o)
 .data          0x0000000000800101        0x0 /usr/lib/gcc/avr/6.2.0/../../../../avr/lib/avr51/libc.a(itoa_ncheck.o)
 .data          0x0000000000800101        0x0 /usr/lib/gcc/avr/6.2.0/../../../../avr/lib/avr51/libc.a(utoa_ncheck.o)
 .data          0x0000000000800101        0x0 /usr/lib/gcc/avr/6.2.0/../../../../avr/lib/avr51/libc.a(sprintf.o)
 .data          0x0000000000800101        0x0 /usr/lib/gcc/avr/6.2.0/../../../../avr/lib/avr51/libc.a(vfprintf_std.o)
 .data          0x0000000000800101        0x0 /usr/lib/gcc/avr/6.2.0/../../../../avr/lib/avr51/libc.a(strnlen_P.o)
 .data          0x0000000000800101        0x0 /usr/lib/gcc/avr/6.2.0/../../../../avr/lib/avr51/libc.a(strnlen.o)
 .data          0x0000000000800101        0x0 /usr/lib/gcc/avr/6.2.0/../../../../avr/lib/avr51/libc.a(strrev.o)
 .data          0x0000000000800101        0x0 /usr/lib/gcc/avr/6.2.0/../../../../avr/lib/avr51/libc.a(fputc.o)
 .data          0x0000000000800101        0x0 /usr/lib/gcc/avr/6.2.0/../../../../avr/lib/avr51/libc.a(ultoa_invert.o)
 .data          0x0000000000800101        0x0 /usr/lib/gcc/avr/6.2.0/../../../../avr/lib/avr51/libat90can128.a(eerd_byte.o)
 .data          0x0000000000800101        0x0 /usr/lib/gcc/avr/6.2.0/../../../../avr/lib/avr51/libat90can128.a(eerd_word.o)
 .data          0x0000000000800101        0x0 /usr/lib/gcc/avr/6.2.0/../../../../avr/lib/avr51/libat90can128.a(eewr_byte.o)
 .data          0x0000000000800101        0x0 /usr/lib/gcc/avr/6.2.0/../../../../avr/lib/avr51/libat90can128.a(eewr_word.o)
 .data          0x0000000000800101        0x0 /usr/lib/gcc/avr/6.2.0/../../../../avr/lib/avr51/libat90can128.a(eerd_block.o)
 *(.data*)
 *(.rodata)
 .rodata        0x0000000000800101        0x8 build/i2c.o
 .rodata        0x0000000000800109      0x23e build/lcd.o
 .rodata        0x0000000000800347       0x87 build/tasklist.o
                0x0000000000800347                task_list
 *(.rodata*)
 .rodata.str1.1
                0x00000000008003ce       0x30 build/lcd.o
 *(.gnu.linkonce.d*)
                0x00000000008003fe                . = ALIGN (0x2)
                0x00000000008003fe                _edata = .
                0x00000000008003fe                PROVIDE (__data_end, .)

.bss            0x00000000008003fe      0xb79
                0x00000000008003fe                PROVIDE (__bss_start, .)
 *(.bss)
 .bss           0x00000000008003fe        0x0 /usr/lib/gcc/avr/6.2.0/../../../../avr/lib/avr51/crtat90can128.o
 .bss           0x00000000008003fe      0x200 build/main.o
 .bss           0x00000000008005fe        0x0 build/i2c.o
 .bss           0x00000000008005fe        0x0 build/lcd.o
 .bss           0x00000000008005fe        0x0 build/task_button.o
 .bss           0x00000000008005fe        0x0 build/task_i2c.o
 .bss           0x00000000008005fe        0x0 build/task_can.o
 .bss           0x00000000008005fe        0x0 build/task_gui.o
 .bss           0x00000000008005fe        0x0 build/task_watchdog.o
 .bss           0x00000000008005fe        0x0 build/task_charge.o
 .bss           0x00000000008005fe        0x0 build/task_safety.o
 .bss           0x00000000008005fe        0x0 build/task_config.o
 .bss           0x00000000008005fe        0x0 build/task_heartbeat.o
 .bss           0x00000000008005fe      0x7a1 build/tasklist.o
 .bss           0x0000000000800d9f        0x0 build/atomport-asm.o
 .bss           0x0000000000800d9f       0x18 build/atomkernel.o
                0x0000000000800d9f                atomOSStarted
                0x0000000000800da0                tcbReadyQ
 .bss           0x0000000000800db7        0x0 build/atomsem.o
 .bss           0x0000000000800db7        0x0 build/atommutex.o
 .bss           0x0000000000800db7        0x6 build/atomtimer.o
 .bss           0x0000000000800dbd        0x0 build/atomqueue.o
 .bss           0x0000000000800dbd        0x0 build/atomport.o
 .bss           0x0000000000800dbd        0x7 build/atmel/TWI_Master.o
                0x0000000000800dbd                TWI_statusReg
 .bss           0x0000000000800dc4        0x0 build/atmel/can_lib.o
 .bss           0x0000000000800dc4        0x0 build/atmel/can_drv.o
 .bss           0x0000000000800dc4        0x0 /usr/lib/gcc/avr/6.2.0/avr51/libgcc.a(_mulsi3.o)
 .bss           0x0000000000800dc4        0x0 /usr/lib/gcc/avr/6.2.0/avr51/libgcc.a(_udivmodqi4.o)
 .bss           0x0000000000800dc4        0x0 /usr/lib/gcc/avr/6.2.0/avr51/libgcc.a(_divmodqi4.o)
 .bss           0x0000000000800dc4        0x0 /usr/lib/gcc/avr/6.2.0/avr51/libgcc.a(_udivmodhi4.o)
 .bss           0x0000000000800dc4        0x0 /usr/lib/gcc/avr/6.2.0/avr51/libgcc.a(_divmodhi4.o)
 .bss           0x0000000000800dc4        0x0 /usr/lib/gcc/avr/6.2.0/avr51/libgcc.a(_udivmodsi4.o)
 .bss           0x0000000000800dc4        0x0 /usr/lib/gcc/avr/6.2.0/avr51/libgcc.a(_divmodsi4.o)
 .bss           0x0000000000800dc4        0x0 /usr/lib/gcc/avr/6.2.0/avr51/libgcc.a(_negsi2.o)
 .bss           0x0000000000800dc4        0x0 /usr/lib/gcc/avr/6.2.0/avr51/libgcc.a(_exit.o)
 .bss           0x0000000000800dc4        0x0 /usr/lib/gcc/avr/6.2.0/avr51/libgcc.a(_tablejump2.o)
 .bss           0x0000000000800dc4        0x0 /usr/lib/gcc/avr/6.2.0/avr51/libgcc.a(_copy_data.o)
 .bss           0x0000000000800dc4        0x0 /usr/lib/gcc/avr/6.2.0/avr51/libgcc.a(_clear_bss.o)
 .bss           0x0000000000800dc4        0x0 /usr/lib/gcc/avr/6.2.0/avr51/libgcc.a(_muluhisi3.o)
 .bss           0x0000000000800dc4        0x0 /usr/lib/gcc/avr/6.2.0/avr51/libgcc.a(_umulhisi3.o)
 .bss           0x0000000000800dc4        0x0 /usr/lib/gcc/avr/6.2.0/../../../../avr/lib/avr51/libm.a(addsf3.o)
 .bss           0x0000000000800dc4        0x0 /usr/lib/gcc/avr/6.2.0/../../../../avr/lib/avr51/libm.a(addsf3x.o)
 .bss           0x0000000000800dc4        0x0 /usr/lib/gcc/avr/6.2.0/../../../../avr/lib/avr51/libm.a(cmpsf2.o)
 .bss           0x0000000000800dc4        0x0 /usr/lib/gcc/avr/6.2.0/../../../../avr/lib/avr51/libm.a(divsf3.o)
 .bss           0x0000000000800dc4        0x0 /usr/lib/gcc/avr/6.2.0/../../../../avr/lib/avr51/libm.a(divsf3x.o)
 .bss           0x0000000000800dc4        0x0 /usr/lib/gcc/avr/6.2.0/../../../../avr/lib/avr51/libm.a(fixsfsi.o)
 .bss           0x0000000000800dc4        0x0 /usr/lib/gcc/avr/6.2.0/../../../../avr/lib/avr51/libm.a(fixunssfsi.o)
 .bss           0x0000000000800dc4        0x0 /usr/lib/gcc/avr/6.2.0/../../../../avr/lib/avr51/libm.a(floatsisf.o)
 .bss           0x0000000000800dc4        0x0 /usr/lib/gcc/avr/6.2.0/../../../../avr/lib/avr51/libm.a(fp_cmp.o)
 .bss           0x0000000000800dc4        0x0 /usr/lib/gcc/avr/6.2.0/../../../../avr/lib/avr51/libm.a(fp_inf.o)
 .bss           0x0000000000800dc4        0x0 /usr/lib/gcc/avr/6.2.0/../../../../avr/lib/avr51/libm.a(fp_nan.o)
 .bss           0x0000000000800dc4        0x0 /usr/lib/gcc/avr/6.2.0/../../../../avr/lib/avr51/libm.a(fp_pscA.o)
 .bss           0x0000000000800dc4        0x0 /usr/lib/gcc/avr/6.2.0/../../../../avr/lib/avr51/libm.a(fp_pscB.o)
 .bss           0x0000000000800dc4        0x0 /usr/lib/gcc/avr/6.2.0/../../../../avr/lib/avr51/libm.a(fp_round.o)
 .bss           0x0000000000800dc4        0x0 /usr/lib/gcc/avr/6.2.0/../../../../avr/lib/avr51/libm.a(fp_split3.o)
 .bss           0x0000000000800dc4        0x0 /usr/lib/gcc/avr/6.2.0/../../../../avr/lib/avr51/libm.a(fp_zero.o)
 .bss           0x0000000000800dc4        0x0 /usr/lib/gcc/avr/6.2.0/../../../../avr/lib/avr51/libm.a(gesf2.o)
 .bss           0x0000000000800dc4        0x0 /usr/lib/gcc/avr/6.2.0/../../../../avr/lib/avr51/libm.a(mulsf3.o)
 .bss           0x0000000000800dc4        0x0 /usr/lib/gcc/avr/6.2.0/../../../../avr/lib/avr51/libm.a(mulsf3x.o)
 .bss           0x0000000000800dc4        0x0 /usr/lib/gcc/avr/6.2.0/../../../../avr/lib/avr51/libc.a(memcpy.o)
 .bss           0x0000000000800dc4        0x0 /usr/lib/gcc/avr/6.2.0/../../../../avr/lib/avr51/libc.a(itoa_ncheck.o)
 .bss           0x0000000000800dc4        0x0 /usr/lib/gcc/avr/6.2.0/../../../../avr/lib/avr51/libc.a(utoa_ncheck.o)
 .bss           0x0000000000800dc4        0x0 /usr/lib/gcc/avr/6.2.0/../../../../avr/lib/avr51/libc.a(sprintf.o)
 .bss           0x0000000000800dc4        0x0 /usr/lib/gcc/avr/6.2.0/../../../../avr/lib/avr51/libc.a(vfprintf_std.o)
 .bss           0x0000000000800dc4        0x0 /usr/lib/gcc/avr/6.2.0/../../../../avr/lib/avr51/libc.a(strnlen_P.o)
 .bss           0x0000000000800dc4        0x0 /usr/lib/gcc/avr/6.2.0/../../../../avr/lib/avr51/libc.a(strnlen.o)
 .bss           0x0000000000800dc4        0x0 /usr/lib/gcc/avr/6.2.0/../../../../avr/lib/avr51/libc.a(strrev.o)
 .bss           0x0000000000800dc4        0x0 /usr/lib/gcc/avr/6.2.0/../../../../avr/lib/avr51/libc.a(fputc.o)
 .bss           0x0000000000800dc4        0x0 /usr/lib/gcc/avr/6.2.0/../../../../avr/lib/avr51/libc.a(ultoa_invert.o)
 .bss           0x0000000000800dc4        0x0 /usr/lib/gcc/avr/6.2.0/../../../../avr/lib/avr51/libat90can128.a(eerd_byte.o)
 .bss           0x0000000000800dc4        0x0 /usr/lib/gcc/avr/6.2.0/../../../../avr/lib/avr51/libat90can128.a(eerd_word.o)
 .bss           0x0000000000800dc4        0x0 /usr/lib/gcc/avr/6.2.0/../../../../avr/lib/avr51/libat90can128.a(eewr_byte.o)
 .bss           0x0000000000800dc4        0x0 /usr/lib/gcc/avr/6.2.0/../../../../avr/lib/avr51/libat90can128.a(eewr_word.o)
 .bss           0x0000000000800dc4        0x0 /usr/lib/gcc/avr/6.2.0/../../../../avr/lib/avr51/libat90can128.a(eerd_block.o)
 *(.bss*)
 *(COMMON)
 COMMON         0x0000000000800dc4      0x1ac build/main.o
                0x0000000000800dc4                button_enter
                0x0000000000800dc5                state_ts
                0x0000000000800dd9                Pack_State_Strings
                0x0000000000800de7                ams_voltage
                0x0000000000800de9                cell_status
                0x0000000000800df0                pack_SOC
                0x0000000000800df1                display_2
                0x0000000000800e05                cell_Tslp
                0x0000000000800e21                address
                0x0000000000800e25                lcd_flag
                0x0000000000800e26                CANADD_PACKINFO1
                0x0000000000800e28                ams_temp
                0x0000000000800e2a                PACK_NUM
                0x0000000000800e2b                ams_board_addr
                0x0000000000800e3b                v_select
                0x0000000000800e3d                pack_current
                0x0000000000800e41                can_frame_ctrl
                0x0000000000800e43                sloop_state
                0x0000000000800e44                CANADD_CELLINFO
                0x0000000000800e46                cell_T
                0x0000000000800e54                adc_value
                0x0000000000800e58                pack_state
                0x0000000000800e5a                cell_Voff
                0x0000000000800e68                display_0
                0x0000000000800e7c                curr_pack_id
                0x0000000000800e7e                fault_code
                0x0000000000800e7f                bypass_flag
                0x0000000000800e80                A_mutex
                0x0000000000800e85                off_result
                0x0000000000800e8a                can_frame
                0x0000000000800e97                curr_can_addr
                0x0000000000800e9c                curr_num_cells
                0x0000000000800e9e                next_num_cells
                0x0000000000800ea0                pack_num_choice
                0x0000000000800ea1                flt_cnd
                0x0000000000800ea6                ams_serial_array
                0x0000000000800ee6                display_1
                0x0000000000800efa                cell_num_choice
                0x0000000000800efb                LOW_DET
                0x0000000000800efc                sel
                0x0000000000800efd                can_buff
                0x0000000000800f05                prev_pack_SOC
                0x0000000000800f06                pack_voltage
                0x0000000000800f08                pack_coulombs
                0x0000000000800f0c                button_down
                0x0000000000800f0d                cell
                0x0000000000800f0e                slp_result
                0x0000000000800f13                ams_board_count
                0x0000000000800f14                can_frame_id
                0x0000000000800f18                CHRG_DET
                0x0000000000800f19                cell_V
                0x0000000000800f27                addr_choice
                0x0000000000800f29                CANADD_PACKINFO2
                0x0000000000800f2b                cell_Toff
                0x0000000000800f39                shunt_voltage
                0x0000000000800f3b                button_up
                0x0000000000800f3c                num_cells
                0x0000000000800f3d                cell_Vslp
                0x0000000000800f4b                recent_states
                0x0000000000800f55                display_3
                0x0000000000800f69                next_pack_id
                0x0000000000800f6b                next_can_addr
 COMMON         0x0000000000800f70        0x5 build/i2c.o
                0x0000000000800f70                i2c_mutex
 COMMON         0x0000000000800f75        0x2 build/task_can.o
                0x0000000000800f75                i
                0x0000000000800f77                PROVIDE (__bss_end, .)
                0x00000000000065ea                __data_load_start = LOADADDR (.data)
                0x00000000000068e8                __data_load_end = (__data_load_start + SIZEOF (.data))

.noinit         0x0000000000800f77        0x0
                [!provide]                        PROVIDE (__noinit_start, .)
 *(.noinit*)
                [!provide]                        PROVIDE (__noinit_end, .)
                0x0000000000800f77                _end = .
                [!provide]                        PROVIDE (__heap_start, .)

.eeprom         0x0000000000810000        0x0
 *(.eeprom*)
                0x0000000000810000                __eeprom_end = .

.fuse
 *(.fuse)
 *(.lfuse)
 *(.hfuse)
 *(.efuse)

.lock
 *(.lock*)

.signature
 *(.signature*)

.stab           0x0000000000000000    0x10710
 *(.stab)
 .stab          0x0000000000000000      0xb1c build/main.o
 .stab          0x0000000000000b1c     0x1a04 build/i2c.o
                                       0x1cec (size before relaxing)
 .stab          0x0000000000002520     0x1fc8 build/lcd.o
                                       0x23d0 (size before relaxing)
 .stab          0x00000000000044e8      0x654 build/task_button.o
                                        0x9cc (size before relaxing)
 .stab          0x0000000000004b3c      0xaec build/task_i2c.o
                                        0xf00 (size before relaxing)
 .stab          0x0000000000005628      0xa38 build/task_can.o
                                        0xd20 (size before relaxing)
 .stab          0x0000000000006060      0x960 build/task_gui.o
                                        0xd68 (size before relaxing)
 .stab          0x00000000000069c0      0x384 build/task_watchdog.o
                                        0x5d0 (size before relaxing)
 .stab          0x0000000000006d44      0xa08 build/task_charge.o
                                        0xe34 (size before relaxing)
 .stab          0x000000000000774c      0x630 build/task_safety.o
                                        0x9a8 (size before relaxing)
 .stab          0x0000000000007d7c      0xdd4 build/task_config.o
                                       0x1218 (size before relaxing)
 .stab          0x0000000000008b50      0x63c build/task_heartbeat.o
                                        0x9b4 (size before relaxing)
 .stab          0x000000000000918c      0x7d4 build/tasklist.o
                                        0xc00 (size before relaxing)
 .stab          0x0000000000009960      0x390 build/atomport-asm.o
                                        0x39c (size before relaxing)
 .stab          0x0000000000009cf0      0xe28 build/atomkernel.o
                                        0xff0 (size before relaxing)
 .stab          0x000000000000ab18      0xb94 build/atomsem.o
                                        0xdc8 (size before relaxing)
 .stab          0x000000000000b6ac      0xb28 build/atommutex.o
                                        0xdb0 (size before relaxing)
 .stab          0x000000000000c1d4      0x93c build/atomtimer.o
                                        0xbc4 (size before relaxing)
 .stab          0x000000000000cb10      0xf84 build/atomqueue.o
                                       0x120c (size before relaxing)
 .stab          0x000000000000da94      0x618 build/atomport.o
                                        0x864 (size before relaxing)
 .stab          0x000000000000e0ac      0x768 build/atmel/TWI_Master.o
                                        0x948 (size before relaxing)
 .stab          0x000000000000e814      0xa5c build/atmel/can_lib.o
                                        0xce4 (size before relaxing)
 .stab          0x000000000000f270      0x6b4 build/atmel/can_drv.o
                                        0x8f4 (size before relaxing)
 .stab          0x000000000000f924      0x108 /usr/lib/gcc/avr/6.2.0/avr51/libgcc.a(_mulsi3.o)
                                        0x114 (size before relaxing)
 .stab          0x000000000000fa2c       0xe4 /usr/lib/gcc/avr/6.2.0/avr51/libgcc.a(_udivmodqi4.o)
                                         0xf0 (size before relaxing)
 .stab          0x000000000000fb10       0xf0 /usr/lib/gcc/avr/6.2.0/avr51/libgcc.a(_divmodqi4.o)
                                         0xfc (size before relaxing)
 .stab          0x000000000000fc00      0x15c /usr/lib/gcc/avr/6.2.0/avr51/libgcc.a(_udivmodhi4.o)
                                        0x168 (size before relaxing)
 .stab          0x000000000000fd5c      0x138 /usr/lib/gcc/avr/6.2.0/avr51/libgcc.a(_divmodhi4.o)
                                        0x144 (size before relaxing)
 .stab          0x000000000000fe94      0x228 /usr/lib/gcc/avr/6.2.0/avr51/libgcc.a(_udivmodsi4.o)
                                        0x234 (size before relaxing)
 .stab          0x00000000000100bc      0x144 /usr/lib/gcc/avr/6.2.0/avr51/libgcc.a(_divmodsi4.o)
                                        0x150 (size before relaxing)
 .stab          0x0000000000010200       0x6c /usr/lib/gcc/avr/6.2.0/avr51/libgcc.a(_negsi2.o)
                                         0x78 (size before relaxing)
 .stab          0x000000000001026c       0x6c /usr/lib/gcc/avr/6.2.0/avr51/libgcc.a(_exit.o)
                                         0x78 (size before relaxing)
 .stab          0x00000000000102d8       0xc0 /usr/lib/gcc/avr/6.2.0/avr51/libgcc.a(_tablejump2.o)
                                         0xcc (size before relaxing)
 .stab          0x0000000000010398       0xf0 /usr/lib/gcc/avr/6.2.0/avr51/libgcc.a(_copy_data.o)
                                         0xfc (size before relaxing)
 .stab          0x0000000000010488       0xb4 /usr/lib/gcc/avr/6.2.0/avr51/libgcc.a(_clear_bss.o)
                                         0xc0 (size before relaxing)
 .stab          0x000000000001053c       0xcc /usr/lib/gcc/avr/6.2.0/avr51/libgcc.a(_muluhisi3.o)
                                         0xd8 (size before relaxing)
 .stab          0x0000000000010608      0x108 /usr/lib/gcc/avr/6.2.0/avr51/libgcc.a(_umulhisi3.o)
                                        0x114 (size before relaxing)

.stabstr        0x0000000000000000     0x66f1
 *(.stabstr)
 .stabstr       0x0000000000000000     0x66f1 build/main.o

.stab.excl
 *(.stab.excl)

.stab.exclstr
 *(.stab.exclstr)

.stab.index
 *(.stab.index)

.stab.indexstr
 *(.stab.indexstr)

.comment        0x0000000000000000       0x21
 *(.comment)
 .comment       0x0000000000000000       0x21 build/main.o
                                         0x22 (size before relaxing)
 .comment       0x0000000000000021       0x22 build/i2c.o
 .comment       0x0000000000000021       0x22 build/lcd.o
 .comment       0x0000000000000021       0x22 build/task_button.o
 .comment       0x0000000000000021       0x22 build/task_i2c.o
 .comment       0x0000000000000021       0x22 build/task_can.o
 .comment       0x0000000000000021       0x22 build/task_gui.o
 .comment       0x0000000000000021       0x22 build/task_watchdog.o
 .comment       0x0000000000000021       0x22 build/task_charge.o
 .comment       0x0000000000000021       0x22 build/task_safety.o
 .comment       0x0000000000000021       0x22 build/task_config.o
 .comment       0x0000000000000021       0x22 build/task_heartbeat.o
 .comment       0x0000000000000021       0x22 build/tasklist.o
 .comment       0x0000000000000021       0x22 build/atomkernel.o
 .comment       0x0000000000000021       0x22 build/atomsem.o
 .comment       0x0000000000000021       0x22 build/atommutex.o
 .comment       0x0000000000000021       0x22 build/atomtimer.o
 .comment       0x0000000000000021       0x22 build/atomqueue.o
 .comment       0x0000000000000021       0x22 build/atomport.o
 .comment       0x0000000000000021       0x22 build/atmel/TWI_Master.o
 .comment       0x0000000000000021       0x22 build/atmel/can_lib.o
 .comment       0x0000000000000021       0x22 build/atmel/can_drv.o
 .comment       0x0000000000000021       0x22 /usr/lib/gcc/avr/6.2.0/../../../../avr/lib/avr51/libc.a(sprintf.o)
 .comment       0x0000000000000021       0x22 /usr/lib/gcc/avr/6.2.0/../../../../avr/lib/avr51/libc.a(vfprintf_std.o)
 .comment       0x0000000000000021       0x22 /usr/lib/gcc/avr/6.2.0/../../../../avr/lib/avr51/libc.a(fputc.o)

.note.gnu.avr.deviceinfo
                0x0000000000000000       0x40
 .note.gnu.avr.deviceinfo
                0x0000000000000000       0x40 /usr/lib/gcc/avr/6.2.0/../../../../avr/lib/avr51/crtat90can128.o

.avr.prop       0x0000000000000000       0x16
 .avr.prop      0x0000000000000000       0x16 build/atmel/can_lib.o

.note.gnu.build-id
 *(.note.gnu.build-id)

.debug
 *(.debug)

.line
 *(.line)

.debug_srcinfo
 *(.debug_srcinfo)

.debug_sfnames
 *(.debug_sfnames)

.debug_aranges
 *(.debug_aranges)

.debug_pubnames
 *(.debug_pubnames)

.debug_info     0x0000000000000000      0xa2d
 *(.debug_info .gnu.linkonce.wi.*)
 .debug_info    0x0000000000000000      0xa2d /usr/lib/gcc/avr/6.2.0/../../../../avr/lib/avr51/crtat90can128.o

.debug_abbrev   0x0000000000000000      0x9a0
 *(.debug_abbrev)
 .debug_abbrev  0x0000000000000000      0x9a0 /usr/lib/gcc/avr/6.2.0/../../../../avr/lib/avr51/crtat90can128.o

.debug_line     0x0000000000000000       0x1d
 *(.debug_line .debug_line.* .debug_line_end)
 .debug_line    0x0000000000000000       0x1d /usr/lib/gcc/avr/6.2.0/../../../../avr/lib/avr51/crtat90can128.o

.debug_frame
 *(.debug_frame)

.debug_str      0x0000000000000000      0x39f
 *(.debug_str)
 .debug_str     0x0000000000000000      0x39f /usr/lib/gcc/avr/6.2.0/../../../../avr/lib/avr51/crtat90can128.o

.debug_loc
 *(.debug_loc)

.debug_macinfo
 *(.debug_macinfo)

.debug_weaknames
 *(.debug_weaknames)

.debug_funcnames
 *(.debug_funcnames)

.debug_typenames
 *(.debug_typenames)

.debug_varnames
 *(.debug_varnames)

.debug_pubtypes
 *(.debug_pubtypes)

.debug_ranges
 *(.debug_ranges)

.debug_macro
 *(.debug_macro)
OUTPUT(build/pacman.elf elf32-avr)
LOAD linker stubs
