Archive member included to satisfy reference by file (symbol)

/usr/lib/gcc/avr/6.2.0/avr51/libgcc.a(_mulsi3.o)
                              build/task_charge.o (__mulsi3)
/usr/lib/gcc/avr/6.2.0/avr51/libgcc.a(_udivmodqi4.o)
                              build/lcd.o (__udivmodqi4)
/usr/lib/gcc/avr/6.2.0/avr51/libgcc.a(_divmodqi4.o)
                              build/lcd.o (__divmodqi4)
/usr/lib/gcc/avr/6.2.0/avr51/libgcc.a(_udivmodhi4.o)
                              build/lcd.o (__udivmodhi4)
/usr/lib/gcc/avr/6.2.0/avr51/libgcc.a(_divmodhi4.o)
                              build/lcd.o (__divmodhi4)
/usr/lib/gcc/avr/6.2.0/avr51/libgcc.a(_udivmodsi4.o)
                              build/lcd.o (__udivmodsi4)
/usr/lib/gcc/avr/6.2.0/avr51/libgcc.a(_divmodsi4.o)
                              build/lcd.o (__divmodsi4)
/usr/lib/gcc/avr/6.2.0/avr51/libgcc.a(_negsi2.o)
                              /usr/lib/gcc/avr/6.2.0/avr51/libgcc.a(_divmodsi4.o) (__negsi2)
/usr/lib/gcc/avr/6.2.0/avr51/libgcc.a(_exit.o)
                              /usr/lib/gcc/avr/6.2.0/../../../../avr/lib/avr51/crtat90can128.o (exit)
/usr/lib/gcc/avr/6.2.0/avr51/libgcc.a(_tablejump2.o)
                              build/atmel/can_lib.o (__tablejump2__)
/usr/lib/gcc/avr/6.2.0/avr51/libgcc.a(_copy_data.o)
                              build/i2c.o (__do_copy_data)
/usr/lib/gcc/avr/6.2.0/avr51/libgcc.a(_clear_bss.o)
                              build/main.o (__do_clear_bss)
/usr/lib/gcc/avr/6.2.0/avr51/libgcc.a(_muluhisi3.o)
                              /usr/lib/gcc/avr/6.2.0/avr51/libgcc.a(_mulsi3.o) (__muluhisi3)
/usr/lib/gcc/avr/6.2.0/avr51/libgcc.a(_umulhisi3.o)
                              /usr/lib/gcc/avr/6.2.0/avr51/libgcc.a(_muluhisi3.o) (__umulhisi3)
/usr/lib/gcc/avr/6.2.0/../../../../avr/lib/avr51/libm.a(addsf3.o)
                              build/task_i2c.o (__subsf3)
/usr/lib/gcc/avr/6.2.0/../../../../avr/lib/avr51/libm.a(addsf3x.o)
                              /usr/lib/gcc/avr/6.2.0/../../../../avr/lib/avr51/libm.a(addsf3.o) (__addsf3x)
/usr/lib/gcc/avr/6.2.0/../../../../avr/lib/avr51/libm.a(cmpsf2.o)
                              build/lcd.o (__ltsf2)
/usr/lib/gcc/avr/6.2.0/../../../../avr/lib/avr51/libm.a(divsf3.o)
                              build/task_i2c.o (__divsf3)
/usr/lib/gcc/avr/6.2.0/../../../../avr/lib/avr51/libm.a(divsf3x.o)
                              /usr/lib/gcc/avr/6.2.0/../../../../avr/lib/avr51/libm.a(divsf3.o) (__divsf3x)
/usr/lib/gcc/avr/6.2.0/../../../../avr/lib/avr51/libm.a(fixsfsi.o)
                              build/lcd.o (__fixsfsi)
/usr/lib/gcc/avr/6.2.0/../../../../avr/lib/avr51/libm.a(fixunssfsi.o)
                              build/task_i2c.o (__fixunssfsi)
/usr/lib/gcc/avr/6.2.0/../../../../avr/lib/avr51/libm.a(floatsisf.o)
                              build/task_i2c.o (__floatunsisf)
/usr/lib/gcc/avr/6.2.0/../../../../avr/lib/avr51/libm.a(fp_cmp.o)
                              /usr/lib/gcc/avr/6.2.0/../../../../avr/lib/avr51/libm.a(cmpsf2.o) (__fp_cmp)
/usr/lib/gcc/avr/6.2.0/../../../../avr/lib/avr51/libm.a(fp_inf.o)
                              /usr/lib/gcc/avr/6.2.0/../../../../avr/lib/avr51/libm.a(addsf3x.o) (__fp_inf)
/usr/lib/gcc/avr/6.2.0/../../../../avr/lib/avr51/libm.a(fp_nan.o)
                              /usr/lib/gcc/avr/6.2.0/../../../../avr/lib/avr51/libm.a(addsf3x.o) (__fp_nan)
/usr/lib/gcc/avr/6.2.0/../../../../avr/lib/avr51/libm.a(fp_pscA.o)
                              /usr/lib/gcc/avr/6.2.0/../../../../avr/lib/avr51/libm.a(addsf3x.o) (__fp_pscA)
/usr/lib/gcc/avr/6.2.0/../../../../avr/lib/avr51/libm.a(fp_pscB.o)
                              /usr/lib/gcc/avr/6.2.0/../../../../avr/lib/avr51/libm.a(addsf3x.o) (__fp_pscB)
/usr/lib/gcc/avr/6.2.0/../../../../avr/lib/avr51/libm.a(fp_round.o)
                              /usr/lib/gcc/avr/6.2.0/../../../../avr/lib/avr51/libm.a(addsf3.o) (__fp_round)
/usr/lib/gcc/avr/6.2.0/../../../../avr/lib/avr51/libm.a(fp_split3.o)
                              /usr/lib/gcc/avr/6.2.0/../../../../avr/lib/avr51/libm.a(addsf3x.o) (__fp_split3)
/usr/lib/gcc/avr/6.2.0/../../../../avr/lib/avr51/libm.a(fp_zero.o)
                              /usr/lib/gcc/avr/6.2.0/../../../../avr/lib/avr51/libm.a(addsf3x.o) (__fp_zero)
/usr/lib/gcc/avr/6.2.0/../../../../avr/lib/avr51/libm.a(gesf2.o)
                              build/task_charge.o (__gtsf2)
/usr/lib/gcc/avr/6.2.0/../../../../avr/lib/avr51/libm.a(mulsf3.o)
                              build/lcd.o (__mulsf3)
/usr/lib/gcc/avr/6.2.0/../../../../avr/lib/avr51/libm.a(mulsf3x.o)
                              /usr/lib/gcc/avr/6.2.0/../../../../avr/lib/avr51/libm.a(mulsf3.o) (__mulsf3x)
/usr/lib/gcc/avr/6.2.0/../../../../avr/lib/avr51/libc.a(memcpy.o)
                              build/lcd.o (memcpy)
/usr/lib/gcc/avr/6.2.0/../../../../avr/lib/avr51/libc.a(itoa_ncheck.o)
                              build/lcd.o (__itoa_ncheck)
/usr/lib/gcc/avr/6.2.0/../../../../avr/lib/avr51/libc.a(utoa_ncheck.o)
                              /usr/lib/gcc/avr/6.2.0/../../../../avr/lib/avr51/libc.a(itoa_ncheck.o) (__utoa_common)
/usr/lib/gcc/avr/6.2.0/../../../../avr/lib/avr51/libc.a(sprintf.o)
                              build/lcd.o (sprintf)
/usr/lib/gcc/avr/6.2.0/../../../../avr/lib/avr51/libc.a(vfprintf_std.o)
                              /usr/lib/gcc/avr/6.2.0/../../../../avr/lib/avr51/libc.a(sprintf.o) (vfprintf)
/usr/lib/gcc/avr/6.2.0/../../../../avr/lib/avr51/libc.a(strnlen_P.o)
                              /usr/lib/gcc/avr/6.2.0/../../../../avr/lib/avr51/libc.a(vfprintf_std.o) (strnlen_P)
/usr/lib/gcc/avr/6.2.0/../../../../avr/lib/avr51/libc.a(strnlen.o)
                              /usr/lib/gcc/avr/6.2.0/../../../../avr/lib/avr51/libc.a(vfprintf_std.o) (strnlen)
/usr/lib/gcc/avr/6.2.0/../../../../avr/lib/avr51/libc.a(strrev.o)
                              /usr/lib/gcc/avr/6.2.0/../../../../avr/lib/avr51/libc.a(utoa_ncheck.o) (strrev)
/usr/lib/gcc/avr/6.2.0/../../../../avr/lib/avr51/libc.a(fputc.o)
                              /usr/lib/gcc/avr/6.2.0/../../../../avr/lib/avr51/libc.a(vfprintf_std.o) (fputc)
/usr/lib/gcc/avr/6.2.0/../../../../avr/lib/avr51/libc.a(ultoa_invert.o)
                              /usr/lib/gcc/avr/6.2.0/../../../../avr/lib/avr51/libc.a(vfprintf_std.o) (__ultoa_invert)
/usr/lib/gcc/avr/6.2.0/../../../../avr/lib/avr51/libat90can128.a(eerd_byte.o)
                              build/lcd.o (eeprom_read_byte)
/usr/lib/gcc/avr/6.2.0/../../../../avr/lib/avr51/libat90can128.a(eerd_word.o)
                              build/lcd.o (eeprom_read_word)
/usr/lib/gcc/avr/6.2.0/../../../../avr/lib/avr51/libat90can128.a(eewr_byte.o)
                              build/lcd.o (eeprom_write_byte)
/usr/lib/gcc/avr/6.2.0/../../../../avr/lib/avr51/libat90can128.a(eewr_word.o)
                              build/lcd.o (eeprom_write_word)
/usr/lib/gcc/avr/6.2.0/../../../../avr/lib/avr51/libat90can128.a(eerd_block.o)
                              /usr/lib/gcc/avr/6.2.0/../../../../avr/lib/avr51/libat90can128.a(eerd_word.o) (eeprom_read_blraw)

Allocating common symbols
Common symbol       size              file

button_enter        0x1               build/main.o
Pack_State_Strings  0xe               build/main.o
ams_voltage         0x2               build/main.o
cell_status         0x7               build/main.o
pack_SOC            0x1               build/main.o
display_2           0x14              build/main.o
cell_Tslp           0x1c              build/main.o
address             0x4               build/main.o
lcd_flag            0x1               build/main.o
CANADD_PACKINFO1    0x2               build/main.o
ams_temp            0x2               build/main.o
PACK_NUM            0x1               build/main.o
ams_board_addr      0x10              build/main.o
v_select            0x2               build/main.o
pack_current        0x4               build/main.o
can_frame_ctrl      0x2               build/main.o
sloop_state         0x1               build/main.o
CANADD_CELLINFO     0x2               build/main.o
cell_T              0xe               build/main.o
adc_value           0x4               build/main.o
pack_state          0x2               build/main.o
cell_Voff           0xe               build/main.o
display_0           0x14              build/main.o
curr_pack_id        0x2               build/main.o
i                   0x2               build/task_can.o
fault_code          0x1               build/main.o
bypass_flag         0x1               build/main.o
A_mutex             0x5               build/main.o
off_result          0x5               build/main.o
can_frame           0xd               build/main.o
curr_can_addr       0x5               build/main.o
curr_num_cells      0x2               build/main.o
next_num_cells      0x2               build/main.o
pack_num_choice     0x1               build/main.o
flt_cnd             0x5               build/main.o
ams_serial_array    0x40              build/main.o
display_1           0x14              build/main.o
cell_num_choice     0x1               build/main.o
LOW_DET             0x1               build/main.o
sel                 0x1               build/main.o
can_buff            0x8               build/main.o
prev_pack_SOC       0x1               build/main.o
pack_voltage        0x2               build/main.o
pack_coulombs       0x4               build/main.o
button_down         0x1               build/main.o
cell                0x1               build/main.o
slp_result          0x5               build/main.o
ams_board_count     0x1               build/main.o
can_frame_id        0x4               build/main.o
CHRG_DET            0x1               build/main.o
cell_V              0xe               build/main.o
addr_choice         0x2               build/main.o
CANADD_PACKINFO2    0x2               build/main.o
i2c_mutex           0x5               build/i2c.o
cell_Toff           0xe               build/main.o
shunt_voltage       0x2               build/main.o
button_up           0x1               build/main.o
num_cells           0x1               build/main.o
cell_Vslp           0xe               build/main.o
display_3           0x14              build/main.o
next_pack_id        0x2               build/main.o
next_can_addr       0x5               build/main.o

Memory Configuration

Name             Origin             Length             Attributes
text             0x0000000000000000 0x0000000000020000 xr
data             0x0000000000800100 0x000000000000ff00 rw !x
eeprom           0x0000000000810000 0x0000000000010000 rw !x
fuse             0x0000000000820000 0x0000000000000003 rw !x
lock             0x0000000000830000 0x0000000000000400 rw !x
signature        0x0000000000840000 0x0000000000000400 rw !x
user_signatures  0x0000000000850000 0x0000000000000400 rw !x
*default*        0x0000000000000000 0xffffffffffffffff

Linker script and memory map

Address of section .data set to 0x800100
LOAD /usr/lib/gcc/avr/6.2.0/../../../../avr/lib/avr51/crtat90can128.o
LOAD build/main.o
LOAD build/i2c.o
LOAD build/lcd.o
LOAD build/task_button.o
LOAD build/task_i2c.o
LOAD build/task_can.o
LOAD build/task_gui.o
LOAD build/task_watchdog.o
LOAD build/task_charge.o
LOAD build/task_safety.o
LOAD build/task_config.o
LOAD build/task_heartbeat.o
LOAD build/tasklist.o
LOAD build/atomport-asm.o
LOAD build/atomkernel.o
LOAD build/atomsem.o
LOAD build/atommutex.o
LOAD build/atomtimer.o
LOAD build/atomqueue.o
LOAD build/atomport.o
LOAD build/atmel/TWI_Master.o
LOAD build/atmel/can_lib.o
LOAD build/atmel/can_drv.o
START GROUP
LOAD /usr/lib/gcc/avr/6.2.0/avr51/libgcc.a
LOAD /usr/lib/gcc/avr/6.2.0/../../../../avr/lib/avr51/libm.a
LOAD /usr/lib/gcc/avr/6.2.0/../../../../avr/lib/avr51/libc.a
LOAD /usr/lib/gcc/avr/6.2.0/../../../../avr/lib/avr51/libat90can128.a
END GROUP
                0x0000000000020000                __TEXT_REGION_LENGTH__ = DEFINED (__TEXT_REGION_LENGTH__)?__TEXT_REGION_LENGTH__:0x20000
                0x000000000000ff00                __DATA_REGION_LENGTH__ = DEFINED (__DATA_REGION_LENGTH__)?__DATA_REGION_LENGTH__:0xff00
                0x0000000000010000                __EEPROM_REGION_LENGTH__ = DEFINED (__EEPROM_REGION_LENGTH__)?__EEPROM_REGION_LENGTH__:0x10000
                [0x0000000000000003]                __FUSE_REGION_LENGTH__ = DEFINED (__FUSE_REGION_LENGTH__)?__FUSE_REGION_LENGTH__:0x400
                0x0000000000000400                __LOCK_REGION_LENGTH__ = DEFINED (__LOCK_REGION_LENGTH__)?__LOCK_REGION_LENGTH__:0x400
                0x0000000000000400                __SIGNATURE_REGION_LENGTH__ = DEFINED (__SIGNATURE_REGION_LENGTH__)?__SIGNATURE_REGION_LENGTH__:0x400
                0x0000000000000400                __USER_SIGNATURE_REGION_LENGTH__ = DEFINED (__USER_SIGNATURE_REGION_LENGTH__)?__USER_SIGNATURE_REGION_LENGTH__:0x400

.hash
 *(.hash)

.dynsym
 *(.dynsym)

.dynstr
 *(.dynstr)

.gnu.version
 *(.gnu.version)

.gnu.version_d
 *(.gnu.version_d)

.gnu.version_r
 *(.gnu.version_r)

.rel.init
 *(.rel.init)

.rela.init
 *(.rela.init)

.rel.text
 *(.rel.text)
 *(.rel.text.*)
 *(.rel.gnu.linkonce.t*)

.rela.text
 *(.rela.text)
 *(.rela.text.*)
 *(.rela.gnu.linkonce.t*)

.rel.fini
 *(.rel.fini)

.rela.fini
 *(.rela.fini)

.rel.rodata
 *(.rel.rodata)
 *(.rel.rodata.*)
 *(.rel.gnu.linkonce.r*)

.rela.rodata
 *(.rela.rodata)
 *(.rela.rodata.*)
 *(.rela.gnu.linkonce.r*)

.rel.data
 *(.rel.data)
 *(.rel.data.*)
 *(.rel.gnu.linkonce.d*)

.rela.data
 *(.rela.data)
 *(.rela.data.*)
 *(.rela.gnu.linkonce.d*)

.rel.ctors
 *(.rel.ctors)

.rela.ctors
 *(.rela.ctors)

.rel.dtors
 *(.rel.dtors)

.rela.dtors
 *(.rela.dtors)

.rel.got
 *(.rel.got)

.rela.got
 *(.rela.got)

.rel.bss
 *(.rel.bss)

.rela.bss
 *(.rela.bss)

.rel.plt
 *(.rel.plt)

.rela.plt
 *(.rela.plt)

.text           0x0000000000000000     0x5f16
 *(.vectors)
 .vectors       0x0000000000000000       0x94 /usr/lib/gcc/avr/6.2.0/../../../../avr/lib/avr51/crtat90can128.o
                0x0000000000000000                __vectors
 *(.vectors)
 *(.progmem.gcc*)
                0x0000000000000094                . = ALIGN (0x2)
                0x0000000000000094                __trampolines_start = .
 *(.trampolines)
 .trampolines   0x0000000000000094        0x0 linker stubs
 *(.trampolines*)
                0x0000000000000094                __trampolines_end = .
 *libprintf_flt.a:*(.progmem.data)
 *libc.a:*(.progmem.data)
 *(.progmem*)
                0x0000000000000094                . = ALIGN (0x2)
 *(.jumptables)
 *(.jumptables*)
 *(.lowtext)
 *(.lowtext*)
                0x0000000000000094                __ctors_start = .
 *(.ctors)
                0x0000000000000094                __ctors_end = .
                0x0000000000000094                __dtors_start = .
 *(.dtors)
                0x0000000000000094                __dtors_end = .
 SORT(*)(.ctors)
 SORT(*)(.dtors)
 *(.init0)
 .init0         0x0000000000000094        0x0 /usr/lib/gcc/avr/6.2.0/../../../../avr/lib/avr51/crtat90can128.o
                0x0000000000000094                __init
 *(.init0)
 *(.init1)
 *(.init1)
 *(.init2)
 .init2         0x0000000000000094        0xc /usr/lib/gcc/avr/6.2.0/../../../../avr/lib/avr51/crtat90can128.o
 *(.init2)
 *(.init3)
 *(.init3)
 *(.init4)
 .init4         0x00000000000000a0       0x1a /usr/lib/gcc/avr/6.2.0/avr51/libgcc.a(_copy_data.o)
                0x00000000000000a0                __do_copy_data
 .init4         0x00000000000000ba       0x10 /usr/lib/gcc/avr/6.2.0/avr51/libgcc.a(_clear_bss.o)
                0x00000000000000ba                __do_clear_bss
 *(.init4)
 *(.init5)
 *(.init5)
 *(.init6)
 *(.init6)
 *(.init7)
 *(.init7)
 *(.init8)
 *(.init8)
 *(.init9)
 .init9         0x00000000000000ca        0x8 /usr/lib/gcc/avr/6.2.0/../../../../avr/lib/avr51/crtat90can128.o
 *(.init9)
 *(.text)
 .text          0x00000000000000d2        0x4 /usr/lib/gcc/avr/6.2.0/../../../../avr/lib/avr51/crtat90can128.o
                0x00000000000000d2                __vector_22
                0x00000000000000d2                __vector_28
                0x00000000000000d2                __vector_1
                0x00000000000000d2                __vector_32
                0x00000000000000d2                __vector_34
                0x00000000000000d2                __vector_24
                0x00000000000000d2                __bad_interrupt
                0x00000000000000d2                __vector_6
                0x00000000000000d2                __vector_31
                0x00000000000000d2                __vector_3
                0x00000000000000d2                __vector_23
                0x00000000000000d2                __vector_30
                0x00000000000000d2                __vector_25
                0x00000000000000d2                __vector_11
                0x00000000000000d2                __vector_13
                0x00000000000000d2                __vector_17
                0x00000000000000d2                __vector_19
                0x00000000000000d2                __vector_7
                0x00000000000000d2                __vector_27
                0x00000000000000d2                __vector_5
                0x00000000000000d2                __vector_33
                0x00000000000000d2                __vector_4
                0x00000000000000d2                __vector_9
                0x00000000000000d2                __vector_2
                0x00000000000000d2                __vector_21
                0x00000000000000d2                __vector_15
                0x00000000000000d2                __vector_36
                0x00000000000000d2                __vector_29
                0x00000000000000d2                __vector_8
                0x00000000000000d2                __vector_26
                0x00000000000000d2                __vector_14
                0x00000000000000d2                __vector_10
                0x00000000000000d2                __vector_16
                0x00000000000000d2                __vector_18
                0x00000000000000d2                __vector_20
 .text          0x00000000000000d6        0x0 build/main.o
 .text          0x00000000000000d6      0x876 build/i2c.o
                0x00000000000000d6                get_detect
                0x0000000000000146                adc_init
                0x00000000000001ae                power_init
                0x0000000000000220                select_shunt_voltage
                0x000000000000025c                get_shunt_voltage
                0x00000000000002ca                select_pack_voltage
                0x0000000000000306                get_pack_voltage
                0x0000000000000374                get_adc_current
                0x00000000000003de                current_sensor_on
                0x000000000000041a                current_sensor_off
                0x0000000000000456                lcd_transmit
                0x00000000000004d4                lcd_reset
                0x00000000000004f2                lcd_init
                0x0000000000000568                lcd_message
                0x0000000000000594                ams_reset_bypass
                0x00000000000005ce                ams_set_bypass
                0x000000000000060a                ams_cell_status
                0x00000000000006ba                ams_magic
                0x0000000000000734                locate_ams_boards
                0x000000000000078c                ams_cal
                0x000000000000082a                ams_serial
                0x00000000000008bc                get_ams_serial
                0x0000000000000912                i2c_init
 .text          0x000000000000094c     0x1796 build/lcd.o
                0x000000000000094c                write_lcd
                0x0000000000000982                display_top
                0x0000000000000ec0                display_cal1
                0x0000000000000f98                display_cell
                0x0000000000001186                display_cell_cal
                0x000000000000151c                set_pack_num
                0x00000000000018da                set_num_cells
                0x0000000000001c8a                display_error
                0x0000000000001d44                set_can_address
 .text          0x00000000000020e2       0x4a build/task_button.o
                0x00000000000020e2                task_button_init
                0x00000000000020f0                task_button
 .text          0x000000000000212c      0x57e build/task_i2c.o
                0x000000000000212c                bypass_selection
                0x00000000000022b4                task_i2c
 .text          0x00000000000026aa      0x372 build/task_can.o
                0x00000000000026aa                task_can_init
                0x0000000000002736                task_can
 .text          0x0000000000002a1c       0xa6 build/task_gui.o
                0x0000000000002a1c                task_gui_init
                0x0000000000002a20                task_gui
 .text          0x0000000000002ac2       0x20 build/task_watchdog.o
                0x0000000000002ac2                task_watchdog
 .text          0x0000000000002ae2      0x2ac build/task_charge.o
                0x0000000000002ae2                task_charge_init
                0x0000000000002b0a                read_SOC
                0x0000000000002b42                save_SOC
                0x0000000000002b64                task_charge
 .text          0x0000000000002d8e       0x3c build/task_safety.o
                0x0000000000002d8e                safety_init
                0x0000000000002d9c                task_safety
 .text          0x0000000000002dca      0x46c build/task_config.o
                0x0000000000002dca                task_config
 .text          0x0000000000003236       0x3c build/task_heartbeat.o
                0x0000000000003236                heartbeat_init
                0x000000000000323e                task_heartbeat
 .text          0x0000000000003272       0x5e build/tasklist.o
                0x0000000000003272                atomThreadStartAll
 .text          0x00000000000032d0       0x94 build/atomport-asm.o
                0x00000000000032d0                archContextSwitch
                0x0000000000003332                archFirstThreadRestore
 .text          0x0000000000003364      0x376 build/atomkernel.o
                0x0000000000003366                atomIntEnter
                0x000000000000337a                atomCurrentContext
                0x0000000000003396                tcbEnqueuePriority
                0x000000000000342a                tcbDequeueHead
                0x0000000000003468                tcbDequeueEntry
                0x00000000000034e4                tcbDequeuePriority
                0x0000000000003524                atomSched
                0x00000000000035b2                atomThreadCreate
                0x0000000000003650                atomOSInit
                0x00000000000036a0                atomIntExit
                0x00000000000036b8                atomOSStart
 .text          0x00000000000036da      0x27c build/atomsem.o
                0x0000000000003716                atomSemCreate
                0x000000000000372a                atomSemDelete
                0x00000000000037b6                atomSemGet
                0x00000000000038bc                atomSemPut
                0x0000000000003946                atomSemResetCount
 .text          0x0000000000003956      0x2c0 build/atommutex.o
                0x0000000000003992                atomMutexCreate
                0x00000000000039aa                atomMutexDelete
                0x0000000000003a36                atomMutexGet
                0x0000000000003b66                atomMutexPut
 .text          0x0000000000003c16      0x228 build/atomtimer.o
                0x0000000000003c34                atomTimerRegister
                0x0000000000003c7e                atomTimerCancel
                0x0000000000003cd2                atomTimeGet
                0x0000000000003ce4                atomTimeSet
                0x0000000000003cf6                atomTimerTick
                0x0000000000003d9e                atomTimerDelay
 .text          0x0000000000003e3e      0x5c4 build/atomqueue.o
                0x000000000000401e                atomQueueCreate
                0x000000000000408a                atomQueueDelete
                0x0000000000004134                atomQueueGet
                0x000000000000429e                atomQueuePut
 .text          0x0000000000004402      0x110 build/atomport.o
                0x000000000000442a                archThreadContextInit
                0x000000000000448a                avrInitSystemTickTimer
                0x00000000000044a4                __vector_12
                0x00000000000044fe                __vector_default
 .text          0x0000000000004512      0x198 build/atmel/TWI_Master.o
                0x0000000000004512                TWI_Master_Initialise
                0x0000000000004526                TWI_Transceiver_Busy
                0x000000000000452e                TWI_Get_State_Info
                0x000000000000453c                TWI_Start_Transceiver_With_Data
                0x000000000000457c                TWI_Start_Transceiver
                0x0000000000004596                TWI_Get_Data_From_Transceiver
                0x00000000000045c4                __vector_35
 .text          0x00000000000046aa      0xade build/atmel/can_lib.o
                0x00000000000046aa                can_init
                0x00000000000046c4                can_cmd
                0x000000000000507a                can_get_status
 .text          0x0000000000005188       0xb8 build/atmel/can_drv.o
                0x0000000000005188                can_clear_all_mob
                0x00000000000051a2                can_get_mob_free
                0x00000000000051cc                can_get_mob_status
                0x00000000000051f2                can_get_data
                0x000000000000521a                can_fixed_baudrate
                0x0000000000005236                Max
 .text          0x0000000000005240        0x0 /usr/lib/gcc/avr/6.2.0/avr51/libgcc.a(_mulsi3.o)
 .text          0x0000000000005240        0x0 /usr/lib/gcc/avr/6.2.0/avr51/libgcc.a(_udivmodqi4.o)
 .text          0x0000000000005240        0x0 /usr/lib/gcc/avr/6.2.0/avr51/libgcc.a(_divmodqi4.o)
 .text          0x0000000000005240        0x0 /usr/lib/gcc/avr/6.2.0/avr51/libgcc.a(_udivmodhi4.o)
 .text          0x0000000000005240        0x0 /usr/lib/gcc/avr/6.2.0/avr51/libgcc.a(_divmodhi4.o)
 .text          0x0000000000005240        0x0 /usr/lib/gcc/avr/6.2.0/avr51/libgcc.a(_udivmodsi4.o)
 .text          0x0000000000005240        0x0 /usr/lib/gcc/avr/6.2.0/avr51/libgcc.a(_divmodsi4.o)
 .text          0x0000000000005240        0x0 /usr/lib/gcc/avr/6.2.0/avr51/libgcc.a(_negsi2.o)
 .text          0x0000000000005240        0x0 /usr/lib/gcc/avr/6.2.0/avr51/libgcc.a(_exit.o)
 .text          0x0000000000005240        0x0 /usr/lib/gcc/avr/6.2.0/avr51/libgcc.a(_tablejump2.o)
 .text          0x0000000000005240        0x0 /usr/lib/gcc/avr/6.2.0/avr51/libgcc.a(_copy_data.o)
 .text          0x0000000000005240        0x0 /usr/lib/gcc/avr/6.2.0/avr51/libgcc.a(_clear_bss.o)
 .text          0x0000000000005240        0x0 /usr/lib/gcc/avr/6.2.0/avr51/libgcc.a(_muluhisi3.o)
 .text          0x0000000000005240        0x0 /usr/lib/gcc/avr/6.2.0/avr51/libgcc.a(_umulhisi3.o)
 .text          0x0000000000005240        0x0 /usr/lib/gcc/avr/6.2.0/../../../../avr/lib/avr51/libm.a(addsf3.o)
 .text          0x0000000000005240        0x0 /usr/lib/gcc/avr/6.2.0/../../../../avr/lib/avr51/libm.a(addsf3x.o)
 .text          0x0000000000005240        0x0 /usr/lib/gcc/avr/6.2.0/../../../../avr/lib/avr51/libm.a(cmpsf2.o)
 .text          0x0000000000005240        0x0 /usr/lib/gcc/avr/6.2.0/../../../../avr/lib/avr51/libm.a(divsf3.o)
 .text          0x0000000000005240        0x0 /usr/lib/gcc/avr/6.2.0/../../../../avr/lib/avr51/libm.a(divsf3x.o)
 .text          0x0000000000005240        0x0 /usr/lib/gcc/avr/6.2.0/../../../../avr/lib/avr51/libm.a(fixsfsi.o)
 .text          0x0000000000005240        0x0 /usr/lib/gcc/avr/6.2.0/../../../../avr/lib/avr51/libm.a(fixunssfsi.o)
 .text          0x0000000000005240        0x0 /usr/lib/gcc/avr/6.2.0/../../../../avr/lib/avr51/libm.a(floatsisf.o)
 .text          0x0000000000005240        0x0 /usr/lib/gcc/avr/6.2.0/../../../../avr/lib/avr51/libm.a(fp_cmp.o)
 .text          0x0000000000005240        0x0 /usr/lib/gcc/avr/6.2.0/../../../../avr/lib/avr51/libm.a(fp_inf.o)
 .text          0x0000000000005240        0x0 /usr/lib/gcc/avr/6.2.0/../../../../avr/lib/avr51/libm.a(fp_nan.o)
 .text          0x0000000000005240        0x0 /usr/lib/gcc/avr/6.2.0/../../../../avr/lib/avr51/libm.a(fp_pscA.o)
 .text          0x0000000000005240        0x0 /usr/lib/gcc/avr/6.2.0/../../../../avr/lib/avr51/libm.a(fp_pscB.o)
 .text          0x0000000000005240        0x0 /usr/lib/gcc/avr/6.2.0/../../../../avr/lib/avr51/libm.a(fp_round.o)
 .text          0x0000000000005240        0x0 /usr/lib/gcc/avr/6.2.0/../../../../avr/lib/avr51/libm.a(fp_split3.o)
 .text          0x0000000000005240        0x0 /usr/lib/gcc/avr/6.2.0/../../../../avr/lib/avr51/libm.a(fp_zero.o)
 .text          0x0000000000005240        0x0 /usr/lib/gcc/avr/6.2.0/../../../../avr/lib/avr51/libm.a(gesf2.o)
 .text          0x0000000000005240        0x0 /usr/lib/gcc/avr/6.2.0/../../../../avr/lib/avr51/libm.a(mulsf3.o)
 .text          0x0000000000005240        0x0 /usr/lib/gcc/avr/6.2.0/../../../../avr/lib/avr51/libm.a(mulsf3x.o)
 .text          0x0000000000005240        0x0 /usr/lib/gcc/avr/6.2.0/../../../../avr/lib/avr51/libc.a(memcpy.o)
 .text          0x0000000000005240        0x0 /usr/lib/gcc/avr/6.2.0/../../../../avr/lib/avr51/libc.a(itoa_ncheck.o)
 .text          0x0000000000005240        0x0 /usr/lib/gcc/avr/6.2.0/../../../../avr/lib/avr51/libc.a(utoa_ncheck.o)
 .text          0x0000000000005240        0x0 /usr/lib/gcc/avr/6.2.0/../../../../avr/lib/avr51/libc.a(sprintf.o)
 .text          0x0000000000005240        0x0 /usr/lib/gcc/avr/6.2.0/../../../../avr/lib/avr51/libc.a(vfprintf_std.o)
 .text          0x0000000000005240        0x0 /usr/lib/gcc/avr/6.2.0/../../../../avr/lib/avr51/libc.a(strnlen_P.o)
 .text          0x0000000000005240        0x0 /usr/lib/gcc/avr/6.2.0/../../../../avr/lib/avr51/libc.a(strnlen.o)
 .text          0x0000000000005240        0x0 /usr/lib/gcc/avr/6.2.0/../../../../avr/lib/avr51/libc.a(strrev.o)
 .text          0x0000000000005240        0x0 /usr/lib/gcc/avr/6.2.0/../../../../avr/lib/avr51/libc.a(fputc.o)
 .text          0x0000000000005240        0x0 /usr/lib/gcc/avr/6.2.0/../../../../avr/lib/avr51/libc.a(ultoa_invert.o)
 .text          0x0000000000005240        0x0 /usr/lib/gcc/avr/6.2.0/../../../../avr/lib/avr51/libat90can128.a(eerd_byte.o)
 .text          0x0000000000005240        0x0 /usr/lib/gcc/avr/6.2.0/../../../../avr/lib/avr51/libat90can128.a(eerd_word.o)
 .text          0x0000000000005240        0x0 /usr/lib/gcc/avr/6.2.0/../../../../avr/lib/avr51/libat90can128.a(eewr_byte.o)
 .text          0x0000000000005240        0x0 /usr/lib/gcc/avr/6.2.0/../../../../avr/lib/avr51/libat90can128.a(eewr_word.o)
 .text          0x0000000000005240        0x0 /usr/lib/gcc/avr/6.2.0/../../../../avr/lib/avr51/libat90can128.a(eerd_block.o)
                0x0000000000005240                . = ALIGN (0x2)
 *(.text.*)
 .text.startup  0x0000000000005240       0x3c build/main.o
                0x0000000000005240                main
 .text.libgcc.mul
                0x000000000000527c       0x20 /usr/lib/gcc/avr/6.2.0/avr51/libgcc.a(_mulsi3.o)
                0x000000000000527c                __mulsi3
 .text.libgcc.div
                0x000000000000529c        0x0 /usr/lib/gcc/avr/6.2.0/avr51/libgcc.a(_mulsi3.o)
 .text.libgcc   0x000000000000529c        0x0 /usr/lib/gcc/avr/6.2.0/avr51/libgcc.a(_mulsi3.o)
 .text.libgcc.prologue
                0x000000000000529c        0x0 /usr/lib/gcc/avr/6.2.0/avr51/libgcc.a(_mulsi3.o)
 .text.libgcc.builtins
                0x000000000000529c        0x0 /usr/lib/gcc/avr/6.2.0/avr51/libgcc.a(_mulsi3.o)
 .text.libgcc.fmul
                0x000000000000529c        0x0 /usr/lib/gcc/avr/6.2.0/avr51/libgcc.a(_mulsi3.o)
 .text.libgcc.fixed
                0x000000000000529c        0x0 /usr/lib/gcc/avr/6.2.0/avr51/libgcc.a(_mulsi3.o)
 .text.libgcc.mul
                0x000000000000529c        0x0 /usr/lib/gcc/avr/6.2.0/avr51/libgcc.a(_udivmodqi4.o)
 .text.libgcc.div
                0x000000000000529c       0x18 /usr/lib/gcc/avr/6.2.0/avr51/libgcc.a(_udivmodqi4.o)
                0x000000000000529c                __udivmodqi4
 .text.libgcc   0x00000000000052b4        0x0 /usr/lib/gcc/avr/6.2.0/avr51/libgcc.a(_udivmodqi4.o)
 .text.libgcc.prologue
                0x00000000000052b4        0x0 /usr/lib/gcc/avr/6.2.0/avr51/libgcc.a(_udivmodqi4.o)
 .text.libgcc.builtins
                0x00000000000052b4        0x0 /usr/lib/gcc/avr/6.2.0/avr51/libgcc.a(_udivmodqi4.o)
 .text.libgcc.fmul
                0x00000000000052b4        0x0 /usr/lib/gcc/avr/6.2.0/avr51/libgcc.a(_udivmodqi4.o)
 .text.libgcc.fixed
                0x00000000000052b4        0x0 /usr/lib/gcc/avr/6.2.0/avr51/libgcc.a(_udivmodqi4.o)
 .text.libgcc.mul
                0x00000000000052b4        0x0 /usr/lib/gcc/avr/6.2.0/avr51/libgcc.a(_divmodqi4.o)
 .text.libgcc.div
                0x00000000000052b4       0x1c /usr/lib/gcc/avr/6.2.0/avr51/libgcc.a(_divmodqi4.o)
                0x00000000000052b4                __divmodqi4
 .text.libgcc   0x00000000000052d0        0x0 /usr/lib/gcc/avr/6.2.0/avr51/libgcc.a(_divmodqi4.o)
 .text.libgcc.prologue
                0x00000000000052d0        0x0 /usr/lib/gcc/avr/6.2.0/avr51/libgcc.a(_divmodqi4.o)
 .text.libgcc.builtins
                0x00000000000052d0        0x0 /usr/lib/gcc/avr/6.2.0/avr51/libgcc.a(_divmodqi4.o)
 .text.libgcc.fmul
                0x00000000000052d0        0x0 /usr/lib/gcc/avr/6.2.0/avr51/libgcc.a(_divmodqi4.o)
 .text.libgcc.fixed
                0x00000000000052d0        0x0 /usr/lib/gcc/avr/6.2.0/avr51/libgcc.a(_divmodqi4.o)
 .text.libgcc.mul
                0x00000000000052d0        0x0 /usr/lib/gcc/avr/6.2.0/avr51/libgcc.a(_udivmodhi4.o)
 .text.libgcc.div
                0x00000000000052d0       0x28 /usr/lib/gcc/avr/6.2.0/avr51/libgcc.a(_udivmodhi4.o)
                0x00000000000052d0                __udivmodhi4
 .text.libgcc   0x00000000000052f8        0x0 /usr/lib/gcc/avr/6.2.0/avr51/libgcc.a(_udivmodhi4.o)
 .text.libgcc.prologue
                0x00000000000052f8        0x0 /usr/lib/gcc/avr/6.2.0/avr51/libgcc.a(_udivmodhi4.o)
 .text.libgcc.builtins
                0x00000000000052f8        0x0 /usr/lib/gcc/avr/6.2.0/avr51/libgcc.a(_udivmodhi4.o)
 .text.libgcc.fmul
                0x00000000000052f8        0x0 /usr/lib/gcc/avr/6.2.0/avr51/libgcc.a(_udivmodhi4.o)
 .text.libgcc.fixed
                0x00000000000052f8        0x0 /usr/lib/gcc/avr/6.2.0/avr51/libgcc.a(_udivmodhi4.o)
 .text.libgcc.mul
                0x00000000000052f8        0x0 /usr/lib/gcc/avr/6.2.0/avr51/libgcc.a(_divmodhi4.o)
 .text.libgcc.div
                0x00000000000052f8       0x28 /usr/lib/gcc/avr/6.2.0/avr51/libgcc.a(_divmodhi4.o)
                0x00000000000052f8                __divmodhi4
                0x00000000000052f8                _div
 .text.libgcc   0x0000000000005320        0x0 /usr/lib/gcc/avr/6.2.0/avr51/libgcc.a(_divmodhi4.o)
 .text.libgcc.prologue
                0x0000000000005320        0x0 /usr/lib/gcc/avr/6.2.0/avr51/libgcc.a(_divmodhi4.o)
 .text.libgcc.builtins
                0x0000000000005320        0x0 /usr/lib/gcc/avr/6.2.0/avr51/libgcc.a(_divmodhi4.o)
 .text.libgcc.fmul
                0x0000000000005320        0x0 /usr/lib/gcc/avr/6.2.0/avr51/libgcc.a(_divmodhi4.o)
 .text.libgcc.fixed
                0x0000000000005320        0x0 /usr/lib/gcc/avr/6.2.0/avr51/libgcc.a(_divmodhi4.o)
 .text.libgcc.mul
                0x0000000000005320        0x0 /usr/lib/gcc/avr/6.2.0/avr51/libgcc.a(_udivmodsi4.o)
 .text.libgcc.div
                0x0000000000005320       0x44 /usr/lib/gcc/avr/6.2.0/avr51/libgcc.a(_udivmodsi4.o)
                0x0000000000005320                __udivmodsi4
 .text.libgcc   0x0000000000005364        0x0 /usr/lib/gcc/avr/6.2.0/avr51/libgcc.a(_udivmodsi4.o)
 .text.libgcc.prologue
                0x0000000000005364        0x0 /usr/lib/gcc/avr/6.2.0/avr51/libgcc.a(_udivmodsi4.o)
 .text.libgcc.builtins
                0x0000000000005364        0x0 /usr/lib/gcc/avr/6.2.0/avr51/libgcc.a(_udivmodsi4.o)
 .text.libgcc.fmul
                0x0000000000005364        0x0 /usr/lib/gcc/avr/6.2.0/avr51/libgcc.a(_udivmodsi4.o)
 .text.libgcc.fixed
                0x0000000000005364        0x0 /usr/lib/gcc/avr/6.2.0/avr51/libgcc.a(_udivmodsi4.o)
 .text.libgcc.mul
                0x0000000000005364        0x0 /usr/lib/gcc/avr/6.2.0/avr51/libgcc.a(_divmodsi4.o)
 .text.libgcc.div
                0x0000000000005364       0x2e /usr/lib/gcc/avr/6.2.0/avr51/libgcc.a(_divmodsi4.o)
                0x0000000000005364                __divmodsi4
 .text.libgcc   0x0000000000005392        0x0 /usr/lib/gcc/avr/6.2.0/avr51/libgcc.a(_divmodsi4.o)
 .text.libgcc.prologue
                0x0000000000005392        0x0 /usr/lib/gcc/avr/6.2.0/avr51/libgcc.a(_divmodsi4.o)
 .text.libgcc.builtins
                0x0000000000005392        0x0 /usr/lib/gcc/avr/6.2.0/avr51/libgcc.a(_divmodsi4.o)
 .text.libgcc.fmul
                0x0000000000005392        0x0 /usr/lib/gcc/avr/6.2.0/avr51/libgcc.a(_divmodsi4.o)
 .text.libgcc.fixed
                0x0000000000005392        0x0 /usr/lib/gcc/avr/6.2.0/avr51/libgcc.a(_divmodsi4.o)
 .text.libgcc.mul
                0x0000000000005392        0x0 /usr/lib/gcc/avr/6.2.0/avr51/libgcc.a(_negsi2.o)
 .text.libgcc.div
                0x0000000000005392       0x10 /usr/lib/gcc/avr/6.2.0/avr51/libgcc.a(_negsi2.o)
                0x0000000000005392                __negsi2
 .text.libgcc   0x00000000000053a2        0x0 /usr/lib/gcc/avr/6.2.0/avr51/libgcc.a(_negsi2.o)
 .text.libgcc.prologue
                0x00000000000053a2        0x0 /usr/lib/gcc/avr/6.2.0/avr51/libgcc.a(_negsi2.o)
 .text.libgcc.builtins
                0x00000000000053a2        0x0 /usr/lib/gcc/avr/6.2.0/avr51/libgcc.a(_negsi2.o)
 .text.libgcc.fmul
                0x00000000000053a2        0x0 /usr/lib/gcc/avr/6.2.0/avr51/libgcc.a(_negsi2.o)
 .text.libgcc.fixed
                0x00000000000053a2        0x0 /usr/lib/gcc/avr/6.2.0/avr51/libgcc.a(_negsi2.o)
 .text.libgcc.mul
                0x00000000000053a2        0x0 /usr/lib/gcc/avr/6.2.0/avr51/libgcc.a(_exit.o)
 .text.libgcc.div
                0x00000000000053a2        0x0 /usr/lib/gcc/avr/6.2.0/avr51/libgcc.a(_exit.o)
 .text.libgcc   0x00000000000053a2        0x0 /usr/lib/gcc/avr/6.2.0/avr51/libgcc.a(_exit.o)
 .text.libgcc.prologue
                0x00000000000053a2        0x0 /usr/lib/gcc/avr/6.2.0/avr51/libgcc.a(_exit.o)
 .text.libgcc.builtins
                0x00000000000053a2        0x0 /usr/lib/gcc/avr/6.2.0/avr51/libgcc.a(_exit.o)
 .text.libgcc.fmul
                0x00000000000053a2        0x0 /usr/lib/gcc/avr/6.2.0/avr51/libgcc.a(_exit.o)
 .text.libgcc.fixed
                0x00000000000053a2        0x0 /usr/lib/gcc/avr/6.2.0/avr51/libgcc.a(_exit.o)
 .text.libgcc.mul
                0x00000000000053a2        0x0 /usr/lib/gcc/avr/6.2.0/avr51/libgcc.a(_tablejump2.o)
 .text.libgcc.div
                0x00000000000053a2        0x0 /usr/lib/gcc/avr/6.2.0/avr51/libgcc.a(_tablejump2.o)
 .text.libgcc   0x00000000000053a2       0x12 /usr/lib/gcc/avr/6.2.0/avr51/libgcc.a(_tablejump2.o)
                0x00000000000053a2                __tablejump2__
 .text.libgcc.prologue
                0x00000000000053b4        0x0 /usr/lib/gcc/avr/6.2.0/avr51/libgcc.a(_tablejump2.o)
 .text.libgcc.builtins
                0x00000000000053b4        0x0 /usr/lib/gcc/avr/6.2.0/avr51/libgcc.a(_tablejump2.o)
 .text.libgcc.fmul
                0x00000000000053b4        0x0 /usr/lib/gcc/avr/6.2.0/avr51/libgcc.a(_tablejump2.o)
 .text.libgcc.fixed
                0x00000000000053b4        0x0 /usr/lib/gcc/avr/6.2.0/avr51/libgcc.a(_tablejump2.o)
 .text.libgcc.mul
                0x00000000000053b4        0x0 /usr/lib/gcc/avr/6.2.0/avr51/libgcc.a(_copy_data.o)
 .text.libgcc.div
                0x00000000000053b4        0x0 /usr/lib/gcc/avr/6.2.0/avr51/libgcc.a(_copy_data.o)
 .text.libgcc   0x00000000000053b4        0x0 /usr/lib/gcc/avr/6.2.0/avr51/libgcc.a(_copy_data.o)
 .text.libgcc.prologue
                0x00000000000053b4        0x0 /usr/lib/gcc/avr/6.2.0/avr51/libgcc.a(_copy_data.o)
 .text.libgcc.builtins
                0x00000000000053b4        0x0 /usr/lib/gcc/avr/6.2.0/avr51/libgcc.a(_copy_data.o)
 .text.libgcc.fmul
                0x00000000000053b4        0x0 /usr/lib/gcc/avr/6.2.0/avr51/libgcc.a(_copy_data.o)
 .text.libgcc.fixed
                0x00000000000053b4        0x0 /usr/lib/gcc/avr/6.2.0/avr51/libgcc.a(_copy_data.o)
 .text.libgcc.mul
                0x00000000000053b4        0x0 /usr/lib/gcc/avr/6.2.0/avr51/libgcc.a(_clear_bss.o)
 .text.libgcc.div
                0x00000000000053b4        0x0 /usr/lib/gcc/avr/6.2.0/avr51/libgcc.a(_clear_bss.o)
 .text.libgcc   0x00000000000053b4        0x0 /usr/lib/gcc/avr/6.2.0/avr51/libgcc.a(_clear_bss.o)
 .text.libgcc.prologue
                0x00000000000053b4        0x0 /usr/lib/gcc/avr/6.2.0/avr51/libgcc.a(_clear_bss.o)
 .text.libgcc.builtins
                0x00000000000053b4        0x0 /usr/lib/gcc/avr/6.2.0/avr51/libgcc.a(_clear_bss.o)
 .text.libgcc.fmul
                0x00000000000053b4        0x0 /usr/lib/gcc/avr/6.2.0/avr51/libgcc.a(_clear_bss.o)
 .text.libgcc.fixed
                0x00000000000053b4        0x0 /usr/lib/gcc/avr/6.2.0/avr51/libgcc.a(_clear_bss.o)
 .text.libgcc.mul
                0x00000000000053b4       0x16 /usr/lib/gcc/avr/6.2.0/avr51/libgcc.a(_muluhisi3.o)
                0x00000000000053b4                __muluhisi3
 .text.libgcc.div
                0x00000000000053ca        0x0 /usr/lib/gcc/avr/6.2.0/avr51/libgcc.a(_muluhisi3.o)
 .text.libgcc   0x00000000000053ca        0x0 /usr/lib/gcc/avr/6.2.0/avr51/libgcc.a(_muluhisi3.o)
 .text.libgcc.prologue
                0x00000000000053ca        0x0 /usr/lib/gcc/avr/6.2.0/avr51/libgcc.a(_muluhisi3.o)
 .text.libgcc.builtins
                0x00000000000053ca        0x0 /usr/lib/gcc/avr/6.2.0/avr51/libgcc.a(_muluhisi3.o)
 .text.libgcc.fmul
                0x00000000000053ca        0x0 /usr/lib/gcc/avr/6.2.0/avr51/libgcc.a(_muluhisi3.o)
 .text.libgcc.fixed
                0x00000000000053ca        0x0 /usr/lib/gcc/avr/6.2.0/avr51/libgcc.a(_muluhisi3.o)
 .text.libgcc.mul
                0x00000000000053ca       0x1e /usr/lib/gcc/avr/6.2.0/avr51/libgcc.a(_umulhisi3.o)
                0x00000000000053ca                __umulhisi3
 .text.libgcc.div
                0x00000000000053e8        0x0 /usr/lib/gcc/avr/6.2.0/avr51/libgcc.a(_umulhisi3.o)
 .text.libgcc   0x00000000000053e8        0x0 /usr/lib/gcc/avr/6.2.0/avr51/libgcc.a(_umulhisi3.o)
 .text.libgcc.prologue
                0x00000000000053e8        0x0 /usr/lib/gcc/avr/6.2.0/avr51/libgcc.a(_umulhisi3.o)
 .text.libgcc.builtins
                0x00000000000053e8        0x0 /usr/lib/gcc/avr/6.2.0/avr51/libgcc.a(_umulhisi3.o)
 .text.libgcc.fmul
                0x00000000000053e8        0x0 /usr/lib/gcc/avr/6.2.0/avr51/libgcc.a(_umulhisi3.o)
 .text.libgcc.fixed
                0x00000000000053e8        0x0 /usr/lib/gcc/avr/6.2.0/avr51/libgcc.a(_umulhisi3.o)
 .text.avr-libc.fplib
                0x00000000000053e8        0xe /usr/lib/gcc/avr/6.2.0/../../../../avr/lib/avr51/libm.a(addsf3.o)
                0x00000000000053e8                __subsf3
                0x00000000000053ea                __addsf3
 .text.avr-libc.fplib
                0x00000000000053f6       0xcc /usr/lib/gcc/avr/6.2.0/../../../../avr/lib/avr51/libm.a(addsf3x.o)
                0x0000000000005418                __addsf3x
 .text.avr-libc.fplib
                0x00000000000054c2        0xa /usr/lib/gcc/avr/6.2.0/../../../../avr/lib/avr51/libm.a(cmpsf2.o)
                0x00000000000054c2                __lesf2
                0x00000000000054c2                __nesf2
                0x00000000000054c2                __eqsf2
                0x00000000000054c2                __cmpsf2
                0x00000000000054c2                __ltsf2
 .text.avr-libc.fplib
                0x00000000000054cc        0x8 /usr/lib/gcc/avr/6.2.0/../../../../avr/lib/avr51/libm.a(divsf3.o)
                0x00000000000054cc                __divsf3
 .text.avr-libc.fplib
                0x00000000000054d4       0xdc /usr/lib/gcc/avr/6.2.0/../../../../avr/lib/avr51/libm.a(divsf3x.o)
                0x00000000000054f4                __divsf3x
                0x00000000000054fa                __divsf3_pse
 .text.avr-libc.fplib
                0x00000000000055b0        0xe /usr/lib/gcc/avr/6.2.0/../../../../avr/lib/avr51/libm.a(fixsfsi.o)
                0x00000000000055b0                __fixsfsi
 .text.avr-libc.fplib
                0x00000000000055be       0x5e /usr/lib/gcc/avr/6.2.0/../../../../avr/lib/avr51/libm.a(fixunssfsi.o)
                0x00000000000055be                __fixunssfsi
 .text.avr-libc.fplib
                0x000000000000561c       0x7a /usr/lib/gcc/avr/6.2.0/../../../../avr/lib/avr51/libm.a(floatsisf.o)
                0x000000000000561c                __floatunsisf
                0x0000000000005620                __floatsisf
 .text.avr-libc.fplib
                0x0000000000005696       0x48 /usr/lib/gcc/avr/6.2.0/../../../../avr/lib/avr51/libm.a(fp_cmp.o)
                0x0000000000005696                __fp_cmp
 .text.avr-libc.fplib
                0x00000000000056de        0xc /usr/lib/gcc/avr/6.2.0/../../../../avr/lib/avr51/libm.a(fp_inf.o)
                0x00000000000056de                __fp_inf
 .text.avr-libc.fplib
                0x00000000000056ea        0x6 /usr/lib/gcc/avr/6.2.0/../../../../avr/lib/avr51/libm.a(fp_nan.o)
                0x00000000000056ea                __fp_nan
 .text.avr-libc.fplib
                0x00000000000056f0        0xe /usr/lib/gcc/avr/6.2.0/../../../../avr/lib/avr51/libm.a(fp_pscA.o)
                0x00000000000056f0                __fp_pscA
 .text.avr-libc.fplib
                0x00000000000056fe        0xe /usr/lib/gcc/avr/6.2.0/../../../../avr/lib/avr51/libm.a(fp_pscB.o)
                0x00000000000056fe                __fp_pscB
 .text.avr-libc.fplib
                0x000000000000570c       0x22 /usr/lib/gcc/avr/6.2.0/../../../../avr/lib/avr51/libm.a(fp_round.o)
                0x000000000000570c                __fp_round
 .text.avr-libc.fplib
                0x000000000000572e       0x44 /usr/lib/gcc/avr/6.2.0/../../../../avr/lib/avr51/libm.a(fp_split3.o)
                0x000000000000572e                __fp_split3
                0x000000000000573e                __fp_splitA
 .text.avr-libc.fplib
                0x0000000000005772        0xe /usr/lib/gcc/avr/6.2.0/../../../../avr/lib/avr51/libm.a(fp_zero.o)
                0x0000000000005772                __fp_zero
                0x0000000000005774                __fp_szero
 .text.avr-libc.fplib
                0x0000000000005780        0xa /usr/lib/gcc/avr/6.2.0/../../../../avr/lib/avr51/libm.a(gesf2.o)
                0x0000000000005780                __gtsf2
                0x0000000000005780                __gesf2
 .text.avr-libc.fplib
                0x000000000000578a        0x8 /usr/lib/gcc/avr/6.2.0/../../../../avr/lib/avr51/libm.a(mulsf3.o)
                0x000000000000578a                __mulsf3
 .text.avr-libc.fplib
                0x0000000000005792       0xd2 /usr/lib/gcc/avr/6.2.0/../../../../avr/lib/avr51/libm.a(mulsf3x.o)
                0x00000000000057b0                __mulsf3x
                0x00000000000057b6                __mulsf3_pse
 .text.avr-libc
                0x0000000000005864       0x12 /usr/lib/gcc/avr/6.2.0/../../../../avr/lib/avr51/libc.a(memcpy.o)
                0x0000000000005864                memcpy
 .text.avr-libc
                0x0000000000005876       0x16 /usr/lib/gcc/avr/6.2.0/../../../../avr/lib/avr51/libc.a(itoa_ncheck.o)
                0x0000000000005876                __itoa_ncheck
 .text.avr-libc
                0x000000000000588c       0x34 /usr/lib/gcc/avr/6.2.0/../../../../avr/lib/avr51/libc.a(utoa_ncheck.o)
                0x000000000000588c                __utoa_ncheck
                0x000000000000588e                __utoa_common
 .text.avr-libc
                0x00000000000058c0       0x60 /usr/lib/gcc/avr/6.2.0/../../../../avr/lib/avr51/libc.a(sprintf.o)
                0x00000000000058c0                sprintf
 .text.avr-libc
                0x0000000000005920      0x42a /usr/lib/gcc/avr/6.2.0/../../../../avr/lib/avr51/libc.a(vfprintf_std.o)
                0x0000000000005920                vfprintf
 .text.avr-libc
                0x0000000000005d4a       0x16 /usr/lib/gcc/avr/6.2.0/../../../../avr/lib/avr51/libc.a(strnlen_P.o)
                0x0000000000005d4a                strnlen_P
 .text.avr-libc
                0x0000000000005d60       0x16 /usr/lib/gcc/avr/6.2.0/../../../../avr/lib/avr51/libc.a(strnlen.o)
                0x0000000000005d60                strnlen
 .text.avr-libc
                0x0000000000005d76       0x20 /usr/lib/gcc/avr/6.2.0/../../../../avr/lib/avr51/libc.a(strrev.o)
                0x0000000000005d76                strrev
 .text.avr-libc
                0x0000000000005d96       0x60 /usr/lib/gcc/avr/6.2.0/../../../../avr/lib/avr51/libc.a(fputc.o)
                0x0000000000005d96                fputc
 .text.avr-libc
                0x0000000000005df6       0xbc /usr/lib/gcc/avr/6.2.0/../../../../avr/lib/avr51/libc.a(ultoa_invert.o)
                0x0000000000005df6                __ultoa_invert
 .text.avr-libc
                0x0000000000005eb2       0x10 /usr/lib/gcc/avr/6.2.0/../../../../avr/lib/avr51/libat90can128.a(eerd_byte.o)
                0x0000000000005eb2                eeprom_read_byte
 .text.avr-libc
                0x0000000000005ec2        0xc /usr/lib/gcc/avr/6.2.0/../../../../avr/lib/avr51/libat90can128.a(eerd_word.o)
                0x0000000000005ec2                eeprom_read_word
 .text.avr-libc
                0x0000000000005ece       0x1a /usr/lib/gcc/avr/6.2.0/../../../../avr/lib/avr51/libat90can128.a(eewr_byte.o)
                0x0000000000005ece                eeprom_write_byte
                0x0000000000005ed0                eeprom_write_r18
 .text.avr-libc
                0x0000000000005ee8        0xa /usr/lib/gcc/avr/6.2.0/../../../../avr/lib/avr51/libat90can128.a(eewr_word.o)
                0x0000000000005ee8                eeprom_write_word
 .text.avr-libc
                0x0000000000005ef2       0x20 /usr/lib/gcc/avr/6.2.0/../../../../avr/lib/avr51/libat90can128.a(eerd_block.o)
                0x0000000000005ef2                eeprom_read_block
                0x0000000000005ef6                eeprom_read_blraw
                0x0000000000005f12                . = ALIGN (0x2)
 *(.fini9)
 .fini9         0x0000000000005f12        0x0 /usr/lib/gcc/avr/6.2.0/avr51/libgcc.a(_exit.o)
                0x0000000000005f12                exit
                0x0000000000005f12                _exit
 *(.fini9)
 *(.fini8)
 *(.fini8)
 *(.fini7)
 *(.fini7)
 *(.fini6)
 *(.fini6)
 *(.fini5)
 *(.fini5)
 *(.fini4)
 *(.fini4)
 *(.fini3)
 *(.fini3)
 *(.fini2)
 *(.fini2)
 *(.fini1)
 *(.fini1)
 *(.fini0)
 .fini0         0x0000000000005f12        0x4 /usr/lib/gcc/avr/6.2.0/avr51/libgcc.a(_exit.o)
 *(.fini0)
                0x0000000000005f16                _etext = .

.data           0x0000000000800100      0x250 load address 0x0000000000005f16
                0x0000000000800100                PROVIDE (__data_start, .)
 *(.data)
 .data          0x0000000000800100        0x0 /usr/lib/gcc/avr/6.2.0/../../../../avr/lib/avr51/crtat90can128.o
 .data          0x0000000000800100        0x0 build/main.o
 .data          0x0000000000800100        0x0 build/i2c.o
 .data          0x0000000000800100        0x0 build/lcd.o
 .data          0x0000000000800100        0x0 build/task_button.o
 .data          0x0000000000800100        0x0 build/task_i2c.o
 .data          0x0000000000800100        0x0 build/task_can.o
 .data          0x0000000000800100        0x0 build/task_gui.o
 .data          0x0000000000800100        0x0 build/task_watchdog.o
 .data          0x0000000000800100        0x0 build/task_charge.o
 .data          0x0000000000800100        0x0 build/task_safety.o
 .data          0x0000000000800100        0x0 build/task_config.o
 .data          0x0000000000800100        0x0 build/task_heartbeat.o
 .data          0x0000000000800100        0x0 build/tasklist.o
 .data          0x0000000000800100        0x0 build/atomport-asm.o
 .data          0x0000000000800100        0x0 build/atomkernel.o
 .data          0x0000000000800100        0x0 build/atomsem.o
 .data          0x0000000000800100        0x0 build/atommutex.o
 .data          0x0000000000800100        0x0 build/atomtimer.o
 .data          0x0000000000800100        0x0 build/atomqueue.o
 .data          0x0000000000800100        0x0 build/atomport.o
 .data          0x0000000000800100        0x1 build/atmel/TWI_Master.o
 .data          0x0000000000800101        0x0 build/atmel/can_lib.o
 .data          0x0000000000800101        0x0 build/atmel/can_drv.o
 .data          0x0000000000800101        0x0 /usr/lib/gcc/avr/6.2.0/avr51/libgcc.a(_mulsi3.o)
 .data          0x0000000000800101        0x0 /usr/lib/gcc/avr/6.2.0/avr51/libgcc.a(_udivmodqi4.o)
 .data          0x0000000000800101        0x0 /usr/lib/gcc/avr/6.2.0/avr51/libgcc.a(_divmodqi4.o)
 .data          0x0000000000800101        0x0 /usr/lib/gcc/avr/6.2.0/avr51/libgcc.a(_udivmodhi4.o)
 .data          0x0000000000800101        0x0 /usr/lib/gcc/avr/6.2.0/avr51/libgcc.a(_divmodhi4.o)
 .data          0x0000000000800101        0x0 /usr/lib/gcc/avr/6.2.0/avr51/libgcc.a(_udivmodsi4.o)
 .data          0x0000000000800101        0x0 /usr/lib/gcc/avr/6.2.0/avr51/libgcc.a(_divmodsi4.o)
 .data          0x0000000000800101        0x0 /usr/lib/gcc/avr/6.2.0/avr51/libgcc.a(_negsi2.o)
 .data          0x0000000000800101        0x0 /usr/lib/gcc/avr/6.2.0/avr51/libgcc.a(_exit.o)
 .data          0x0000000000800101        0x0 /usr/lib/gcc/avr/6.2.0/avr51/libgcc.a(_tablejump2.o)
 .data          0x0000000000800101        0x0 /usr/lib/gcc/avr/6.2.0/avr51/libgcc.a(_copy_data.o)
 .data          0x0000000000800101        0x0 /usr/lib/gcc/avr/6.2.0/avr51/libgcc.a(_clear_bss.o)
 .data          0x0000000000800101        0x0 /usr/lib/gcc/avr/6.2.0/avr51/libgcc.a(_muluhisi3.o)
 .data          0x0000000000800101        0x0 /usr/lib/gcc/avr/6.2.0/avr51/libgcc.a(_umulhisi3.o)
 .data          0x0000000000800101        0x0 /usr/lib/gcc/avr/6.2.0/../../../../avr/lib/avr51/libm.a(addsf3.o)
 .data          0x0000000000800101        0x0 /usr/lib/gcc/avr/6.2.0/../../../../avr/lib/avr51/libm.a(addsf3x.o)
 .data          0x0000000000800101        0x0 /usr/lib/gcc/avr/6.2.0/../../../../avr/lib/avr51/libm.a(cmpsf2.o)
 .data          0x0000000000800101        0x0 /usr/lib/gcc/avr/6.2.0/../../../../avr/lib/avr51/libm.a(divsf3.o)
 .data          0x0000000000800101        0x0 /usr/lib/gcc/avr/6.2.0/../../../../avr/lib/avr51/libm.a(divsf3x.o)
 .data          0x0000000000800101        0x0 /usr/lib/gcc/avr/6.2.0/../../../../avr/lib/avr51/libm.a(fixsfsi.o)
 .data          0x0000000000800101        0x0 /usr/lib/gcc/avr/6.2.0/../../../../avr/lib/avr51/libm.a(fixunssfsi.o)
 .data          0x0000000000800101        0x0 /usr/lib/gcc/avr/6.2.0/../../../../avr/lib/avr51/libm.a(floatsisf.o)
 .data          0x0000000000800101        0x0 /usr/lib/gcc/avr/6.2.0/../../../../avr/lib/avr51/libm.a(fp_cmp.o)
 .data          0x0000000000800101        0x0 /usr/lib/gcc/avr/6.2.0/../../../../avr/lib/avr51/libm.a(fp_inf.o)
 .data          0x0000000000800101        0x0 /usr/lib/gcc/avr/6.2.0/../../../../avr/lib/avr51/libm.a(fp_nan.o)
 .data          0x0000000000800101        0x0 /usr/lib/gcc/avr/6.2.0/../../../../avr/lib/avr51/libm.a(fp_pscA.o)
 .data          0x0000000000800101        0x0 /usr/lib/gcc/avr/6.2.0/../../../../avr/lib/avr51/libm.a(fp_pscB.o)
 .data          0x0000000000800101        0x0 /usr/lib/gcc/avr/6.2.0/../../../../avr/lib/avr51/libm.a(fp_round.o)
 .data          0x0000000000800101        0x0 /usr/lib/gcc/avr/6.2.0/../../../../avr/lib/avr51/libm.a(fp_split3.o)
 .data          0x0000000000800101        0x0 /usr/lib/gcc/avr/6.2.0/../../../../avr/lib/avr51/libm.a(fp_zero.o)
 .data          0x0000000000800101        0x0 /usr/lib/gcc/avr/6.2.0/../../../../avr/lib/avr51/libm.a(gesf2.o)
 .data          0x0000000000800101        0x0 /usr/lib/gcc/avr/6.2.0/../../../../avr/lib/avr51/libm.a(mulsf3.o)
 .data          0x0000000000800101        0x0 /usr/lib/gcc/avr/6.2.0/../../../../avr/lib/avr51/libm.a(mulsf3x.o)
 .data          0x0000000000800101        0x0 /usr/lib/gcc/avr/6.2.0/../../../../avr/lib/avr51/libc.a(memcpy.o)
 .data          0x0000000000800101        0x0 /usr/lib/gcc/avr/6.2.0/../../../../avr/lib/avr51/libc.a(itoa_ncheck.o)
 .data          0x0000000000800101        0x0 /usr/lib/gcc/avr/6.2.0/../../../../avr/lib/avr51/libc.a(utoa_ncheck.o)
 .data          0x0000000000800101        0x0 /usr/lib/gcc/avr/6.2.0/../../../../avr/lib/avr51/libc.a(sprintf.o)
 .data          0x0000000000800101        0x0 /usr/lib/gcc/avr/6.2.0/../../../../avr/lib/avr51/libc.a(vfprintf_std.o)
 .data          0x0000000000800101        0x0 /usr/lib/gcc/avr/6.2.0/../../../../avr/lib/avr51/libc.a(strnlen_P.o)
 .data          0x0000000000800101        0x0 /usr/lib/gcc/avr/6.2.0/../../../../avr/lib/avr51/libc.a(strnlen.o)
 .data          0x0000000000800101        0x0 /usr/lib/gcc/avr/6.2.0/../../../../avr/lib/avr51/libc.a(strrev.o)
 .data          0x0000000000800101        0x0 /usr/lib/gcc/avr/6.2.0/../../../../avr/lib/avr51/libc.a(fputc.o)
 .data          0x0000000000800101        0x0 /usr/lib/gcc/avr/6.2.0/../../../../avr/lib/avr51/libc.a(ultoa_invert.o)
 .data          0x0000000000800101        0x0 /usr/lib/gcc/avr/6.2.0/../../../../avr/lib/avr51/libat90can128.a(eerd_byte.o)
 .data          0x0000000000800101        0x0 /usr/lib/gcc/avr/6.2.0/../../../../avr/lib/avr51/libat90can128.a(eerd_word.o)
 .data          0x0000000000800101        0x0 /usr/lib/gcc/avr/6.2.0/../../../../avr/lib/avr51/libat90can128.a(eewr_byte.o)
 .data          0x0000000000800101        0x0 /usr/lib/gcc/avr/6.2.0/../../../../avr/lib/avr51/libat90can128.a(eewr_word.o)
 .data          0x0000000000800101        0x0 /usr/lib/gcc/avr/6.2.0/../../../../avr/lib/avr51/libat90can128.a(eerd_block.o)
 *(.data*)
 *(.rodata)
 .rodata        0x0000000000800101        0x8 build/i2c.o
 .rodata        0x0000000000800109      0x190 build/lcd.o
 .rodata        0x0000000000800299       0x87 build/tasklist.o
                0x0000000000800299                task_list
 *(.rodata*)
 .rodata.str1.1
                0x0000000000800320       0x30 build/lcd.o
 *(.gnu.linkonce.d*)
                0x0000000000800350                . = ALIGN (0x2)
                0x0000000000800350                _edata = .
                0x0000000000800350                PROVIDE (__data_end, .)

.bss            0x0000000000800350      0xb5b
                0x0000000000800350                PROVIDE (__bss_start, .)
 *(.bss)
 .bss           0x0000000000800350        0x0 /usr/lib/gcc/avr/6.2.0/../../../../avr/lib/avr51/crtat90can128.o
 .bss           0x0000000000800350      0x200 build/main.o
 .bss           0x0000000000800550        0x0 build/i2c.o
 .bss           0x0000000000800550        0x0 build/lcd.o
 .bss           0x0000000000800550        0x0 build/task_button.o
 .bss           0x0000000000800550        0x0 build/task_i2c.o
 .bss           0x0000000000800550        0x0 build/task_can.o
 .bss           0x0000000000800550        0x0 build/task_gui.o
 .bss           0x0000000000800550        0x0 build/task_watchdog.o
 .bss           0x0000000000800550        0x0 build/task_charge.o
 .bss           0x0000000000800550        0x0 build/task_safety.o
 .bss           0x0000000000800550        0x0 build/task_config.o
 .bss           0x0000000000800550        0x0 build/task_heartbeat.o
 .bss           0x0000000000800550      0x7a1 build/tasklist.o
 .bss           0x0000000000800cf1        0x0 build/atomport-asm.o
 .bss           0x0000000000800cf1       0x18 build/atomkernel.o
                0x0000000000800cf1                atomOSStarted
                0x0000000000800cf2                tcbReadyQ
 .bss           0x0000000000800d09        0x0 build/atomsem.o
 .bss           0x0000000000800d09        0x0 build/atommutex.o
 .bss           0x0000000000800d09        0x6 build/atomtimer.o
 .bss           0x0000000000800d0f        0x0 build/atomqueue.o
 .bss           0x0000000000800d0f        0x0 build/atomport.o
 .bss           0x0000000000800d0f        0x7 build/atmel/TWI_Master.o
                0x0000000000800d0f                TWI_statusReg
 .bss           0x0000000000800d16        0x0 build/atmel/can_lib.o
 .bss           0x0000000000800d16        0x0 build/atmel/can_drv.o
 .bss           0x0000000000800d16        0x0 /usr/lib/gcc/avr/6.2.0/avr51/libgcc.a(_mulsi3.o)
 .bss           0x0000000000800d16        0x0 /usr/lib/gcc/avr/6.2.0/avr51/libgcc.a(_udivmodqi4.o)
 .bss           0x0000000000800d16        0x0 /usr/lib/gcc/avr/6.2.0/avr51/libgcc.a(_divmodqi4.o)
 .bss           0x0000000000800d16        0x0 /usr/lib/gcc/avr/6.2.0/avr51/libgcc.a(_udivmodhi4.o)
 .bss           0x0000000000800d16        0x0 /usr/lib/gcc/avr/6.2.0/avr51/libgcc.a(_divmodhi4.o)
 .bss           0x0000000000800d16        0x0 /usr/lib/gcc/avr/6.2.0/avr51/libgcc.a(_udivmodsi4.o)
 .bss           0x0000000000800d16        0x0 /usr/lib/gcc/avr/6.2.0/avr51/libgcc.a(_divmodsi4.o)
 .bss           0x0000000000800d16        0x0 /usr/lib/gcc/avr/6.2.0/avr51/libgcc.a(_negsi2.o)
 .bss           0x0000000000800d16        0x0 /usr/lib/gcc/avr/6.2.0/avr51/libgcc.a(_exit.o)
 .bss           0x0000000000800d16        0x0 /usr/lib/gcc/avr/6.2.0/avr51/libgcc.a(_tablejump2.o)
 .bss           0x0000000000800d16        0x0 /usr/lib/gcc/avr/6.2.0/avr51/libgcc.a(_copy_data.o)
 .bss           0x0000000000800d16        0x0 /usr/lib/gcc/avr/6.2.0/avr51/libgcc.a(_clear_bss.o)
 .bss           0x0000000000800d16        0x0 /usr/lib/gcc/avr/6.2.0/avr51/libgcc.a(_muluhisi3.o)
 .bss           0x0000000000800d16        0x0 /usr/lib/gcc/avr/6.2.0/avr51/libgcc.a(_umulhisi3.o)
 .bss           0x0000000000800d16        0x0 /usr/lib/gcc/avr/6.2.0/../../../../avr/lib/avr51/libm.a(addsf3.o)
 .bss           0x0000000000800d16        0x0 /usr/lib/gcc/avr/6.2.0/../../../../avr/lib/avr51/libm.a(addsf3x.o)
 .bss           0x0000000000800d16        0x0 /usr/lib/gcc/avr/6.2.0/../../../../avr/lib/avr51/libm.a(cmpsf2.o)
 .bss           0x0000000000800d16        0x0 /usr/lib/gcc/avr/6.2.0/../../../../avr/lib/avr51/libm.a(divsf3.o)
 .bss           0x0000000000800d16        0x0 /usr/lib/gcc/avr/6.2.0/../../../../avr/lib/avr51/libm.a(divsf3x.o)
 .bss           0x0000000000800d16        0x0 /usr/lib/gcc/avr/6.2.0/../../../../avr/lib/avr51/libm.a(fixsfsi.o)
 .bss           0x0000000000800d16        0x0 /usr/lib/gcc/avr/6.2.0/../../../../avr/lib/avr51/libm.a(fixunssfsi.o)
 .bss           0x0000000000800d16        0x0 /usr/lib/gcc/avr/6.2.0/../../../../avr/lib/avr51/libm.a(floatsisf.o)
 .bss           0x0000000000800d16        0x0 /usr/lib/gcc/avr/6.2.0/../../../../avr/lib/avr51/libm.a(fp_cmp.o)
 .bss           0x0000000000800d16        0x0 /usr/lib/gcc/avr/6.2.0/../../../../avr/lib/avr51/libm.a(fp_inf.o)
 .bss           0x0000000000800d16        0x0 /usr/lib/gcc/avr/6.2.0/../../../../avr/lib/avr51/libm.a(fp_nan.o)
 .bss           0x0000000000800d16        0x0 /usr/lib/gcc/avr/6.2.0/../../../../avr/lib/avr51/libm.a(fp_pscA.o)
 .bss           0x0000000000800d16        0x0 /usr/lib/gcc/avr/6.2.0/../../../../avr/lib/avr51/libm.a(fp_pscB.o)
 .bss           0x0000000000800d16        0x0 /usr/lib/gcc/avr/6.2.0/../../../../avr/lib/avr51/libm.a(fp_round.o)
 .bss           0x0000000000800d16        0x0 /usr/lib/gcc/avr/6.2.0/../../../../avr/lib/avr51/libm.a(fp_split3.o)
 .bss           0x0000000000800d16        0x0 /usr/lib/gcc/avr/6.2.0/../../../../avr/lib/avr51/libm.a(fp_zero.o)
 .bss           0x0000000000800d16        0x0 /usr/lib/gcc/avr/6.2.0/../../../../avr/lib/avr51/libm.a(gesf2.o)
 .bss           0x0000000000800d16        0x0 /usr/lib/gcc/avr/6.2.0/../../../../avr/lib/avr51/libm.a(mulsf3.o)
 .bss           0x0000000000800d16        0x0 /usr/lib/gcc/avr/6.2.0/../../../../avr/lib/avr51/libm.a(mulsf3x.o)
 .bss           0x0000000000800d16        0x0 /usr/lib/gcc/avr/6.2.0/../../../../avr/lib/avr51/libc.a(memcpy.o)
 .bss           0x0000000000800d16        0x0 /usr/lib/gcc/avr/6.2.0/../../../../avr/lib/avr51/libc.a(itoa_ncheck.o)
 .bss           0x0000000000800d16        0x0 /usr/lib/gcc/avr/6.2.0/../../../../avr/lib/avr51/libc.a(utoa_ncheck.o)
 .bss           0x0000000000800d16        0x0 /usr/lib/gcc/avr/6.2.0/../../../../avr/lib/avr51/libc.a(sprintf.o)
 .bss           0x0000000000800d16        0x0 /usr/lib/gcc/avr/6.2.0/../../../../avr/lib/avr51/libc.a(vfprintf_std.o)
 .bss           0x0000000000800d16        0x0 /usr/lib/gcc/avr/6.2.0/../../../../avr/lib/avr51/libc.a(strnlen_P.o)
 .bss           0x0000000000800d16        0x0 /usr/lib/gcc/avr/6.2.0/../../../../avr/lib/avr51/libc.a(strnlen.o)
 .bss           0x0000000000800d16        0x0 /usr/lib/gcc/avr/6.2.0/../../../../avr/lib/avr51/libc.a(strrev.o)
 .bss           0x0000000000800d16        0x0 /usr/lib/gcc/avr/6.2.0/../../../../avr/lib/avr51/libc.a(fputc.o)
 .bss           0x0000000000800d16        0x0 /usr/lib/gcc/avr/6.2.0/../../../../avr/lib/avr51/libc.a(ultoa_invert.o)
 .bss           0x0000000000800d16        0x0 /usr/lib/gcc/avr/6.2.0/../../../../avr/lib/avr51/libat90can128.a(eerd_byte.o)
 .bss           0x0000000000800d16        0x0 /usr/lib/gcc/avr/6.2.0/../../../../avr/lib/avr51/libat90can128.a(eerd_word.o)
 .bss           0x0000000000800d16        0x0 /usr/lib/gcc/avr/6.2.0/../../../../avr/lib/avr51/libat90can128.a(eewr_byte.o)
 .bss           0x0000000000800d16        0x0 /usr/lib/gcc/avr/6.2.0/../../../../avr/lib/avr51/libat90can128.a(eewr_word.o)
 .bss           0x0000000000800d16        0x0 /usr/lib/gcc/avr/6.2.0/../../../../avr/lib/avr51/libat90can128.a(eerd_block.o)
 *(.bss*)
 *(COMMON)
 COMMON         0x0000000000800d16      0x18e build/main.o
                0x0000000000800d16                button_enter
                0x0000000000800d17                Pack_State_Strings
                0x0000000000800d25                ams_voltage
                0x0000000000800d27                cell_status
                0x0000000000800d2e                pack_SOC
                0x0000000000800d2f                display_2
                0x0000000000800d43                cell_Tslp
                0x0000000000800d5f                address
                0x0000000000800d63                lcd_flag
                0x0000000000800d64                CANADD_PACKINFO1
                0x0000000000800d66                ams_temp
                0x0000000000800d68                PACK_NUM
                0x0000000000800d69                ams_board_addr
                0x0000000000800d79                v_select
                0x0000000000800d7b                pack_current
                0x0000000000800d7f                can_frame_ctrl
                0x0000000000800d81                sloop_state
                0x0000000000800d82                CANADD_CELLINFO
                0x0000000000800d84                cell_T
                0x0000000000800d92                adc_value
                0x0000000000800d96                pack_state
                0x0000000000800d98                cell_Voff
                0x0000000000800da6                display_0
                0x0000000000800dba                curr_pack_id
                0x0000000000800dbc                fault_code
                0x0000000000800dbd                bypass_flag
                0x0000000000800dbe                A_mutex
                0x0000000000800dc3                off_result
                0x0000000000800dc8                can_frame
                0x0000000000800dd5                curr_can_addr
                0x0000000000800dda                curr_num_cells
                0x0000000000800ddc                next_num_cells
                0x0000000000800dde                pack_num_choice
                0x0000000000800ddf                flt_cnd
                0x0000000000800de4                ams_serial_array
                0x0000000000800e24                display_1
                0x0000000000800e38                cell_num_choice
                0x0000000000800e39                LOW_DET
                0x0000000000800e3a                sel
                0x0000000000800e3b                can_buff
                0x0000000000800e43                prev_pack_SOC
                0x0000000000800e44                pack_voltage
                0x0000000000800e46                pack_coulombs
                0x0000000000800e4a                button_down
                0x0000000000800e4b                cell
                0x0000000000800e4c                slp_result
                0x0000000000800e51                ams_board_count
                0x0000000000800e52                can_frame_id
                0x0000000000800e56                CHRG_DET
                0x0000000000800e57                cell_V
                0x0000000000800e65                addr_choice
                0x0000000000800e67                CANADD_PACKINFO2
                0x0000000000800e69                cell_Toff
                0x0000000000800e77                shunt_voltage
                0x0000000000800e79                button_up
                0x0000000000800e7a                num_cells
                0x0000000000800e7b                cell_Vslp
                0x0000000000800e89                display_3
                0x0000000000800e9d                next_pack_id
                0x0000000000800e9f                next_can_addr
 COMMON         0x0000000000800ea4        0x5 build/i2c.o
                0x0000000000800ea4                i2c_mutex
 COMMON         0x0000000000800ea9        0x2 build/task_can.o
                0x0000000000800ea9                i
                0x0000000000800eab                PROVIDE (__bss_end, .)
                0x0000000000005f16                __data_load_start = LOADADDR (.data)
                0x0000000000006166                __data_load_end = (__data_load_start + SIZEOF (.data))

.noinit         0x0000000000800eab        0x0
                [!provide]                        PROVIDE (__noinit_start, .)
 *(.noinit*)
                [!provide]                        PROVIDE (__noinit_end, .)
                0x0000000000800eab                _end = .
                [!provide]                        PROVIDE (__heap_start, .)

.eeprom         0x0000000000810000        0x0
 *(.eeprom*)
                0x0000000000810000                __eeprom_end = .

.fuse
 *(.fuse)
 *(.lfuse)
 *(.hfuse)
 *(.efuse)

.lock
 *(.lock*)

.signature
 *(.signature*)

.stab           0x0000000000000000     0xfee8
 *(.stab)
 .stab          0x0000000000000000      0xb04 build/main.o
 .stab          0x0000000000000b04     0x19ec build/i2c.o
                                       0x1cd4 (size before relaxing)
 .stab          0x00000000000024f0     0x1a88 build/lcd.o
                                       0x1e90 (size before relaxing)
 .stab          0x0000000000003f78      0x63c build/task_button.o
                                        0x9b4 (size before relaxing)
 .stab          0x00000000000045b4      0xad4 build/task_i2c.o
                                        0xee8 (size before relaxing)
 .stab          0x0000000000005088      0xa20 build/task_can.o
                                        0xd08 (size before relaxing)
 .stab          0x0000000000005aa8      0x828 build/task_gui.o
                                        0xc30 (size before relaxing)
 .stab          0x00000000000062d0      0x384 build/task_watchdog.o
                                        0x5d0 (size before relaxing)
 .stab          0x0000000000006654      0x9f0 build/task_charge.o
                                        0xe1c (size before relaxing)
 .stab          0x0000000000007044      0x618 build/task_safety.o
                                        0x990 (size before relaxing)
 .stab          0x000000000000765c      0xcfc build/task_config.o
                                       0x1140 (size before relaxing)
 .stab          0x0000000000008358      0x624 build/task_heartbeat.o
                                        0x99c (size before relaxing)
 .stab          0x000000000000897c      0x7bc build/tasklist.o
                                        0xbe8 (size before relaxing)
 .stab          0x0000000000009138      0x390 build/atomport-asm.o
                                        0x39c (size before relaxing)
 .stab          0x00000000000094c8      0xe28 build/atomkernel.o
                                        0xff0 (size before relaxing)
 .stab          0x000000000000a2f0      0xb94 build/atomsem.o
                                        0xdc8 (size before relaxing)
 .stab          0x000000000000ae84      0xb28 build/atommutex.o
                                        0xdb0 (size before relaxing)
 .stab          0x000000000000b9ac      0x93c build/atomtimer.o
                                        0xbc4 (size before relaxing)
 .stab          0x000000000000c2e8      0xf84 build/atomqueue.o
                                       0x120c (size before relaxing)
 .stab          0x000000000000d26c      0x618 build/atomport.o
                                        0x864 (size before relaxing)
 .stab          0x000000000000d884      0x768 build/atmel/TWI_Master.o
                                        0x948 (size before relaxing)
 .stab          0x000000000000dfec      0xa5c build/atmel/can_lib.o
                                        0xce4 (size before relaxing)
 .stab          0x000000000000ea48      0x6b4 build/atmel/can_drv.o
                                        0x8f4 (size before relaxing)
 .stab          0x000000000000f0fc      0x108 /usr/lib/gcc/avr/6.2.0/avr51/libgcc.a(_mulsi3.o)
                                        0x114 (size before relaxing)
 .stab          0x000000000000f204       0xe4 /usr/lib/gcc/avr/6.2.0/avr51/libgcc.a(_udivmodqi4.o)
                                         0xf0 (size before relaxing)
 .stab          0x000000000000f2e8       0xf0 /usr/lib/gcc/avr/6.2.0/avr51/libgcc.a(_divmodqi4.o)
                                         0xfc (size before relaxing)
 .stab          0x000000000000f3d8      0x15c /usr/lib/gcc/avr/6.2.0/avr51/libgcc.a(_udivmodhi4.o)
                                        0x168 (size before relaxing)
 .stab          0x000000000000f534      0x138 /usr/lib/gcc/avr/6.2.0/avr51/libgcc.a(_divmodhi4.o)
                                        0x144 (size before relaxing)
 .stab          0x000000000000f66c      0x228 /usr/lib/gcc/avr/6.2.0/avr51/libgcc.a(_udivmodsi4.o)
                                        0x234 (size before relaxing)
 .stab          0x000000000000f894      0x144 /usr/lib/gcc/avr/6.2.0/avr51/libgcc.a(_divmodsi4.o)
                                        0x150 (size before relaxing)
 .stab          0x000000000000f9d8       0x6c /usr/lib/gcc/avr/6.2.0/avr51/libgcc.a(_negsi2.o)
                                         0x78 (size before relaxing)
 .stab          0x000000000000fa44       0x6c /usr/lib/gcc/avr/6.2.0/avr51/libgcc.a(_exit.o)
                                         0x78 (size before relaxing)
 .stab          0x000000000000fab0       0xc0 /usr/lib/gcc/avr/6.2.0/avr51/libgcc.a(_tablejump2.o)
                                         0xcc (size before relaxing)
 .stab          0x000000000000fb70       0xf0 /usr/lib/gcc/avr/6.2.0/avr51/libgcc.a(_copy_data.o)
                                         0xfc (size before relaxing)
 .stab          0x000000000000fc60       0xb4 /usr/lib/gcc/avr/6.2.0/avr51/libgcc.a(_clear_bss.o)
                                         0xc0 (size before relaxing)
 .stab          0x000000000000fd14       0xcc /usr/lib/gcc/avr/6.2.0/avr51/libgcc.a(_muluhisi3.o)
                                         0xd8 (size before relaxing)
 .stab          0x000000000000fde0      0x108 /usr/lib/gcc/avr/6.2.0/avr51/libgcc.a(_umulhisi3.o)
                                        0x114 (size before relaxing)

.stabstr        0x0000000000000000     0x63ba
 *(.stabstr)
 .stabstr       0x0000000000000000     0x63ba build/main.o

.stab.excl
 *(.stab.excl)

.stab.exclstr
 *(.stab.exclstr)

.stab.index
 *(.stab.index)

.stab.indexstr
 *(.stab.indexstr)

.comment        0x0000000000000000       0x21
 *(.comment)
 .comment       0x0000000000000000       0x21 build/main.o
                                         0x22 (size before relaxing)
 .comment       0x0000000000000021       0x22 build/i2c.o
 .comment       0x0000000000000021       0x22 build/lcd.o
 .comment       0x0000000000000021       0x22 build/task_button.o
 .comment       0x0000000000000021       0x22 build/task_i2c.o
 .comment       0x0000000000000021       0x22 build/task_can.o
 .comment       0x0000000000000021       0x22 build/task_gui.o
 .comment       0x0000000000000021       0x22 build/task_watchdog.o
 .comment       0x0000000000000021       0x22 build/task_charge.o
 .comment       0x0000000000000021       0x22 build/task_safety.o
 .comment       0x0000000000000021       0x22 build/task_config.o
 .comment       0x0000000000000021       0x22 build/task_heartbeat.o
 .comment       0x0000000000000021       0x22 build/tasklist.o
 .comment       0x0000000000000021       0x22 build/atomkernel.o
 .comment       0x0000000000000021       0x22 build/atomsem.o
 .comment       0x0000000000000021       0x22 build/atommutex.o
 .comment       0x0000000000000021       0x22 build/atomtimer.o
 .comment       0x0000000000000021       0x22 build/atomqueue.o
 .comment       0x0000000000000021       0x22 build/atomport.o
 .comment       0x0000000000000021       0x22 build/atmel/TWI_Master.o
 .comment       0x0000000000000021       0x22 build/atmel/can_lib.o
 .comment       0x0000000000000021       0x22 build/atmel/can_drv.o
 .comment       0x0000000000000021       0x22 /usr/lib/gcc/avr/6.2.0/../../../../avr/lib/avr51/libc.a(sprintf.o)
 .comment       0x0000000000000021       0x22 /usr/lib/gcc/avr/6.2.0/../../../../avr/lib/avr51/libc.a(vfprintf_std.o)
 .comment       0x0000000000000021       0x22 /usr/lib/gcc/avr/6.2.0/../../../../avr/lib/avr51/libc.a(fputc.o)

.note.gnu.avr.deviceinfo
                0x0000000000000000       0x40
 .note.gnu.avr.deviceinfo
                0x0000000000000000       0x40 /usr/lib/gcc/avr/6.2.0/../../../../avr/lib/avr51/crtat90can128.o

.avr.prop       0x0000000000000000       0x16
 .avr.prop      0x0000000000000000       0x16 build/atmel/can_lib.o

.note.gnu.build-id
 *(.note.gnu.build-id)

.debug
 *(.debug)

.line
 *(.line)

.debug_srcinfo
 *(.debug_srcinfo)

.debug_sfnames
 *(.debug_sfnames)

.debug_aranges
 *(.debug_aranges)

.debug_pubnames
 *(.debug_pubnames)

.debug_info     0x0000000000000000      0xa2d
 *(.debug_info .gnu.linkonce.wi.*)
 .debug_info    0x0000000000000000      0xa2d /usr/lib/gcc/avr/6.2.0/../../../../avr/lib/avr51/crtat90can128.o

.debug_abbrev   0x0000000000000000      0x9a0
 *(.debug_abbrev)
 .debug_abbrev  0x0000000000000000      0x9a0 /usr/lib/gcc/avr/6.2.0/../../../../avr/lib/avr51/crtat90can128.o

.debug_line     0x0000000000000000       0x1d
 *(.debug_line .debug_line.* .debug_line_end)
 .debug_line    0x0000000000000000       0x1d /usr/lib/gcc/avr/6.2.0/../../../../avr/lib/avr51/crtat90can128.o

.debug_frame
 *(.debug_frame)

.debug_str      0x0000000000000000      0x39f
 *(.debug_str)
 .debug_str     0x0000000000000000      0x39f /usr/lib/gcc/avr/6.2.0/../../../../avr/lib/avr51/crtat90can128.o

.debug_loc
 *(.debug_loc)

.debug_macinfo
 *(.debug_macinfo)

.debug_weaknames
 *(.debug_weaknames)

.debug_funcnames
 *(.debug_funcnames)

.debug_typenames
 *(.debug_typenames)

.debug_varnames
 *(.debug_varnames)

.debug_pubtypes
 *(.debug_pubtypes)

.debug_ranges
 *(.debug_ranges)

.debug_macro
 *(.debug_macro)
OUTPUT(build/pacman.elf elf32-avr)
LOAD linker stubs
